V/AudioPolicyManagerBase( 1947): changeRefCount() stream 1, count 1
W/AudioPolicyManagerBase( 1947): stream type [13], return media strategy
W/AudioPolicyManagerBase( 1947): stream type [14], return media strategy
W/AudioPolicyManagerBase( 1947): stream type [13], return media strategy
W/AudioPolicyManagerBase( 1947): stream type [14], return media strategy
W/AudioPolicyManagerBase( 1947): stream type [13], return media strategy
W/AudioPolicyManagerBase( 1947): stream type [14], return media strategy
W/AudioPolicyManagerBase( 1947): stream type [13], return media strategy
W/AudioPolicyManagerBase( 1947): stream type [14], return media strategy
V/AudioPolicyManagerBase( 1947): getNewDevice() selected device 2
V/AudioPolicyManagerBase( 1947): setOutputDevice() output 2 device 0002 force 0 delayMs 0 
V/AudioPolicyManagerBase( 1947): setOutputDevice() prevDevice 0002
V/AudioPolicyManagerBase( 1947): setOutputDevice() setting same device 0002 or null device for output 2
V/AudioPolicyManagerBase( 1947): releaseOutput() 2
V/LvOutput( 1947): initCheck: 0
V/LvOutput( 1947): detachEffects: detach processing for output 2, stream 1, session 375
V/LvOutput( 1947): detachEffects: no output processing was attached to this stream
V/AudioPolicyManagerBase( 1947): stopOutput() output 2, stream 1, session 375
V/AudioPolicyManagerBase( 1947): changeRefCount() stream 1, count 0
W/AudioPolicyManagerBase( 1947): stream type [13], return media strategy
W/AudioPolicyManagerBase( 1947): stream type [14], return media strategy
W/AudioPolicyManagerBase( 1947): stream type [13], return media strategy
W/AudioPolicyManagerBase( 1947): stream type [14], return media strategy
W/AudioPolicyManagerBase( 1947): stream type [13], return media strategy
W/AudioPolicyManagerBase( 1947): stream type [14], return media strategy
W/AudioPolicyManagerBase( 1947): stream type [13], return media strategy
W/AudioPolicyManagerBase( 1947): stream type [14], return media strategy
W/AudioPolicyManagerBase( 1947): stream type [13], return media strategy
W/AudioPolicyManagerBase( 1947): stream type [14], return media strategy
W/AudioPolicyManagerBase( 1947): stream type [13], return media strategy
W/AudioPolicyManagerBase( 1947): stream type [14], return media strategy
V/AudioPolicyManagerBase( 1947): getNewDevice() selected device 0
V/AudioPolicyManagerBase( 1947): setOutputDevice() output 2 device 0000 force 0 delayMs 184 
V/AudioPolicyManagerBase( 1947): setOutputDevice() prevDevice 0002
W/AudioPolicyManagerBase( 1947): stream type [13], return media strategy
W/AudioPolicyManagerBase( 1947): stream type [14], return media strategy
W/AudioPolicyManagerBase( 1947): stream type [13], return media strategy
W/AudioPolicyManagerBase( 1947): stream type [14], return media strategy
V/AudioPolicyManagerBase( 1947): setOutputDevice() setting same device 0000 or null device for output 2
V/RealCellState( 2731): telephonyManager network type is 8
I/qtaguid ( 3153): Failed write_ctrl(t 102 3458820588913557504 10160) res=-1 errno=1
I/qtaguid ( 3153): Tagging socket 102 with tag 3000330000000000(805319424) for uid 10160 failed errno=-1
I/NetworkManagementSocketTagger( 3153): tagSocketFd(102, 805319424, 10160) failed with errno-1
I/InputReader( 2358): Touch event's action is 0x0 (deviceType=0) [pCnt=1, s=0.465 ] when=900550180000
I/InputDispatcher( 2358): Delivering touch to: action: 0x0
I/InputReader( 2358): Touch event's action is 0x1 (deviceType=0) [pCnt=1, s=] when=900624180000
I/InputDispatcher( 2358): Delivering touch to: action: 0x1
I/qtaguid ( 3153): Failed write_ctrl(u 102) res=-1 errno=22
I/qtaguid ( 3153): Untagging socket 102 failed errno=-22
W/NetworkManagementSocketTagger( 3153): untagSocket(102) failed with errno -22
I/qtaguid ( 3153): Failed write_ctrl(t 103 3458820588913557504 10160) res=-1 errno=1
I/qtaguid ( 3153): Tagging socket 103 with tag 3000330000000000(805319424) for uid 10160 failed errno=-1
I/NetworkManagementSocketTagger( 3153): tagSocketFd(103, 805319424, 10160) failed with errno-1
I/qtaguid ( 3153): Failed write_ctrl(u 103) res=-1 errno=22
I/qtaguid ( 3153): Untagging socket 103 failed errno=-22
W/NetworkManagementSocketTagger( 3153): untagSocket(103) failed with errno -22
I/InputReader( 2358): Touch event's action is 0x0 (deviceType=0) [pCnt=1, s=0.466 ] when=901704247000
I/InputDispatcher( 2358): Delivering touch to: action: 0x0
I/InputReader( 2358): Touch event's action is 0x1 (deviceType=0) [pCnt=1, s=] when=901788202000
I/InputDispatcher( 2358): Delivering touch to: action: 0x1
E/DatabaseUtils( 2358): Writing exception to parcel
E/DatabaseUtils( 2358): java.lang.SecurityException: Permission Denial: get/set setting for user asks to run as user -2 but is calling from user 0; this requires android.permission.INTERACT_ACROSS_USERS_FULL
E/DatabaseUtils( 2358): 	at com.android.server.am.ActivityManagerService.handleIncomingUser(ActivityManagerService.java:13140)
E/DatabaseUtils( 2358): 	at android.app.ActivityManager.handleIncomingUser(ActivityManager.java:2038)
E/DatabaseUtils( 2358): 	at com.android.providers.settings.SettingsProvider.callFromPackage(SettingsProvider.java:607)
E/DatabaseUtils( 2358): 	at android.content.ContentProvider$Transport.call(ContentProvider.java:279)
E/DatabaseUtils( 2358): 	at android.content.ContentProviderNative.onTransact(ContentProviderNative.java:273)
E/DatabaseUtils( 2358): 	at android.os.Binder.execTransact(Binder.java:388)
E/DatabaseUtils( 2358): 	at dalvik.system.NativeStart.run(Native Method)
I/AudioPolicyManagerBase( 1947): getSituationVolume: isBTConnected:0 isHeadConnected:0
V/AudioPolicyManagerBase( 1947): getParamFromPolicy  deviceInt = 0, situationInt = 1, situationVolume = 0.500000
V/AudioPolicyManagerBase( 1947): getOutput() stream 1, samplingRate 0, format 0, channelMask 3, flags 0
V/AudioPolicyManagerBase( 1947): getOutputsForDevice device 0002 -> 0002
V/AudioPolicyManagerBase( 1947): getOutput() returns output 2
V/AudioPolicyManagerBase( 1947): getOutput() stream 1, samplingRate 0, format 0, channelMask 3, flags 0
V/AudioPolicyManagerBase( 1947): getOutputsForDevice device 0002 -> 0002
V/AudioPolicyManagerBase( 1947): getOutput() returns output 2
V/AudioPolicyManagerBase( 1947): getOutput() stream 1, samplingRate 44100, format 1, channelMask 3, flags 4
V/AudioPolicyManagerBase( 1947): getOutputsForDevice device 0002 -> 0002
V/AudioPolicyManagerBase( 1947): getOutput() returns output 2
V/LvOutput( 1947): initCheck: 0
V/LvOutput( 1947): attachEffects: attach processing to output 2, stream 1, session 376, mode 0
V/LvOutput( 1947): attachEffects: no output processing needs to be attached to this stream
V/LvOutput( 1947): LvOutput::setAllProcessorEnabled(false) mOutputs.size(0)
V/AudioPolicyManagerBase( 1947): startOutput() output 2, stream 1, session 376
V/AudioPolicyManagerBase( 1947): changeRefCount() stream 1, count 1
W/AudioPolicyManagerBase( 1947): stream type [13], return media strategy
W/AudioPolicyManagerBase( 1947): stream type [14], return media strategy
W/AudioPolicyManagerBase( 1947): stream type [13], return media strategy
W/AudioPolicyManagerBase( 1947): stream type [14], return media strategy
W/AudioPolicyManagerBase( 1947): stream type [13], return media strategy
W/AudioPolicyManagerBase( 1947): stream type [14], return media strategy
W/AudioPolicyManagerBase( 1947): stream type [13], return media strategy
W/AudioPolicyManagerBase( 1947): stream type [14], return media strategy
V/AudioPolicyManagerBase( 1947): getNewDevice() selected device 2
V/AudioPolicyManagerBase( 1947): setOutputDevice() output 2 device 0002 force 0 delayMs 0 
V/AudioPolicyManagerBase( 1947): setOutputDevice() prevDevice 0002
V/AudioPolicyManagerBase( 1947): setOutputDevice() setting same device 0002 or null device for output 2
V/AudioPolicyManagerBase( 1947): releaseOutput() 2
V/LvOutput( 1947): initCheck: 0
V/LvOutput( 1947): detachEffects: detach processing for output 2, stream 1, session 376
V/LvOutput( 1947): detachEffects: no output processing was attached to this stream
V/AudioPolicyManagerBase( 1947): stopOutput() output 2, stream 1, session 376
V/AudioPolicyManagerBase( 1947): changeRefCount() stream 1, count 0
W/AudioPolicyManagerBase( 1947): stream type [13], return media strategy
W/AudioPolicyManagerBase( 1947): stream type [14], return media strategy
W/AudioPolicyManagerBase( 1947): stream type [13], return media strategy
W/AudioPolicyManagerBase( 1947): stream type [14], return media strategy
W/AudioPolicyManagerBase( 1947): stream type [13], return media strategy
W/AudioPolicyManagerBase( 1947): stream type [14], return media strategy
W/AudioPolicyManagerBase( 1947): stream type [13], return media strategy
W/AudioPolicyManagerBase( 1947): stream type [14], return media strategy
W/AudioPolicyManagerBase( 1947): stream type [13], return media strategy
W/AudioPolicyManagerBase( 1947): stream type [14], return media strategy
W/AudioPolicyManagerBase( 1947): stream type [13], return media strategy
W/AudioPolicyManagerBase( 1947): stream type [14], return media strategy
V/AudioPolicyManagerBase( 1947): getNewDevice() selected device 0
V/AudioPolicyManagerBase( 1947): setOutputDevice() output 2 device 0000 force 0 delayMs 184 
V/AudioPolicyManagerBase( 1947): setOutputDevice() prevDevice 0002
W/AudioPolicyManagerBase( 1947): stream type [13], return media strategy
W/AudioPolicyManagerBase( 1947): stream type [14], return media strategy
W/AudioPolicyManagerBase( 1947): stream type [13], return media strategy
W/AudioPolicyManagerBase( 1947): stream type [14], return media strategy
V/AudioPolicyManagerBase( 1947): setOutputDevice() setting same device 0000 or null device for output 2
D/dalvikvm( 7252): GC_CONCURRENT freed 2041K, 19% free 57322K/70220K, paused 6ms+9ms, total 127ms
I/InputReader( 2358): Touch event's action is 0x0 (deviceType=0) [pCnt=1, s=0.467 ] when=903199717000
I/InputDispatcher( 2358): Delivering touch to: action: 0x0
I/InputReader( 2358): Touch event's action is 0x1 (deviceType=0) [pCnt=1, s=] when=903293967000
I/InputDispatcher( 2358): Delivering touch to: action: 0x1
E/DatabaseUtils( 2358): Writing exception to parcel
E/DatabaseUtils( 2358): java.lang.SecurityException: Permission Denial: get/set setting for user asks to run as user -2 but is calling from user 0; this requires android.permission.INTERACT_ACROSS_USERS_FULL
E/DatabaseUtils( 2358): 	at com.android.server.am.ActivityManagerService.handleIncomingUser(ActivityManagerService.java:13140)
E/DatabaseUtils( 2358): 	at android.app.ActivityManager.handleIncomingUser(ActivityManager.java:2038)
E/DatabaseUtils( 2358): 	at com.android.providers.settings.SettingsProvider.callFromPackage(SettingsProvider.java:607)
E/DatabaseUtils( 2358): 	at android.content.ContentProvider$Transport.call(ContentProvider.java:279)
E/DatabaseUtils( 2358): 	at android.content.ContentProviderNative.onTransact(ContentProviderNative.java:273)
E/DatabaseUtils( 2358): 	at android.os.Binder.execTransact(Binder.java:388)
E/DatabaseUtils( 2358): 	at dalvik.system.NativeStart.run(Native Method)
I/AudioPolicyManagerBase( 1947): getSituationVolume: isBTConnected:0 isHeadConnected:0
V/AudioPolicyManagerBase( 1947): getParamFromPolicy  deviceInt = 0, situationInt = 1, situationVolume = 0.500000
V/AudioPolicyManagerBase( 1947): getOutput() stream 1, samplingRate 0, format 0, channelMask 3, flags 0
V/AudioPolicyManagerBase( 1947): getOutputsForDevice device 0002 -> 0002
V/AudioPolicyManagerBase( 1947): getOutput() returns output 2
V/AudioPolicyManagerBase( 1947): getOutput() stream 1, samplingRate 0, format 0, channelMask 3, flags 0
V/AudioPolicyManagerBase( 1947): getOutputsForDevice device 0002 -> 0002
V/AudioPolicyManagerBase( 1947): getOutput() returns output 2
V/AudioPolicyManagerBase( 1947): getOutput() stream 1, samplingRate 44100, format 1, channelMask 3, flags 4
V/AudioPolicyManagerBase( 1947): getOutputsForDevice device 0002 -> 0002
V/AudioPolicyManagerBase( 1947): getOutput() returns output 2
V/LvOutput( 1947): initCheck: 0
V/LvOutput( 1947): attachEffects: attach processing to output 2, stream 1, session 377, mode 0
V/LvOutput( 1947): attachEffects: no output processing needs to be attached to this stream
V/LvOutput( 1947): LvOutput::setAllProcessorEnabled(false) mOutputs.size(0)
V/AudioPolicyManagerBase( 1947): startOutput() output 2, stream 1, session 377
V/AudioPolicyManagerBase( 1947): changeRefCount() stream 1, count 1
W/AudioPolicyManagerBase( 1947): stream type [13], return media strategy
W/AudioPolicyManagerBase( 1947): stream type [14], return media strategy
W/AudioPolicyManagerBase( 1947): stream type [13], return media strategy
W/AudioPolicyManagerBase( 1947): stream type [14], return media strategy
W/AudioPolicyManagerBase( 1947): stream type [13], return media strategy
W/AudioPolicyManagerBase( 1947): stream type [14], return media strategy
W/AudioPolicyManagerBase( 1947): stream type [13], return media strategy
W/AudioPolicyManagerBase( 1947): stream type [14], return media strategy
V/AudioPolicyManagerBase( 1947): getNewDevice() selected device 2
V/AudioPolicyManagerBase( 1947): setOutputDevice() output 2 device 0002 force 0 delayMs 0 
V/AudioPolicyManagerBase( 1947): setOutputDevice() prevDevice 0002
V/AudioPolicyManagerBase( 1947): setOutputDevice() setting same device 0002 or null device for output 2
V/AudioPolicyManagerBase( 1947): releaseOutput() 2
V/LvOutput( 1947): initCheck: 0
V/LvOutput( 1947): detachEffects: detach processing for output 2, stream 1, session 377
V/LvOutput( 1947): detachEffects: no output processing was attached to this stream
V/AudioPolicyManagerBase( 1947): stopOutput() output 2, stream 1, session 377
V/AudioPolicyManagerBase( 1947): changeRefCount() stream 1, count 0
W/AudioPolicyManagerBase( 1947): stream type [13], return media strategy
W/AudioPolicyManagerBase( 1947): stream type [14], return media strategy
W/AudioPolicyManagerBase( 1947): stream type [13], return media strategy
W/AudioPolicyManagerBase( 1947): stream type [14], return media strategy
W/AudioPolicyManagerBase( 1947): stream type [13], return media strategy
W/AudioPolicyManagerBase( 1947): stream type [14], return media strategy
W/AudioPolicyManagerBase( 1947): stream type [13], return media strategy
W/AudioPolicyManagerBase( 1947): stream type [14], return media strategy
W/AudioPolicyManagerBase( 1947): stream type [13], return media strategy
W/AudioPolicyManagerBase( 1947): stream type [14], return media strategy
W/AudioPolicyManagerBase( 1947): stream type [13], return media strategy
W/AudioPolicyManagerBase( 1947): stream type [14], return media strategy
V/AudioPolicyManagerBase( 1947): getNewDevice() selected device 0
V/AudioPolicyManagerBase( 1947): setOutputDevice() output 2 device 0000 force 0 delayMs 184 
V/AudioPolicyManagerBase( 1947): setOutputDevice() prevDevice 0002
W/AudioPolicyManagerBase( 1947): stream type [13], return media strategy
W/AudioPolicyManagerBase( 1947): stream type [14], return media strategy
W/AudioPolicyManagerBase( 1947): stream type [13], return media strategy
W/AudioPolicyManagerBase( 1947): stream type [14], return media strategy
V/AudioPolicyManagerBase( 1947): setOutputDevice() setting same device 0000 or null device for output 2
I/Choreographer( 7252): Skipped 36 frames!  The application may be doing too much work on its main thread.
I/InputReader( 2358): Touch event's action is 0x0 (deviceType=0) [pCnt=1, s=0.468 ] when=904437879000
I/InputDispatcher( 2358): Delivering touch to: action: 0x0
I/InputReader( 2358): Touch event's action is 0x1 (deviceType=0) [pCnt=1, s=] when=904511804000
I/InputDispatcher( 2358): Delivering touch to: action: 0x1
E/DatabaseUtils( 2358): Writing exception to parcel
E/DatabaseUtils( 2358): java.lang.SecurityException: Permission Denial: get/set setting for user asks to run as user -2 but is calling from user 0; this requires android.permission.INTERACT_ACROSS_USERS_FULL
E/DatabaseUtils( 2358): 	at com.android.server.am.ActivityManagerService.handleIncomingUser(ActivityManagerService.java:13140)
E/DatabaseUtils( 2358): 	at android.app.ActivityManager.handleIncomingUser(ActivityManager.java:2038)
E/DatabaseUtils( 2358): 	at com.android.providers.settings.SettingsProvider.callFromPackage(SettingsProvider.java:607)
E/DatabaseUtils( 2358): 	at android.content.ContentProvider$Transport.call(ContentProvider.java:279)
E/DatabaseUtils( 2358): 	at android.content.ContentProviderNative.onTransact(ContentProviderNative.java:273)
E/DatabaseUtils( 2358): 	at android.os.Binder.execTransact(Binder.java:388)
E/DatabaseUtils( 2358): 	at dalvik.system.NativeStart.run(Native Method)
I/AudioPolicyManagerBase( 1947): getSituationVolume: isBTConnected:0 isHeadConnected:0
V/AudioPolicyManagerBase( 1947): getParamFromPolicy  deviceInt = 0, situationInt = 1, situationVolume = 0.500000
V/AudioPolicyManagerBase( 1947): getOutput() stream 1, samplingRate 0, format 0, channelMask 3, flags 0
V/AudioPolicyManagerBase( 1947): getOutputsForDevice device 0002 -> 0002
V/AudioPolicyManagerBase( 1947): getOutput() returns output 2
V/AudioPolicyManagerBase( 1947): getOutput() stream 1, samplingRate 0, format 0, channelMask 3, flags 0
V/AudioPolicyManagerBase( 1947): getOutputsForDevice device 0002 -> 0002
V/AudioPolicyManagerBase( 1947): getOutput() returns output 2
V/AudioPolicyManagerBase( 1947): getOutput() stream 1, samplingRate 44100, format 1, channelMask 3, flags 4
V/AudioPolicyManagerBase( 1947): getOutputsForDevice device 0002 -> 0002
V/AudioPolicyManagerBase( 1947): getOutput() returns output 2
V/LvOutput( 1947): initCheck: 0
V/LvOutput( 1947): attachEffects: attach processing to output 2, stream 1, session 378, mode 0
V/LvOutput( 1947): attachEffects: no output processing needs to be attached to this stream
V/LvOutput( 1947): LvOutput::setAllProcessorEnabled(false) mOutputs.size(0)
V/AudioPolicyManagerBase( 1947): startOutput() output 2, stream 1, session 378
V/AudioPolicyManagerBase( 1947): changeRefCount() stream 1, count 1
W/AudioPolicyManagerBase( 1947): stream type [13], return media strategy
W/AudioPolicyManagerBase( 1947): stream type [14], return media strategy
W/AudioPolicyManagerBase( 1947): stream type [13], return media strategy
W/AudioPolicyManagerBase( 1947): stream type [14], return media strategy
W/AudioPolicyManagerBase( 1947): stream type [13], return media strategy
W/AudioPolicyManagerBase( 1947): stream type [14], return media strategy
W/AudioPolicyManagerBase( 1947): stream type [13], return media strategy
W/AudioPolicyManagerBase( 1947): stream type [14], return media strategy
V/AudioPolicyManagerBase( 1947): getNewDevice() selected device 2
V/AudioPolicyManagerBase( 1947): setOutputDevice() output 2 device 0002 force 0 delayMs 0 
V/AudioPolicyManagerBase( 1947): setOutputDevice() prevDevice 0002
V/AudioPolicyManagerBase( 1947): setOutputDevice() setting same device 0002 or null device for output 2
V/AudioPolicyManagerBase( 1947): releaseOutput() 2
V/LvOutput( 1947): initCheck: 0
V/LvOutput( 1947): detachEffects: detach processing for output 2, stream 1, session 378
V/LvOutput( 1947): detachEffects: no output processing was attached to this stream
V/AudioPolicyManagerBase( 1947): stopOutput() output 2, stream 1, session 378
V/AudioPolicyManagerBase( 1947): changeRefCount() stream 1, count 0
W/AudioPolicyManagerBase( 1947): stream type [13], return media strategy
W/AudioPolicyManagerBase( 1947): stream type [14], return media strategy
W/AudioPolicyManagerBase( 1947): stream type [13], return media strategy
W/AudioPolicyManagerBase( 1947): stream type [14], return media strategy
W/AudioPolicyManagerBase( 1947): stream type [13], return media strategy
W/AudioPolicyManagerBase( 1947): stream type [14], return media strategy
W/AudioPolicyManagerBase( 1947): stream type [13], return media strategy
W/AudioPolicyManagerBase( 1947): stream type [14], return media strategy
W/AudioPolicyManagerBase( 1947): stream type [13], return media strategy
W/AudioPolicyManagerBase( 1947): stream type [14], return media strategy
W/AudioPolicyManagerBase( 1947): stream type [13], return media strategy
W/AudioPolicyManagerBase( 1947): stream type [14], return media strategy
V/AudioPolicyManagerBase( 1947): getNewDevice() selected device 0
V/AudioPolicyManagerBase( 1947): setOutputDevice() output 2 device 0000 force 0 delayMs 184 
V/AudioPolicyManagerBase( 1947): setOutputDevice() prevDevice 0002
W/AudioPolicyManagerBase( 1947): stream type [13], return media strategy
W/AudioPolicyManagerBase( 1947): stream type [14], return media strategy
W/AudioPolicyManagerBase( 1947): stream type [13], return media strategy
W/AudioPolicyManagerBase( 1947): stream type [14], return media strategy
V/AudioPolicyManagerBase( 1947): setOutputDevice() setting same device 0000 or null device for output 2
I/InputReader( 2358): Touch event's action is 0x0 (deviceType=0) [pCnt=1, s=0.469 ] when=905356726000
I/InputDispatcher( 2358): Delivering touch to: action: 0x0
I/InputReader( 2358): Touch event's action is 0x1 (deviceType=0) [pCnt=1, s=] when=905365431000
I/InputDispatcher( 2358): Delivering touch to: action: 0x1
E/DatabaseUtils( 2358): Writing exception to parcel
E/DatabaseUtils( 2358): java.lang.SecurityException: Permission Denial: get/set setting for user asks to run as user -2 but is calling from user 0; this requires android.permission.INTERACT_ACROSS_USERS_FULL
E/DatabaseUtils( 2358): 	at com.android.server.am.ActivityManagerService.handleIncomingUser(ActivityManagerService.java:13140)
E/DatabaseUtils( 2358): 	at android.app.ActivityManager.handleIncomingUser(ActivityManager.java:2038)
E/DatabaseUtils( 2358): 	at com.android.providers.settings.SettingsProvider.callFromPackage(SettingsProvider.java:607)
E/DatabaseUtils( 2358): 	at android.content.ContentProvider$Transport.call(ContentProvider.java:279)
E/DatabaseUtils( 2358): 	at android.content.ContentProviderNative.onTransact(ContentProviderNative.java:273)
E/DatabaseUtils( 2358): 	at android.os.Binder.execTransact(Binder.java:388)
E/DatabaseUtils( 2358): 	at dalvik.system.NativeStart.run(Native Method)
I/AudioPolicyManagerBase( 1947): getSituationVolume: isBTConnected:0 isHeadConnected:0
V/AudioPolicyManagerBase( 1947): getParamFromPolicy  deviceInt = 0, situationInt = 1, situationVolume = 0.500000
V/AudioPolicyManagerBase( 1947): getOutput() stream 1, samplingRate 0, format 0, channelMask 3, flags 0
V/AudioPolicyManagerBase( 1947): getOutputsForDevice device 0002 -> 0002
V/AudioPolicyManagerBase( 1947): getOutput() returns output 2
V/AudioPolicyManagerBase( 1947): getOutput() stream 1, samplingRate 0, format 0, channelMask 3, flags 0
V/AudioPolicyManagerBase( 1947): getOutputsForDevice device 0002 -> 0002
V/AudioPolicyManagerBase( 1947): getOutput() returns output 2
V/AudioPolicyManagerBase( 1947): getOutput() stream 1, samplingRate 44100, format 1, channelMask 3, flags 4
V/AudioPolicyManagerBase( 1947): getOutputsForDevice device 0002 -> 0002
V/AudioPolicyManagerBase( 1947): getOutput() returns output 2
V/LvOutput( 1947): initCheck: 0
V/LvOutput( 1947): attachEffects: attach processing to output 2, stream 1, session 379, mode 0
V/LvOutput( 1947): attachEffects: no output processing needs to be attached to this stream
V/LvOutput( 1947): LvOutput::setAllProcessorEnabled(false) mOutputs.size(0)
V/AudioPolicyManagerBase( 1947): startOutput() output 2, stream 1, session 379
V/AudioPolicyManagerBase( 1947): changeRefCount() stream 1, count 1
W/AudioPolicyManagerBase( 1947): stream type [13], return media strategy
W/AudioPolicyManagerBase( 1947): stream type [14], return media strategy
W/AudioPolicyManagerBase( 1947): stream type [13], return media strategy
W/AudioPolicyManagerBase( 1947): stream type [14], return media strategy
W/AudioPolicyManagerBase( 1947): stream type [13], return media strategy
W/AudioPolicyManagerBase( 1947): stream type [14], return media strategy
W/AudioPolicyManagerBase( 1947): stream type [13], return media strategy
W/AudioPolicyManagerBase( 1947): stream type [14], return media strategy
V/AudioPolicyManagerBase( 1947): getNewDevice() selected device 2
V/AudioPolicyManagerBase( 1947): setOutputDevice() output 2 device 0002 force 0 delayMs 0 
V/AudioPolicyManagerBase( 1947): setOutputDevice() prevDevice 0002
V/AudioPolicyManagerBase( 1947): setOutputDevice() setting same device 0002 or null device for output 2
V/AudioPolicyManagerBase( 1947): releaseOutput() 2
V/LvOutput( 1947): initCheck: 0
V/LvOutput( 1947): detachEffects: detach processing for output 2, stream 1, session 379
V/LvOutput( 1947): detachEffects: no output processing was attached to this stream
V/AudioPolicyManagerBase( 1947): stopOutput() output 2, stream 1, session 379
V/AudioPolicyManagerBase( 1947): changeRefCount() stream 1, count 0
W/AudioPolicyManagerBase( 1947): stream type [13], return media strategy
W/AudioPolicyManagerBase( 1947): stream type [14], return media strategy
W/AudioPolicyManagerBase( 1947): stream type [13], return media strategy
W/AudioPolicyManagerBase( 1947): stream type [14], return media strategy
W/AudioPolicyManagerBase( 1947): stream type [13], return media strategy
W/AudioPolicyManagerBase( 1947): stream type [14], return media strategy
W/AudioPolicyManagerBase( 1947): stream type [13], return media strategy
W/AudioPolicyManagerBase( 1947): stream type [14], return media strategy
W/AudioPolicyManagerBase( 1947): stream type [13], return media strategy
W/AudioPolicyManagerBase( 1947): stream type [14], return media strategy
W/AudioPolicyManagerBase( 1947): stream type [13], return media strategy
W/AudioPolicyManagerBase( 1947): stream type [14], return media strategy
V/AudioPolicyManagerBase( 1947): getNewDevice() selected device 0
V/AudioPolicyManagerBase( 1947): setOutputDevice() output 2 device 0000 force 0 delayMs 184 
V/AudioPolicyManagerBase( 1947): setOutputDevice() prevDevice 0002
W/AudioPolicyManagerBase( 1947): stream type [13], return media strategy
W/AudioPolicyManagerBase( 1947): stream type [14], return media strategy
W/AudioPolicyManagerBase( 1947): stream type [13], return media strategy
W/AudioPolicyManagerBase( 1947): stream type [14], return media strategy
V/AudioPolicyManagerBase( 1947): setOutputDevice() setting same device 0000 or null device for output 2
I/InputReader( 2358): Touch event's action is 0x0 (deviceType=0) [pCnt=1, s=0.470 ] when=906626829000
I/InputDispatcher( 2358): Delivering touch to: action: 0x0
I/InputReader( 2358): Touch event's action is 0x1 (deviceType=0) [pCnt=1, s=] when=906711449000
I/InputDispatcher( 2358): Delivering touch to: action: 0x1
E/DatabaseUtils( 2358): Writing exception to parcel
E/DatabaseUtils( 2358): java.lang.SecurityException: Permission Denial: get/set setting for user asks to run as user -2 but is calling from user 0; this requires android.permission.INTERACT_ACROSS_USERS_FULL
E/DatabaseUtils( 2358): 	at com.android.server.am.ActivityManagerService.handleIncomingUser(ActivityManagerService.java:13140)
E/DatabaseUtils( 2358): 	at android.app.ActivityManager.handleIncomingUser(ActivityManager.java:2038)
E/DatabaseUtils( 2358): 	at com.android.providers.settings.SettingsProvider.callFromPackage(SettingsProvider.java:607)
E/DatabaseUtils( 2358): 	at android.content.ContentProvider$Transport.call(ContentProvider.java:279)
E/DatabaseUtils( 2358): 	at android.content.ContentProviderNative.onTransact(ContentProviderNative.java:273)
E/DatabaseUtils( 2358): 	at android.os.Binder.execTransact(Binder.java:388)
E/DatabaseUtils( 2358): 	at dalvik.system.NativeStart.run(Native Method)
I/AudioPolicyManagerBase( 1947): getSituationVolume: isBTConnected:0 isHeadConnected:0
V/AudioPolicyManagerBase( 1947): getParamFromPolicy  deviceInt = 0, situationInt = 1, situationVolume = 0.500000
V/AudioPolicyManagerBase( 1947): getOutput() stream 1, samplingRate 0, format 0, channelMask 3, flags 0
V/AudioPolicyManagerBase( 1947): getOutputsForDevice device 0002 -> 0002
V/AudioPolicyManagerBase( 1947): getOutput() returns output 2
V/AudioPolicyManagerBase( 1947): getOutput() stream 1, samplingRate 0, format 0, channelMask 3, flags 0
V/AudioPolicyManagerBase( 1947): getOutputsForDevice device 0002 -> 0002
V/AudioPolicyManagerBase( 1947): getOutput() returns output 2
V/AudioPolicyManagerBase( 1947): getOutput() stream 1, samplingRate 44100, format 1, channelMask 3, flags 4
V/AudioPolicyManagerBase( 1947): getOutputsForDevice device 0002 -> 0002
V/AudioPolicyManagerBase( 1947): getOutput() returns output 2
V/LvOutput( 1947): initCheck: 0
V/LvOutput( 1947): attachEffects: attach processing to output 2, stream 1, session 380, mode 0
V/LvOutput( 1947): attachEffects: no output processing needs to be attached to this stream
V/LvOutput( 1947): LvOutput::setAllProcessorEnabled(false) mOutputs.size(0)
V/AudioPolicyManagerBase( 1947): startOutput() output 2, stream 1, session 380
V/AudioPolicyManagerBase( 1947): changeRefCount() stream 1, count 1
W/AudioPolicyManagerBase( 1947): stream type [13], return media strategy
W/AudioPolicyManagerBase( 1947): stream type [14], return media strategy
W/AudioPolicyManagerBase( 1947): stream type [13], return media strategy
W/AudioPolicyManagerBase( 1947): stream type [14], return media strategy
W/AudioPolicyManagerBase( 1947): stream type [13], return media strategy
W/AudioPolicyManagerBase( 1947): stream type [14], return media strategy
W/AudioPolicyManagerBase( 1947): stream type [13], return media strategy
W/AudioPolicyManagerBase( 1947): stream type [14], return media strategy
V/AudioPolicyManagerBase( 1947): getNewDevice() selected device 2
V/AudioPolicyManagerBase( 1947): setOutputDevice() output 2 device 0002 force 0 delayMs 0 
V/AudioPolicyManagerBase( 1947): setOutputDevice() prevDevice 0002
V/AudioPolicyManagerBase( 1947): setOutputDevice() setting same device 0002 or null device for output 2
V/AudioPolicyManagerBase( 1947): releaseOutput() 2
V/LvOutput( 1947): initCheck: 0
V/LvOutput( 1947): detachEffects: detach processing for output 2, stream 1, session 380
V/LvOutput( 1947): detachEffects: no output processing was attached to this stream
V/AudioPolicyManagerBase( 1947): stopOutput() output 2, stream 1, session 380
V/AudioPolicyManagerBase( 1947): changeRefCount() stream 1, count 0
W/AudioPolicyManagerBase( 1947): stream type [13], return media strategy
W/AudioPolicyManagerBase( 1947): stream type [14], return media strategy
W/AudioPolicyManagerBase( 1947): stream type [13], return media strategy
W/AudioPolicyManagerBase( 1947): stream type [14], return media strategy
W/AudioPolicyManagerBase( 1947): stream type [13], return media strategy
W/AudioPolicyManagerBase( 1947): stream type [14], return media strategy
W/AudioPolicyManagerBase( 1947): stream type [13], return media strategy
W/AudioPolicyManagerBase( 1947): stream type [14], return media strategy
W/AudioPolicyManagerBase( 1947): stream type [13], return media strategy
W/AudioPolicyManagerBase( 1947): stream type [14], return media strategy
W/AudioPolicyManagerBase( 1947): stream type [13], return media strategy
W/AudioPolicyManagerBase( 1947): stream type [14], return media strategy
V/AudioPolicyManagerBase( 1947): getNewDevice() selected device 0
V/AudioPolicyManagerBase( 1947): setOutputDevice() output 2 device 0000 force 0 delayMs 184 
V/AudioPolicyManagerBase( 1947): setOutputDevice() prevDevice 0002
W/AudioPolicyManagerBase( 1947): stream type [13], return media strategy
W/AudioPolicyManagerBase( 1947): stream type [14], return media strategy
W/AudioPolicyManagerBase( 1947): stream type [13], return media strategy
W/AudioPolicyManagerBase( 1947): stream type [14], return media strategy
V/AudioPolicyManagerBase( 1947): setOutputDevice() setting same device 0000 or null device for output 2
D/Appboy v1.10.0 .com.appboy.services.AppboyDataSyncService( 7252): AppboyDataSyncService requesting Appboy DataSync.
I/Appboy v1.10.0 .bo.app.x( 7252): Adding request to dispatcher with parameters: {"only_respond_with":[]}
I/Appboy v1.10.0 .bo.app.do( 7252): Short circuiting execution of network request and immediately marking it as succeeded.
I/InputReader( 2358): Touch event's action is 0x0 (deviceType=0) [pCnt=1, s=0.471 ] when=907929883000
I/InputDispatcher( 2358): Delivering touch to: action: 0x0
I/InputReader( 2358): Touch event's action is 0x1 (deviceType=0) [pCnt=1, s=] when=908014225000
I/InputDispatcher( 2358): Delivering touch to: action: 0x1
E/DatabaseUtils( 2358): Writing exception to parcel
E/DatabaseUtils( 2358): java.lang.SecurityException: Permission Denial: get/set setting for user asks to run as user -2 but is calling from user 0; this requires android.permission.INTERACT_ACROSS_USERS_FULL
E/DatabaseUtils( 2358): 	at com.android.server.am.ActivityManagerService.handleIncomingUser(ActivityManagerService.java:13140)
E/DatabaseUtils( 2358): 	at android.app.ActivityManager.handleIncomingUser(ActivityManager.java:2038)
E/DatabaseUtils( 2358): 	at com.android.providers.settings.SettingsProvider.callFromPackage(SettingsProvider.java:607)
E/DatabaseUtils( 2358): 	at android.content.ContentProvider$Transport.call(ContentProvider.java:279)
E/DatabaseUtils( 2358): 	at android.content.ContentProviderNative.onTransact(ContentProviderNative.java:273)
E/DatabaseUtils( 2358): 	at android.os.Binder.execTransact(Binder.java:388)
E/DatabaseUtils( 2358): 	at dalvik.system.NativeStart.run(Native Method)
I/AudioPolicyManagerBase( 1947): getSituationVolume: isBTConnected:0 isHeadConnected:0
V/AudioPolicyManagerBase( 1947): getParamFromPolicy  deviceInt = 0, situationInt = 1, situationVolume = 0.500000
V/AudioPolicyManagerBase( 1947): getOutput() stream 1, samplingRate 0, format 0, channelMask 3, flags 0
V/AudioPolicyManagerBase( 1947): getOutputsForDevice device 0002 -> 0002
V/AudioPolicyManagerBase( 1947): getOutput() returns output 2
V/AudioPolicyManagerBase( 1947): getOutput() stream 1, samplingRate 0, format 0, channelMask 3, flags 0
V/AudioPolicyManagerBase( 1947): getOutputsForDevice device 0002 -> 0002
V/AudioPolicyManagerBase( 1947): getOutput() returns output 2
V/AudioPolicyManagerBase( 1947): getOutput() stream 1, samplingRate 44100, format 1, channelMask 3, flags 4
V/AudioPolicyManagerBase( 1947): getOutputsForDevice device 0002 -> 0002
V/AudioPolicyManagerBase( 1947): getOutput() returns output 2
V/LvOutput( 1947): initCheck: 0
V/LvOutput( 1947): attachEffects: attach processing to output 2, stream 1, session 381, mode 0
V/LvOutput( 1947): attachEffects: no output processing needs to be attached to this stream
V/LvOutput( 1947): LvOutput::setAllProcessorEnabled(false) mOutputs.size(0)
V/AudioPolicyManagerBase( 1947): startOutput() output 2, stream 1, session 381
V/AudioPolicyManagerBase( 1947): changeRefCount() stream 1, count 1
W/AudioPolicyManagerBase( 1947): stream type [13], return media strategy
W/AudioPolicyManagerBase( 1947): stream type [14], return media strategy
W/AudioPolicyManagerBase( 1947): stream type [13], return media strategy
W/AudioPolicyManagerBase( 1947): stream type [14], return media strategy
W/AudioPolicyManagerBase( 1947): stream type [13], return media strategy
W/AudioPolicyManagerBase( 1947): stream type [14], return media strategy
W/AudioPolicyManagerBase( 1947): stream type [13], return media strategy
W/AudioPolicyManagerBase( 1947): stream type [14], return media strategy
V/AudioPolicyManagerBase( 1947): getNewDevice() selected device 2
V/AudioPolicyManagerBase( 1947): setOutputDevice() output 2 device 0002 force 0 delayMs 0 
V/AudioPolicyManagerBase( 1947): setOutputDevice() prevDevice 0002
V/AudioPolicyManagerBase( 1947): setOutputDevice() setting same device 0002 or null device for output 2
V/AudioPolicyManagerBase( 1947): releaseOutput() 2
V/LvOutput( 1947): initCheck: 0
V/LvOutput( 1947): detachEffects: detach processing for output 2, stream 1, session 381
V/LvOutput( 1947): detachEffects: no output processing was attached to this stream
V/AudioPolicyManagerBase( 1947): stopOutput() output 2, stream 1, session 381
V/AudioPolicyManagerBase( 1947): changeRefCount() stream 1, count 0
W/AudioPolicyManagerBase( 1947): stream type [13], return media strategy
W/AudioPolicyManagerBase( 1947): stream type [14], return media strategy
W/AudioPolicyManagerBase( 1947): stream type [13], return media strategy
W/AudioPolicyManagerBase( 1947): stream type [14], return media strategy
W/AudioPolicyManagerBase( 1947): stream type [13], return media strategy
W/AudioPolicyManagerBase( 1947): stream type [14], return media strategy
W/AudioPolicyManagerBase( 1947): stream type [13], return media strategy
W/AudioPolicyManagerBase( 1947): stream type [14], return media strategy
W/AudioPolicyManagerBase( 1947): stream type [13], return media strategy
W/AudioPolicyManagerBase( 1947): stream type [14], return media strategy
W/AudioPolicyManagerBase( 1947): stream type [13], return media strategy
W/AudioPolicyManagerBase( 1947): stream type [14], return media strategy
V/AudioPolicyManagerBase( 1947): getNewDevice() selected device 0
V/AudioPolicyManagerBase( 1947): setOutputDevice() output 2 device 0000 force 0 delayMs 184 
V/AudioPolicyManagerBase( 1947): setOutputDevice() prevDevice 0002
W/AudioPolicyManagerBase( 1947): stream type [13], return media strategy
W/AudioPolicyManagerBase( 1947): stream type [14], return media strategy
W/AudioPolicyManagerBase( 1947): stream type [13], return media strategy
W/AudioPolicyManagerBase( 1947): stream type [14], return media strategy
V/AudioPolicyManagerBase( 1947): setOutputDevice() setting same device 0000 or null device for output 2
D/dalvikvm( 7252): GC_CONCURRENT freed 1934K, 19% free 57435K/70220K, paused 14ms+15ms, total 137ms
D/dalvikvm( 7252): WAIT_FOR_CONCURRENT_GC blocked 111ms
D/dalvikvm( 7252): WAIT_FOR_CONCURRENT_GC blocked 108ms
D/dalvikvm( 7252): WAIT_FOR_CONCURRENT_GC blocked 111ms
D/dalvikvm( 7252): WAIT_FOR_CONCURRENT_GC blocked 69ms
D/dalvikvm( 4422): GC_FOR_ALLOC freed 347K, 23% free 9978K/12828K, paused 60ms, total 61ms
I/InputReader( 2358): Touch event's action is 0x0 (deviceType=0) [pCnt=1, s=0.472 ] when=909061480000
I/InputDispatcher( 2358): Delivering touch to: action: 0x0
I/InputReader( 2358): Touch event's action is 0x1 (deviceType=0) [pCnt=1, s=] when=909177990000
I/InputDispatcher( 2358): Delivering touch to: action: 0x1
E/DatabaseUtils( 2358): Writing exception to parcel
E/DatabaseUtils( 2358): java.lang.SecurityException: Permission Denial: get/set setting for user asks to run as user -2 but is calling from user 0; this requires android.permission.INTERACT_ACROSS_USERS_FULL
E/DatabaseUtils( 2358): 	at com.android.server.am.ActivityManagerService.handleIncomingUser(ActivityManagerService.java:13140)
E/DatabaseUtils( 2358): 	at android.app.ActivityManager.handleIncomingUser(ActivityManager.java:2038)
E/DatabaseUtils( 2358): 	at com.android.providers.settings.SettingsProvider.callFromPackage(SettingsProvider.java:607)
E/DatabaseUtils( 2358): 	at android.content.ContentProvider$Transport.call(ContentProvider.java:279)
E/DatabaseUtils( 2358): 	at android.content.ContentProviderNative.onTransact(ContentProviderNative.java:273)
E/DatabaseUtils( 2358): 	at android.os.Binder.execTransact(Binder.java:388)
E/DatabaseUtils( 2358): 	at dalvik.system.NativeStart.run(Native Method)
I/AudioPolicyManagerBase( 1947): getSituationVolume: isBTConnected:0 isHeadConnected:0
V/AudioPolicyManagerBase( 1947): getParamFromPolicy  deviceInt = 0, situationInt = 1, situationVolume = 0.500000
V/AudioPolicyManagerBase( 1947): getOutput() stream 1, samplingRate 0, format 0, channelMask 3, flags 0
V/AudioPolicyManagerBase( 1947): getOutputsForDevice device 0002 -> 0002
V/AudioPolicyManagerBase( 1947): getOutput() returns output 2
V/AudioPolicyManagerBase( 1947): getOutput() stream 1, samplingRate 0, format 0, channelMask 3, flags 0
V/AudioPolicyManagerBase( 1947): getOutputsForDevice device 0002 -> 0002
V/AudioPolicyManagerBase( 1947): getOutput() returns output 2
V/AudioPolicyManagerBase( 1947): getOutput() stream 1, samplingRate 44100, format 1, channelMask 3, flags 4
V/AudioPolicyManagerBase( 1947): getOutputsForDevice device 0002 -> 0002
V/AudioPolicyManagerBase( 1947): getOutput() returns output 2
V/LvOutput( 1947): initCheck: 0
V/LvOutput( 1947): attachEffects: attach processing to output 2, stream 1, session 382, mode 0
V/LvOutput( 1947): attachEffects: no output processing needs to be attached to this stream
V/LvOutput( 1947): LvOutput::setAllProcessorEnabled(false) mOutputs.size(0)
V/AudioPolicyManagerBase( 1947): startOutput() output 2, stream 1, session 382
V/AudioPolicyManagerBase( 1947): changeRefCount() stream 1, count 1
W/AudioPolicyManagerBase( 1947): stream type [13], return media strategy
W/AudioPolicyManagerBase( 1947): stream type [14], return media strategy
W/AudioPolicyManagerBase( 1947): stream type [13], return media strategy
W/AudioPolicyManagerBase( 1947): stream type [14], return media strategy
W/AudioPolicyManagerBase( 1947): stream type [13], return media strategy
W/AudioPolicyManagerBase( 1947): stream type [14], return media strategy
W/AudioPolicyManagerBase( 1947): stream type [13], return media strategy
W/AudioPolicyManagerBase( 1947): stream type [14], return media strategy
V/AudioPolicyManagerBase( 1947): getNewDevice() selected device 2
V/AudioPolicyManagerBase( 1947): setOutputDevice() output 2 device 0002 force 0 delayMs 0 
V/AudioPolicyManagerBase( 1947): setOutputDevice() prevDevice 0002
V/AudioPolicyManagerBase( 1947): setOutputDevice() setting same device 0002 or null device for output 2
V/AudioPolicyManagerBase( 1947): releaseOutput() 2
V/LvOutput( 1947): initCheck: 0
V/LvOutput( 1947): detachEffects: detach processing for output 2, stream 1, session 382
V/LvOutput( 1947): detachEffects: no output processing was attached to this stream
V/AudioPolicyManagerBase( 1947): stopOutput() output 2, stream 1, session 382
V/AudioPolicyManagerBase( 1947): changeRefCount() stream 1, count 0
W/AudioPolicyManagerBase( 1947): stream type [13], return media strategy
W/AudioPolicyManagerBase( 1947): stream type [14], return media strategy
W/AudioPolicyManagerBase( 1947): stream type [13], return media strategy
W/AudioPolicyManagerBase( 1947): stream type [14], return media strategy
W/AudioPolicyManagerBase( 1947): stream type [13], return media strategy
W/AudioPolicyManagerBase( 1947): stream type [14], return media strategy
W/AudioPolicyManagerBase( 1947): stream type [13], return media strategy
W/AudioPolicyManagerBase( 1947): stream type [14], return media strategy
W/AudioPolicyManagerBase( 1947): stream type [13], return media strategy
W/AudioPolicyManagerBase( 1947): stream type [14], return media strategy
W/AudioPolicyManagerBase( 1947): stream type [13], return media strategy
W/AudioPolicyManagerBase( 1947): stream type [14], return media strategy
V/AudioPolicyManagerBase( 1947): getNewDevice() selected device 0
V/AudioPolicyManagerBase( 1947): setOutputDevice() output 2 device 0000 force 0 delayMs 184 
V/AudioPolicyManagerBase( 1947): setOutputDevice() prevDevice 0002
W/AudioPolicyManagerBase( 1947): stream type [13], return media strategy
W/AudioPolicyManagerBase( 1947): stream type [14], return media strategy
W/AudioPolicyManagerBase( 1947): stream type [13], return media strategy
W/AudioPolicyManagerBase( 1947): stream type [14], return media strategy
V/AudioPolicyManagerBase( 1947): setOutputDevice() setting same device 0000 or null device for output 2
I/InputReader( 2358): Touch event's action is 0x0 (deviceType=0) [pCnt=1, s=0.473 ] when=910878137000
I/InputDispatcher( 2358): Delivering touch to: action: 0x0
I/InputReader( 2358): Touch event's action is 0x1 (deviceType=0) [pCnt=1, s=] when=910951226000
I/InputDispatcher( 2358): Delivering touch to: action: 0x1
E/DatabaseUtils( 2358): Writing exception to parcel
E/DatabaseUtils( 2358): java.lang.SecurityException: Permission Denial: get/set setting for user asks to run as user -2 but is calling from user 0; this requires android.permission.INTERACT_ACROSS_USERS_FULL
E/DatabaseUtils( 2358): 	at com.android.server.am.ActivityManagerService.handleIncomingUser(ActivityManagerService.java:13140)
E/DatabaseUtils( 2358): 	at android.app.ActivityManager.handleIncomingUser(ActivityManager.java:2038)
E/DatabaseUtils( 2358): 	at com.android.providers.settings.SettingsProvider.callFromPackage(SettingsProvider.java:607)
E/DatabaseUtils( 2358): 	at android.content.ContentProvider$Transport.call(ContentProvider.java:279)
E/DatabaseUtils( 2358): 	at android.content.ContentProviderNative.onTransact(ContentProviderNative.java:273)
E/DatabaseUtils( 2358): 	at android.os.Binder.execTransact(Binder.java:388)
E/DatabaseUtils( 2358): 	at dalvik.system.NativeStart.run(Native Method)
I/AudioPolicyManagerBase( 1947): getSituationVolume: isBTConnected:0 isHeadConnected:0
V/AudioPolicyManagerBase( 1947): getParamFromPolicy  deviceInt = 0, situationInt = 1, situationVolume = 0.500000
V/AudioPolicyManagerBase( 1947): getOutput() stream 1, samplingRate 0, format 0, channelMask 3, flags 0
V/AudioPolicyManagerBase( 1947): getOutputsForDevice device 0002 -> 0002
V/AudioPolicyManagerBase( 1947): getOutput() returns output 2
V/AudioPolicyManagerBase( 1947): getOutput() stream 1, samplingRate 0, format 0, channelMask 3, flags 0
V/AudioPolicyManagerBase( 1947): getOutputsForDevice device 0002 -> 0002
V/AudioPolicyManagerBase( 1947): getOutput() returns output 2
V/AudioPolicyManagerBase( 1947): getOutput() stream 1, samplingRate 44100, format 1, channelMask 3, flags 4
V/AudioPolicyManagerBase( 1947): getOutputsForDevice device 0002 -> 0002
V/AudioPolicyManagerBase( 1947): getOutput() returns output 2
V/LvOutput( 1947): initCheck: 0
V/LvOutput( 1947): attachEffects: attach processing to output 2, stream 1, session 383, mode 0
V/LvOutput( 1947): attachEffects: no output processing needs to be attached to this stream
V/LvOutput( 1947): LvOutput::setAllProcessorEnabled(false) mOutputs.size(0)
V/AudioPolicyManagerBase( 1947): startOutput() output 2, stream 1, session 383
V/AudioPolicyManagerBase( 1947): changeRefCount() stream 1, count 1
W/AudioPolicyManagerBase( 1947): stream type [13], return media strategy
W/AudioPolicyManagerBase( 1947): stream type [14], return media strategy
W/AudioPolicyManagerBase( 1947): stream type [13], return media strategy
W/AudioPolicyManagerBase( 1947): stream type [14], return media strategy
W/AudioPolicyManagerBase( 1947): stream type [13], return media strategy
W/AudioPolicyManagerBase( 1947): stream type [14], return media strategy
W/AudioPolicyManagerBase( 1947): stream type [13], return media strategy
W/AudioPolicyManagerBase( 1947): stream type [14], return media strategy
V/AudioPolicyManagerBase( 1947): getNewDevice() selected device 2
V/AudioPolicyManagerBase( 1947): setOutputDevice() output 2 device 0002 force 0 delayMs 0 
V/AudioPolicyManagerBase( 1947): setOutputDevice() prevDevice 0002
V/AudioPolicyManagerBase( 1947): setOutputDevice() setting same device 0002 or null device for output 2
V/AudioPolicyManagerBase( 1947): releaseOutput() 2
D/accuweather( 3980): [MSC_Accu_Daemon]>>> WCS:88 [0:0] checkDay:true, UtilgetIsDay():true
D/widget  ( 2809): [MSC_HERO_Accu_JB]>>> WC:2359 [0:0] cDayONight() ::: sunrise is null 
D/widget  ( 2809): [MSC_HERO_Accu_JB]>>> WC:2381 [0:0] cDayONight() ::: sunset is null 
D/widget  ( 2809): [MSC_HERO_Accu_JB]>>> SM:1292 [0:0] bTCC WCV = 100
D/widget  ( 2809): [MSC_HERO_Accu_JB]>>> WC:1751 [0:0] drw 1nd Tm dt
V/LvOutput( 1947): initCheck: 0
V/LvOutput( 1947): detachEffects: detach processing for output 2, stream 1, session 383
V/LvOutput( 1947): detachEffects: no output processing was attached to this stream
V/AudioPolicyManagerBase( 1947): stopOutput() output 2, stream 1, session 383
V/AudioPolicyManagerBase( 1947): changeRefCount() stream 1, count 0
W/AudioPolicyManagerBase( 1947): stream type [13], return media strategy
W/AudioPolicyManagerBase( 1947): stream type [14], return media strategy
W/AudioPolicyManagerBase( 1947): stream type [13], return media strategy
W/AudioPolicyManagerBase( 1947): stream type [14], return media strategy
W/AudioPolicyManagerBase( 1947): stream type [13], return media strategy
W/AudioPolicyManagerBase( 1947): stream type [14], return media strategy
W/AudioPolicyManagerBase( 1947): stream type [13], return media strategy
W/AudioPolicyManagerBase( 1947): stream type [14], return media strategy
W/AudioPolicyManagerBase( 1947): stream type [13], return media strategy
W/AudioPolicyManagerBase( 1947): stream type [14], return media strategy
W/AudioPolicyManagerBase( 1947): stream type [13], return media strategy
W/AudioPolicyManagerBase( 1947): stream type [14], return media strategy
V/AudioPolicyManagerBase( 1947): getNewDevice() selected device 0
V/AudioPolicyManagerBase( 1947): setOutputDevice() output 2 device 0000 force 0 delayMs 184 
V/AudioPolicyManagerBase( 1947): setOutputDevice() prevDevice 0002
W/AudioPolicyManagerBase( 1947): stream type [13], return media strategy
W/AudioPolicyManagerBase( 1947): stream type [14], return media strategy
W/AudioPolicyManagerBase( 1947): stream type [13], return media strategy
W/AudioPolicyManagerBase( 1947): stream type [14], return media strategy
V/AudioPolicyManagerBase( 1947): setOutputDevice() setting same device 0000 or null device for output 2
D/dalvikvm( 7252): GC_CONCURRENT freed 1153K, 18% free 58254K/70220K, paused 10ms+12ms, total 177ms
I/InputReader( 2358): Touch event's action is 0x0 (deviceType=0) [pCnt=1, s=0.474 ] when=912213223000
I/InputDispatcher( 2358): Delivering touch to: action: 0x0
I/InputReader( 2358): Touch event's action is 0x1 (deviceType=0) [pCnt=1, s=] when=912287031000
I/InputDispatcher( 2358): Delivering touch to: action: 0x1
E/DatabaseUtils( 2358): Writing exception to parcel
E/DatabaseUtils( 2358): java.lang.SecurityException: Permission Denial: get/set setting for user asks to run as user -2 but is calling from user 0; this requires android.permission.INTERACT_ACROSS_USERS_FULL
