I/InputReader( 2358): Touch event's action is 0x0 (deviceType=0) [pCnt=1, s=0.508 ] when=940120433000
I/InputDispatcher( 2358): Delivering touch to: action: 0x0
V/LvOutput( 1947): initCheck: 0
V/LvOutput( 1947): detachEffects: detach processing for output 2, stream 1, session 411
V/LvOutput( 1947): detachEffects: no output processing was attached to this stream
V/AudioPolicyManagerBase( 1947): stopOutput() output 2, stream 1, session 411
V/AudioPolicyManagerBase( 1947): changeRefCount() stream 1, count 0
W/AudioPolicyManagerBase( 1947): stream type [13], return media strategy
W/AudioPolicyManagerBase( 1947): stream type [14], return media strategy
W/AudioPolicyManagerBase( 1947): stream type [13], return media strategy
W/AudioPolicyManagerBase( 1947): stream type [14], return media strategy
W/AudioPolicyManagerBase( 1947): stream type [13], return media strategy
W/AudioPolicyManagerBase( 1947): stream type [14], return media strategy
W/AudioPolicyManagerBase( 1947): stream type [13], return media strategy
W/AudioPolicyManagerBase( 1947): stream type [14], return media strategy
W/AudioPolicyManagerBase( 1947): stream type [13], return media strategy
W/AudioPolicyManagerBase( 1947): stream type [14], return media strategy
W/AudioPolicyManagerBase( 1947): stream type [13], return media strategy
W/AudioPolicyManagerBase( 1947): stream type [14], return media strategy
V/AudioPolicyManagerBase( 1947): getNewDevice() selected device 0
V/AudioPolicyManagerBase( 1947): setOutputDevice() output 2 device 0000 force 0 delayMs 184 
V/AudioPolicyManagerBase( 1947): setOutputDevice() prevDevice 0002
W/AudioPolicyManagerBase( 1947): stream type [13], return media strategy
W/AudioPolicyManagerBase( 1947): stream type [14], return media strategy
W/AudioPolicyManagerBase( 1947): stream type [13], return media strategy
W/AudioPolicyManagerBase( 1947): stream type [14], return media strategy
V/AudioPolicyManagerBase( 1947): setOutputDevice() setting same device 0000 or null device for output 2
I/InputReader( 2358): Touch event's action is 0x1 (deviceType=0) [pCnt=1, s=] when=940215764000
I/InputDispatcher( 2358): Delivering touch to: action: 0x1
D/TMSERVER/TMNetworkReceiver( 9973): TMNetworkReceiver.onReceive() Exit 
D/TMSERVER/TMNetworkReceiver( 9973): TMNetworkReceiver.handleMessage - enter1 main
D/TMSERVER/TMNetworkReceiver( 9973): TMNetworkReceiver.handleMessage - enter action = 0
D/TMSERVER/TMNetworkReceiver( 9973): TMNetworkReceiver.handleMessage - finsihed case 0 mIsSCMInstalled = false
D/TMSERVER/TMNetworkReceiver( 9973): TMNetworkReceiver.handleMessage - exit
I/InputReader( 2358): Touch event's action is 0x0 (deviceType=0) [pCnt=1, s=0.509 ] when=940300343000
I/InputDispatcher( 2358): Delivering touch to: action: 0x0
E/DatabaseUtils( 2358): Writing exception to parcel
E/DatabaseUtils( 2358): java.lang.SecurityException: Permission Denial: get/set setting for user asks to run as user -2 but is calling from user 0; this requires android.permission.INTERACT_ACROSS_USERS_FULL
E/DatabaseUtils( 2358): 	at com.android.server.am.ActivityManagerService.handleIncomingUser(ActivityManagerService.java:13140)
E/DatabaseUtils( 2358): 	at android.app.ActivityManager.handleIncomingUser(ActivityManager.java:2038)
E/DatabaseUtils( 2358): 	at com.android.providers.settings.SettingsProvider.callFromPackage(SettingsProvider.java:607)
E/DatabaseUtils( 2358): 	at android.content.ContentProvider$Transport.call(ContentProvider.java:279)
E/DatabaseUtils( 2358): 	at android.content.ContentProviderNative.onTransact(ContentProviderNative.java:273)
E/DatabaseUtils( 2358): 	at android.os.Binder.execTransact(Binder.java:388)
E/DatabaseUtils( 2358): 	at com.android.server.SystemServer.init1(Native Method)
E/DatabaseUtils( 2358): 	at com.android.server.SystemServer.main(SystemServer.java:2012)
E/DatabaseUtils( 2358): 	at java.lang.reflect.Method.invokeNative(Native Method)
E/DatabaseUtils( 2358): 	at java.lang.reflect.Method.invoke(Method.java:525)
E/DatabaseUtils( 2358): 	at com.android.internal.os.ZygoteInit$MethodAndArgsCaller.run(ZygoteInit.java:1046)
E/DatabaseUtils( 2358): 	at com.android.internal.os.ZygoteInit.main(ZygoteInit.java:862)
E/DatabaseUtils( 2358): 	at dalvik.system.NativeStart.main(Native Method)
I/AudioPolicyManagerBase( 1947): getSituationVolume: isBTConnected:0 isHeadConnected:0
V/AudioPolicyManagerBase( 1947): getParamFromPolicy  deviceInt = 0, situationInt = 1, situationVolume = 0.500000
V/AudioPolicyManagerBase( 1947): getOutput() stream 1, samplingRate 0, format 0, channelMask 3, flags 0
V/AudioPolicyManagerBase( 1947): getOutputsForDevice device 0002 -> 0002
V/AudioPolicyManagerBase( 1947): getOutput() returns output 2
V/AudioPolicyManagerBase( 1947): getOutput() stream 1, samplingRate 0, format 0, channelMask 3, flags 0
V/AudioPolicyManagerBase( 1947): getOutputsForDevice device 0002 -> 0002
V/AudioPolicyManagerBase( 1947): getOutput() returns output 2
V/AudioPolicyManagerBase( 1947): getOutput() stream 1, samplingRate 44100, format 1, channelMask 3, flags 4
V/AudioPolicyManagerBase( 1947): getOutputsForDevice device 0002 -> 0002
V/AudioPolicyManagerBase( 1947): getOutput() returns output 2
E/DatabaseUtils( 2358): Writing exception to parcel
E/DatabaseUtils( 2358): java.lang.SecurityException: Permission Denial: get/set setting for user asks to run as user -2 but is calling from user 0; this requires android.permission.INTERACT_ACROSS_USERS_FULL
E/DatabaseUtils( 2358): 	at com.android.server.am.ActivityManagerService.handleIncomingUser(ActivityManagerService.java:13140)
E/DatabaseUtils( 2358): 	at android.app.ActivityManager.handleIncomingUser(ActivityManager.java:2038)
E/DatabaseUtils( 2358): 	at com.android.providers.settings.SettingsProvider.callFromPackage(SettingsProvider.java:607)
E/DatabaseUtils( 2358): 	at android.content.ContentProvider$Transport.call(ContentProvider.java:279)
E/DatabaseUtils( 2358): 	at android.content.ContentProviderNative.onTransact(ContentProviderNative.java:273)
E/DatabaseUtils( 2358): 	at android.os.Binder.execTransact(Binder.java:388)
E/DatabaseUtils( 2358): 	at dalvik.system.NativeStart.run(Native Method)
V/LvOutput( 1947): initCheck: 0
V/LvOutput( 1947): attachEffects: attach processing to output 2, stream 1, session 412, mode 0
V/LvOutput( 1947): attachEffects: no output processing needs to be attached to this stream
V/LvOutput( 1947): LvOutput::setAllProcessorEnabled(false) mOutputs.size(0)
V/AudioPolicyManagerBase( 1947): startOutput() output 2, stream 1, session 412
V/AudioPolicyManagerBase( 1947): changeRefCount() stream 1, count 1
W/AudioPolicyManagerBase( 1947): stream type [13], return media strategy
W/AudioPolicyManagerBase( 1947): stream type [14], return media strategy
W/AudioPolicyManagerBase( 1947): stream type [13], return media strategy
W/AudioPolicyManagerBase( 1947): stream type [14], return media strategy
W/AudioPolicyManagerBase( 1947): stream type [13], return media strategy
W/AudioPolicyManagerBase( 1947): stream type [14], return media strategy
W/AudioPolicyManagerBase( 1947): stream type [13], return media strategy
W/AudioPolicyManagerBase( 1947): stream type [14], return media strategy
V/AudioPolicyManagerBase( 1947): getNewDevice() selected device 2
V/AudioPolicyManagerBase( 1947): setOutputDevice() output 2 device 0002 force 0 delayMs 0 
V/AudioPolicyManagerBase( 1947): setOutputDevice() prevDevice 0002
V/AudioPolicyManagerBase( 1947): setOutputDevice() setting same device 0002 or null device for output 2
V/AudioPolicyManagerBase( 1947): releaseOutput() 2
I/AudioPolicyManagerBase( 1947): getSituationVolume: isBTConnected:0 isHeadConnected:0
V/AudioPolicyManagerBase( 1947): getParamFromPolicy  deviceInt = 0, situationInt = 1, situationVolume = 0.500000
V/AudioPolicyManagerBase( 1947): getOutput() stream 1, samplingRate 0, format 0, channelMask 3, flags 0
V/AudioPolicyManagerBase( 1947): getOutputsForDevice device 0002 -> 0002
V/AudioPolicyManagerBase( 1947): getOutput() returns output 2
V/AudioPolicyManagerBase( 1947): getOutput() stream 1, samplingRate 0, format 0, channelMask 3, flags 0
V/AudioPolicyManagerBase( 1947): getOutputsForDevice device 0002 -> 0002
V/AudioPolicyManagerBase( 1947): getOutput() returns output 2
V/AudioPolicyManagerBase( 1947): getOutput() stream 1, samplingRate 44100, format 1, channelMask 3, flags 4
V/AudioPolicyManagerBase( 1947): getOutputsForDevice device 0002 -> 0002
V/AudioPolicyManagerBase( 1947): getOutput() returns output 2
V/LvOutput( 1947): initCheck: 0
V/LvOutput( 1947): attachEffects: attach processing to output 2, stream 1, session 413, mode 0
V/LvOutput( 1947): attachEffects: no output processing needs to be attached to this stream
V/LvOutput( 1947): LvOutput::setAllProcessorEnabled(false) mOutputs.size(0)
V/AudioPolicyManagerBase( 1947): startOutput() output 2, stream 1, session 413
V/AudioPolicyManagerBase( 1947): changeRefCount() stream 1, count 2
V/AudioPolicyManagerBase( 1947): releaseOutput() 2
D/dalvikvm( 2358): GC_EXPLICIT freed 1478K, 21% free 30258K/38288K, paused 5ms+11ms, total 154ms
D/TMSERVER/TMLogRemovalReceiver( 9973): TMLogRemovalReceiver.onReceive() Enter isCalled =true
D/TMSERVER/TMLogRemovalReceiver( 9973): TMLogRemovalReceiver.onReceive() Exit
I/InputReader( 2358): Touch event's action is 0x1 (deviceType=0) [pCnt=1, s=] when=940406360000
I/InputDispatcher( 2358): Delivering touch to: action: 0x1
I/wpa_supplicant( 2616): Scan requested (ret=0) - scan timeout 30 seconds
E/DatabaseUtils( 2358): Writing exception to parcel
E/DatabaseUtils( 2358): java.lang.SecurityException: Permission Denial: get/set setting for user asks to run as user -2 but is calling from user 0; this requires android.permission.INTERACT_ACROSS_USERS_FULL
E/DatabaseUtils( 2358): 	at com.android.server.am.ActivityManagerService.handleIncomingUser(ActivityManagerService.java:13140)
E/DatabaseUtils( 2358): 	at android.app.ActivityManager.handleIncomingUser(ActivityManager.java:2038)
E/DatabaseUtils( 2358): 	at com.android.providers.settings.SettingsProvider.callFromPackage(SettingsProvider.java:607)
E/DatabaseUtils( 2358): 	at android.content.ContentProvider$Transport.call(ContentProvider.java:279)
E/DatabaseUtils( 2358): 	at android.content.ContentProviderNative.onTransact(ContentProviderNative.java:273)
E/DatabaseUtils( 2358): 	at android.os.Binder.execTransact(Binder.java:388)
E/DatabaseUtils( 2358): 	at dalvik.system.NativeStart.run(Native Method)
I/AudioPolicyManagerBase( 1947): getSituationVolume: isBTConnected:0 isHeadConnected:0
V/AudioPolicyManagerBase( 1947): getParamFromPolicy  deviceInt = 0, situationInt = 1, situationVolume = 0.500000
V/AudioPolicyManagerBase( 1947): getOutput() stream 1, samplingRate 0, format 0, channelMask 3, flags 0
V/AudioPolicyManagerBase( 1947): getOutputsForDevice device 0002 -> 0002
V/AudioPolicyManagerBase( 1947): getOutput() returns output 2
V/AudioPolicyManagerBase( 1947): getOutput() stream 1, samplingRate 0, format 0, channelMask 3, flags 0
V/AudioPolicyManagerBase( 1947): getOutputsForDevice device 0002 -> 0002
V/AudioPolicyManagerBase( 1947): getOutput() returns output 2
V/AudioPolicyManagerBase( 1947): getOutput() stream 1, samplingRate 44100, format 1, channelMask 3, flags 4
V/AudioPolicyManagerBase( 1947): getOutputsForDevice device 0002 -> 0002
V/AudioPolicyManagerBase( 1947): getOutput() returns output 2
V/LvOutput( 1947): initCheck: 0
V/LvOutput( 1947): attachEffects: attach processing to output 2, stream 1, session 414, mode 0
V/LvOutput( 1947): attachEffects: no output processing needs to be attached to this stream
V/LvOutput( 1947): LvOutput::setAllProcessorEnabled(false) mOutputs.size(0)
V/AudioPolicyManagerBase( 1947): startOutput() output 2, stream 1, session 414
V/AudioPolicyManagerBase( 1947): changeRefCount() stream 1, count 3
V/AudioPolicyManagerBase( 1947): releaseOutput() 2
I/InputReader( 2358): Touch event's action is 0x0 (deviceType=0) [pCnt=1, s=0.510 ] when=940490766000
I/InputDispatcher( 2358): Delivering touch to: action: 0x0
D/dalvikvm( 2783): GC_CONCURRENT freed 392K, 23% free 10406K/13452K, paused 5ms+4ms, total 90ms
E/MTPJNIInterface( 9955): Status for mount/Unmount :removed
E/MTPJNIInterface( 9955): SDcard is not available
E/MTPJNIInterface( 9955): Status for mount/Unmount :removed
E/MTPJNIInterface( 9955): SDcard is not available
E/MTPJNIInterface( 9955): Status for mount/Unmount :removed
E/MTPJNIInterface( 9955): SDcard is not available
D/        ( 9955): written string DATA_STORE_ID into file /data/hidden_volume.txt 
D/        ( 9955):  
D/        ( 9955): written string CACHE_STORE_ID into file /cache/hidden_volume.txt 
D/        ( 9955):  
E/MTPJNIInterface( 9955): Status for mount/Unmount :mounted
E/MTPJNIInterface( 9955): SDcard is  available
E/SQLiteLog( 9955): (21) API call with unopened database connection pointer
E/SQLiteLog( 9955): (21) misuse at line 96776 of [00bb9c9ce4]
E/SQLiteLog( 9955): (21) API call with unopened database connection pointer
E/SQLiteLog( 9955): (21) misuse at line 93252 of [00bb9c9ce4]
E/SQLiteLog( 9955): (21) API call with unopened database connection pointer
E/SQLiteLog( 9955): (21) misuse at line 93252 of [00bb9c9ce4]
E/SQLiteLog( 9955): (21) API call with unopened database connection pointer
E/SQLiteLog( 9955): (21) misuse at line 96776 of [00bb9c9ce4]
W/MTPRx   ( 9955): notification from stack 2
D/        ( 9955): [mtp_init_device] Going to open(): /dev/usb_mtp_gadget
E/        ( 9955): [mtp_init_device]  After open the MTP fd = 53 and line = 678...
D/        ( 9955): [mtp_init_device] IOCTL SET_MTP_USER_PID Sucesss 
D/        ( 9955): *****Starting mtp_io()
W/MTPRx   ( 9955): notification from stack 3
D/        ( 9955): [mtp_start_io] source_thread Creation 
D/        ( 9955): [mtp_start_io] sink_thread Creation 
D/        ( 9955): [mtp_start_io:360] sink thread created so set th_sink
W/MTPRx   ( 9955): notification from stack 14
E/MTPRx   ( 9955): Open session has come  remove the  Messagetrue
I/InputReader( 2358): Touch event's action is 0x1 (deviceType=0) [pCnt=1, s=] when=940618500000
I/InputDispatcher( 2358): Delivering touch to: action: 0x1
V/LvOutput( 1947): initCheck: 0
V/LvOutput( 1947): detachEffects: detach processing for output 2, stream 1, session 412
V/LvOutput( 1947): detachEffects: no output processing was attached to this stream
V/AudioPolicyManagerBase( 1947): stopOutput() output 2, stream 1, session 412
V/AudioPolicyManagerBase( 1947): changeRefCount() stream 1, count 2
V/LvOutput( 1947): initCheck: 0
V/LvOutput( 1947): detachEffects: detach processing for output 2, stream 1, session 413
V/LvOutput( 1947): detachEffects: no output processing was attached to this stream
V/AudioPolicyManagerBase( 1947): stopOutput() output 2, stream 1, session 413
V/AudioPolicyManagerBase( 1947): changeRefCount() stream 1, count 1
W/MTPRx   ( 9955): notification from stack 3
W/MTPRx   ( 9955): notification from stack 14
E/MTPRx   ( 9955): Open session has come  remove the  Messagetrue
W/MTPRx   ( 9955): notification from stack 3
D/dalvikvm( 3968): GC_CONCURRENT freed 471K, 35% free 9990K/15184K, paused 4ms+3ms, total 31ms
E/DatabaseUtils( 2358): Writing exception to parcel
E/DatabaseUtils( 2358): java.lang.SecurityException: Permission Denial: get/set setting for user asks to run as user -2 but is calling from user 0; this requires android.permission.INTERACT_ACROSS_USERS_FULL
E/DatabaseUtils( 2358): 	at com.android.server.am.ActivityManagerService.handleIncomingUser(ActivityManagerService.java:13140)
E/DatabaseUtils( 2358): 	at android.app.ActivityManager.handleIncomingUser(ActivityManager.java:2038)
E/DatabaseUtils( 2358): 	at com.android.providers.settings.SettingsProvider.callFromPackage(SettingsProvider.java:607)
E/DatabaseUtils( 2358): 	at android.content.ContentProvider$Transport.call(ContentProvider.java:279)
E/DatabaseUtils( 2358): 	at android.content.ContentProviderNative.onTransact(ContentProviderNative.java:273)
E/DatabaseUtils( 2358): 	at android.os.Binder.execTransact(Binder.java:388)
E/DatabaseUtils( 2358): 	at dalvik.system.NativeStart.run(Native Method)
I/AudioPolicyManagerBase( 1947): getSituationVolume: isBTConnected:0 isHeadConnected:0
V/AudioPolicyManagerBase( 1947): getParamFromPolicy  deviceInt = 0, situationInt = 1, situationVolume = 0.500000
V/AudioPolicyManagerBase( 1947): getOutput() stream 1, samplingRate 0, format 0, channelMask 3, flags 0
V/AudioPolicyManagerBase( 1947): getOutputsForDevice device 0002 -> 0002
V/AudioPolicyManagerBase( 1947): getOutput() returns output 2
V/AudioPolicyManagerBase( 1947): getOutput() stream 1, samplingRate 0, format 0, channelMask 3, flags 0
V/AudioPolicyManagerBase( 1947): getOutputsForDevice device 0002 -> 0002
V/AudioPolicyManagerBase( 1947): getOutput() returns output 2
V/AudioPolicyManagerBase( 1947): getOutput() stream 1, samplingRate 44100, format 1, channelMask 3, flags 4
V/AudioPolicyManagerBase( 1947): getOutputsForDevice device 0002 -> 0002
V/AudioPolicyManagerBase( 1947): getOutput() returns output 2
V/LvOutput( 1947): initCheck: 0
V/LvOutput( 1947): attachEffects: attach processing to output 2, stream 1, session 415, mode 0
V/LvOutput( 1947): attachEffects: no output processing needs to be attached to this stream
V/LvOutput( 1947): LvOutput::setAllProcessorEnabled(false) mOutputs.size(0)
V/AudioPolicyManagerBase( 1947): startOutput() output 2, stream 1, session 415
V/AudioPolicyManagerBase( 1947): changeRefCount() stream 1, count 2
V/AudioPolicyManagerBase( 1947): releaseOutput() 2
I/InputReader( 2358): Touch event's action is 0x0 (deviceType=0) [pCnt=1, s=0.511 ] when=940692129000
I/InputDispatcher( 2358): Delivering touch to: action: 0x0
V/LvOutput( 1947): initCheck: 0
V/LvOutput( 1947): detachEffects: detach processing for output 2, stream 1, session 414
V/LvOutput( 1947): detachEffects: no output processing was attached to this stream
V/AudioPolicyManagerBase( 1947): stopOutput() output 2, stream 1, session 414
V/AudioPolicyManagerBase( 1947): changeRefCount() stream 1, count 1
I/InputReader( 2358): Touch event's action is 0x1 (deviceType=0) [pCnt=1, s=] when=940808527000
I/InputDispatcher( 2358): Delivering touch to: action: 0x1
E/DatabaseUtils( 2358): Writing exception to parcel
E/DatabaseUtils( 2358): java.lang.SecurityException: Permission Denial: get/set setting for user asks to run as user -2 but is calling from user 0; this requires android.permission.INTERACT_ACROSS_USERS_FULL
E/DatabaseUtils( 2358): 	at com.android.server.am.ActivityManagerService.handleIncomingUser(ActivityManagerService.java:13140)
E/DatabaseUtils( 2358): 	at android.app.ActivityManager.handleIncomingUser(ActivityManager.java:2038)
E/DatabaseUtils( 2358): 	at com.android.providers.settings.SettingsProvider.callFromPackage(SettingsProvider.java:607)
E/DatabaseUtils( 2358): 	at android.content.ContentProvider$Transport.call(ContentProvider.java:279)
E/DatabaseUtils( 2358): 	at android.content.ContentProviderNative.onTransact(ContentProviderNative.java:273)
E/DatabaseUtils( 2358): 	at android.os.Binder.execTransact(Binder.java:388)
E/DatabaseUtils( 2358): 	at dalvik.system.NativeStart.run(Native Method)
I/AudioPolicyManagerBase( 1947): getSituationVolume: isBTConnected:0 isHeadConnected:0
V/AudioPolicyManagerBase( 1947): getParamFromPolicy  deviceInt = 0, situationInt = 1, situationVolume = 0.500000
V/AudioPolicyManagerBase( 1947): getOutput() stream 1, samplingRate 0, format 0, channelMask 3, flags 0
V/AudioPolicyManagerBase( 1947): getOutputsForDevice device 0002 -> 0002
V/AudioPolicyManagerBase( 1947): getOutput() returns output 2
V/AudioPolicyManagerBase( 1947): getOutput() stream 1, samplingRate 0, format 0, channelMask 3, flags 0
V/AudioPolicyManagerBase( 1947): getOutputsForDevice device 0002 -> 0002
V/AudioPolicyManagerBase( 1947): getOutput() returns output 2
V/AudioPolicyManagerBase( 1947): getOutput() stream 1, samplingRate 44100, format 1, channelMask 3, flags 4
V/AudioPolicyManagerBase( 1947): getOutputsForDevice device 0002 -> 0002
V/AudioPolicyManagerBase( 1947): getOutput() returns output 2
V/LvOutput( 1947): initCheck: 0
V/LvOutput( 1947): attachEffects: attach processing to output 2, stream 1, session 416, mode 0
V/LvOutput( 1947): attachEffects: no output processing needs to be attached to this stream
V/LvOutput( 1947): LvOutput::setAllProcessorEnabled(false) mOutputs.size(0)
V/AudioPolicyManagerBase( 1947): startOutput() output 2, stream 1, session 416
V/AudioPolicyManagerBase( 1947): changeRefCount() stream 1, count 2
V/AudioPolicyManagerBase( 1947): releaseOutput() 2
D/dalvikvm( 3968): GC_CONCURRENT freed 525K, 35% free 9882K/15184K, paused 2ms+3ms, total 24ms
V/LvOutput( 1947): initCheck: 0
V/LvOutput( 1947): detachEffects: detach processing for output 2, stream 1, session 415
V/LvOutput( 1947): detachEffects: no output processing was attached to this stream
V/AudioPolicyManagerBase( 1947): stopOutput() output 2, stream 1, session 415
V/AudioPolicyManagerBase( 1947): changeRefCount() stream 1, count 1
D/dalvikvm( 3968): GC_CONCURRENT freed 416K, 35% free 9883K/15184K, paused 1ms+2ms, total 22ms
I/InputReader( 2358): Touch event's action is 0x0 (deviceType=0) [pCnt=1, s=0.512 ] when=941107025000
I/InputDispatcher( 2358): Delivering touch to: action: 0x0
V/LvOutput( 1947): initCheck: 0
V/LvOutput( 1947): detachEffects: detach processing for output 2, stream 1, session 416
V/LvOutput( 1947): detachEffects: no output processing was attached to this stream
V/AudioPolicyManagerBase( 1947): stopOutput() output 2, stream 1, session 416
V/AudioPolicyManagerBase( 1947): changeRefCount() stream 1, count 0
W/AudioPolicyManagerBase( 1947): stream type [13], return media strategy
W/AudioPolicyManagerBase( 1947): stream type [14], return media strategy
W/AudioPolicyManagerBase( 1947): stream type [13], return media strategy
W/AudioPolicyManagerBase( 1947): stream type [14], return media strategy
W/AudioPolicyManagerBase( 1947): stream type [13], return media strategy
W/AudioPolicyManagerBase( 1947): stream type [14], return media strategy
W/AudioPolicyManagerBase( 1947): stream type [13], return media strategy
W/AudioPolicyManagerBase( 1947): stream type [14], return media strategy
W/AudioPolicyManagerBase( 1947): stream type [13], return media strategy
W/AudioPolicyManagerBase( 1947): stream type [14], return media strategy
W/AudioPolicyManagerBase( 1947): stream type [13], return media strategy
W/AudioPolicyManagerBase( 1947): stream type [14], return media strategy
V/AudioPolicyManagerBase( 1947): getNewDevice() selected device 0
V/AudioPolicyManagerBase( 1947): setOutputDevice() output 2 device 0000 force 0 delayMs 184 
V/AudioPolicyManagerBase( 1947): setOutputDevice() prevDevice 0002
W/AudioPolicyManagerBase( 1947): stream type [13], return media strategy
W/AudioPolicyManagerBase( 1947): stream type [14], return media strategy
W/AudioPolicyManagerBase( 1947): stream type [13], return media strategy
W/AudioPolicyManagerBase( 1947): stream type [14], return media strategy
V/AudioPolicyManagerBase( 1947): setOutputDevice() setting same device 0000 or null device for output 2
D/DataRouter( 1937): After the usb select
D/DataRouter( 1937): read usb data[len:1]
D/DataRouter( 1937): read usb data message:A
D/DataRouter( 1937): Before the usb select
E/DTT     ( 1940): [DR->DTT]Received data notification
D/Kies    ( 1938): [DR->KIES]Received data notification
D/connfw  ( 1942): [DR->CONNFW]Received data notification
E/DTT     ( 1940): NOT DEFINE
D/Kies    ( 1938): NOT DEFINE
D/connfw  ( 1942): NOT DEFINE
E/DTT     ( 1940): Message:A
D/Kies    ( 1938): Message:A
D/connfw  ( 1942): Message:A
D/DataRouter( 1937): [socket:12]******* Received data notification *******
D/DataRouter( 1937): [socket:11]******* Received data notification *******
D/DataRouter( 1937): [socket:10]******* Received data notification *******
D/DataRouter( 1937): After the usb select
D/DataRouter( 1937): read usb data[len:1]
D/DataRouter( 1937): read usb data message:T
D/DataRouter( 1937): Before the usb select
E/DTT     ( 1940): [DR->DTT]Received data notification
D/Kies    ( 1938): [DR->KIES]Received data notification
D/connfw  ( 1942): [DR->CONNFW]Received data notification
E/DTT     ( 1940): NOT DEFINE
E/DTT     ( 1940): Message:T
D/Kies    ( 1938): NOT DEFINE
D/connfw  ( 1942): NOT DEFINE
D/Kies    ( 1938): Message:T
D/connfw  ( 1942): Message:T
D/DataRouter( 1937): [socket:11]******* Received data notification *******
D/DataRouter( 1937): [socket:10]******* Received data notification *******
D/DataRouter( 1937): [socket:12]******* Received data notification *******
I/InputReader( 2358): Touch event's action is 0x1 (deviceType=0) [pCnt=1, s=] when=941234602000
I/InputDispatcher( 2358): Delivering touch to: action: 0x1
E/DatabaseUtils( 2358): Writing exception to parcel
E/DatabaseUtils( 2358): java.lang.SecurityException: Permission Denial: get/set setting for user asks to run as user -2 but is calling from user 0; this requires android.permission.INTERACT_ACROSS_USERS_FULL
E/DatabaseUtils( 2358): 	at com.android.server.am.ActivityManagerService.handleIncomingUser(ActivityManagerService.java:13140)
E/DatabaseUtils( 2358): 	at android.app.ActivityManager.handleIncomingUser(ActivityManager.java:2038)
E/DatabaseUtils( 2358): 	at com.android.providers.settings.SettingsProvider.callFromPackage(SettingsProvider.java:607)
E/DatabaseUtils( 2358): 	at android.content.ContentProvider$Transport.call(ContentProvider.java:279)
E/DatabaseUtils( 2358): 	at android.content.ContentProviderNative.onTransact(ContentProviderNative.java:273)
E/DatabaseUtils( 2358): 	at android.os.Binder.execTransact(Binder.java:388)
E/DatabaseUtils( 2358): 	at dalvik.system.NativeStart.run(Native Method)
I/AudioPolicyManagerBase( 1947): getSituationVolume: isBTConnected:0 isHeadConnected:0
V/AudioPolicyManagerBase( 1947): getParamFromPolicy  deviceInt = 0, situationInt = 1, situationVolume = 0.500000
V/AudioPolicyManagerBase( 1947): getOutput() stream 1, samplingRate 0, format 0, channelMask 3, flags 0
V/AudioPolicyManagerBase( 1947): getOutputsForDevice device 0002 -> 0002
V/AudioPolicyManagerBase( 1947): getOutput() returns output 2
V/AudioPolicyManagerBase( 1947): getOutput() stream 1, samplingRate 0, format 0, channelMask 3, flags 0
V/AudioPolicyManagerBase( 1947): getOutputsForDevice device 0002 -> 0002
V/AudioPolicyManagerBase( 1947): getOutput() returns output 2
V/AudioPolicyManagerBase( 1947): getOutput() stream 1, samplingRate 44100, format 1, channelMask 3, flags 4
V/AudioPolicyManagerBase( 1947): getOutputsForDevice device 0002 -> 0002
V/AudioPolicyManagerBase( 1947): getOutput() returns output 2
V/LvOutput( 1947): initCheck: 0
V/LvOutput( 1947): attachEffects: attach processing to output 2, stream 1, session 417, mode 0
V/LvOutput( 1947): attachEffects: no output processing needs to be attached to this stream
V/LvOutput( 1947): LvOutput::setAllProcessorEnabled(false) mOutputs.size(0)
V/AudioPolicyManagerBase( 1947): startOutput() output 2, stream 1, session 417
V/AudioPolicyManagerBase( 1947): changeRefCount() stream 1, count 1
W/AudioPolicyManagerBase( 1947): stream type [13], return media strategy
W/AudioPolicyManagerBase( 1947): stream type [14], return media strategy
W/AudioPolicyManagerBase( 1947): stream type [13], return media strategy
W/AudioPolicyManagerBase( 1947): stream type [14], return media strategy
W/AudioPolicyManagerBase( 1947): stream type [13], return media strategy
W/AudioPolicyManagerBase( 1947): stream type [14], return media strategy
W/AudioPolicyManagerBase( 1947): stream type [13], return media strategy
W/AudioPolicyManagerBase( 1947): stream type [14], return media strategy
V/AudioPolicyManagerBase( 1947): getNewDevice() selected device 2
V/AudioPolicyManagerBase( 1947): setOutputDevice() output 2 device 0002 force 0 delayMs 0 
V/AudioPolicyManagerBase( 1947): setOutputDevice() prevDevice 0002
V/AudioPolicyManagerBase( 1947): setOutputDevice() setting same device 0002 or null device for output 2
V/AudioPolicyManagerBase( 1947): releaseOutput() 2
D/DataRouter( 1937): After the usb select
D/DataRouter( 1937): read usb data[len:1]
D/DataRouter( 1937): read usb data message:
D/DataRouter( 1937): Before the usb select
E/DTT     ( 1940): [DR->DTT]Received data notification
D/Kies    ( 1938): [DR->KIES]Received data notification
D/connfw  ( 1942): [DR->CONNFW]Received data notification
E/DTT     ( 1940): NOT DEFINE
D/Kies    ( 1938): NOT DEFINE
D/connfw  ( 1942): NOT DEFINE
E/DTT     ( 1940): Message:
D/Kies    ( 1938): Message:
D/connfw  ( 1942): Message:
D/DataRouter( 1937): [socket:11]******* Received data notification *******
D/DataRouter( 1937): [socket:10]******* Received data notification *******
D/DataRouter( 1937): [socket:12]******* Received data notification *******
I/InputReader( 2358): Touch event's action is 0x0 (deviceType=0) [pCnt=1, s=0.513 ] when=941436880000
I/InputDispatcher( 2358): Delivering touch to: action: 0x0
D/dalvikvm( 7252): GC_CONCURRENT freed 6585K, 21% free 58475K/73260K, paused 6ms+15ms, total 163ms
V/LvOutput( 1947): initCheck: 0
V/LvOutput( 1947): detachEffects: detach processing for output 2, stream 1, session 417
V/LvOutput( 1947): detachEffects: no output processing was attached to this stream
V/AudioPolicyManagerBase( 1947): stopOutput() output 2, stream 1, session 417
V/AudioPolicyManagerBase( 1947): changeRefCount() stream 1, count 0
W/AudioPolicyManagerBase( 1947): stream type [13], return media strategy
W/AudioPolicyManagerBase( 1947): stream type [14], return media strategy
W/AudioPolicyManagerBase( 1947): stream type [13], return media strategy
W/AudioPolicyManagerBase( 1947): stream type [14], return media strategy
W/AudioPolicyManagerBase( 1947): stream type [13], return media strategy
W/AudioPolicyManagerBase( 1947): stream type [14], return media strategy
W/AudioPolicyManagerBase( 1947): stream type [13], return media strategy
W/AudioPolicyManagerBase( 1947): stream type [14], return media strategy
W/AudioPolicyManagerBase( 1947): stream type [13], return media strategy
W/AudioPolicyManagerBase( 1947): stream type [14], return media strategy
W/AudioPolicyManagerBase( 1947): stream type [13], return media strategy
W/AudioPolicyManagerBase( 1947): stream type [14], return media strategy
V/AudioPolicyManagerBase( 1947): getNewDevice() selected device 0
V/AudioPolicyManagerBase( 1947): setOutputDevice() output 2 device 0000 force 0 delayMs 184 
V/AudioPolicyManagerBase( 1947): setOutputDevice() prevDevice 0002
W/AudioPolicyManagerBase( 1947): stream type [13], return media strategy
W/AudioPolicyManagerBase( 1947): stream type [14], return media strategy
W/AudioPolicyManagerBase( 1947): stream type [13], return media strategy
W/AudioPolicyManagerBase( 1947): stream type [14], return media strategy
V/AudioPolicyManagerBase( 1947): setOutputDevice() setting same device 0000 or null device for output 2
I/InputReader( 2358): Touch event's action is 0x1 (deviceType=0) [pCnt=1, s=] when=941574820000
I/InputDispatcher( 2358): Delivering touch to: action: 0x1
E/DatabaseUtils( 2358): Writing exception to parcel
E/DatabaseUtils( 2358): java.lang.SecurityException: Permission Denial: get/set setting for user asks to run as user -2 but is calling from user 0; this requires android.permission.INTERACT_ACROSS_USERS_FULL
E/DatabaseUtils( 2358): 	at com.android.server.am.ActivityManagerService.handleIncomingUser(ActivityManagerService.java:13140)
E/DatabaseUtils( 2358): 	at android.app.ActivityManager.handleIncomingUser(ActivityManager.java:2038)
E/DatabaseUtils( 2358): 	at com.android.providers.settings.SettingsProvider.callFromPackage(SettingsProvider.java:607)
E/DatabaseUtils( 2358): 	at android.content.ContentProvider$Transport.call(ContentProvider.java:279)
E/DatabaseUtils( 2358): 	at android.content.ContentProviderNative.onTransact(ContentProviderNative.java:273)
E/DatabaseUtils( 2358): 	at android.os.Binder.execTransact(Binder.java:388)
E/DatabaseUtils( 2358): 	at dalvik.system.NativeStart.run(Native Method)
I/AudioPolicyManagerBase( 1947): getSituationVolume: isBTConnected:0 isHeadConnected:0
V/AudioPolicyManagerBase( 1947): getParamFromPolicy  deviceInt = 0, situationInt = 1, situationVolume = 0.500000
V/AudioPolicyManagerBase( 1947): getOutput() stream 1, samplingRate 0, format 0, channelMask 3, flags 0
V/AudioPolicyManagerBase( 1947): getOutputsForDevice device 0002 -> 0002
V/AudioPolicyManagerBase( 1947): getOutput() returns output 2
V/AudioPolicyManagerBase( 1947): getOutput() stream 1, samplingRate 0, format 0, channelMask 3, flags 0
V/AudioPolicyManagerBase( 1947): getOutputsForDevice device 0002 -> 0002
V/AudioPolicyManagerBase( 1947): getOutput() returns output 2
V/AudioPolicyManagerBase( 1947): getOutput() stream 1, samplingRate 44100, format 1, channelMask 3, flags 4
V/AudioPolicyManagerBase( 1947): getOutputsForDevice device 0002 -> 0002
V/AudioPolicyManagerBase( 1947): getOutput() returns output 2
V/LvOutput( 1947): initCheck: 0
V/LvOutput( 1947): attachEffects: attach processing to output 2, stream 1, session 418, mode 0
V/LvOutput( 1947): attachEffects: no output processing needs to be attached to this stream
V/LvOutput( 1947): LvOutput::setAllProcessorEnabled(false) mOutputs.size(0)
V/AudioPolicyManagerBase( 1947): startOutput() output 2, stream 1, session 418
V/AudioPolicyManagerBase( 1947): changeRefCount() stream 1, count 1
W/AudioPolicyManagerBase( 1947): stream type [13], return media strategy
W/AudioPolicyManagerBase( 1947): stream type [14], return media strategy
W/AudioPolicyManagerBase( 1947): stream type [13], return media strategy
W/AudioPolicyManagerBase( 1947): stream type [14], return media strategy
W/AudioPolicyManagerBase( 1947): stream type [13], return media strategy
W/AudioPolicyManagerBase( 1947): stream type [14], return media strategy
W/AudioPolicyManagerBase( 1947): stream type [13], return media strategy
W/AudioPolicyManagerBase( 1947): stream type [14], return media strategy
V/AudioPolicyManagerBase( 1947): getNewDevice() selected device 2
V/AudioPolicyManagerBase( 1947): setOutputDevice() output 2 device 0002 force 0 delayMs 0 
V/AudioPolicyManagerBase( 1947): setOutputDevice() prevDevice 0002
V/AudioPolicyManagerBase( 1947): setOutputDevice() setting same device 0002 or null device for output 2
V/AudioPolicyManagerBase( 1947): releaseOutput() 2
D/dalvikvm( 3968): GC_CONCURRENT freed 909K, 35% free 9887K/15184K, paused 2ms+2ms, total 23ms
V/MediaScanner( 3968): processDirectory :  /storage/emulated/0
V/LvOutput( 1947): initCheck: 0
V/LvOutput( 1947): detachEffects: detach processing for output 2, stream 1, session 418
V/LvOutput( 1947): detachEffects: no output processing was attached to this stream
V/AudioPolicyManagerBase( 1947): stopOutput() output 2, stream 1, session 418
V/AudioPolicyManagerBase( 1947): changeRefCount() stream 1, count 0
W/AudioPolicyManagerBase( 1947): stream type [13], return media strategy
W/AudioPolicyManagerBase( 1947): stream type [14], return media strategy
W/AudioPolicyManagerBase( 1947): stream type [13], return media strategy
W/AudioPolicyManagerBase( 1947): stream type [14], return media strategy
W/AudioPolicyManagerBase( 1947): stream type [13], return media strategy
W/AudioPolicyManagerBase( 1947): stream type [14], return media strategy
W/AudioPolicyManagerBase( 1947): stream type [13], return media strategy
W/AudioPolicyManagerBase( 1947): stream type [14], return media strategy
W/AudioPolicyManagerBase( 1947): stream type [13], return media strategy
W/AudioPolicyManagerBase( 1947): stream type [14], return media strategy
W/AudioPolicyManagerBase( 1947): stream type [13], return media strategy
W/AudioPolicyManagerBase( 1947): stream type [14], return media strategy
V/AudioPolicyManagerBase( 1947): getNewDevice() selected device 0
V/AudioPolicyManagerBase( 1947): setOutputDevice() output 2 device 0000 force 0 delayMs 184 
V/AudioPolicyManagerBase( 1947): setOutputDevice() prevDevice 0002
W/AudioPolicyManagerBase( 1947): stream type [13], return media strategy
W/AudioPolicyManagerBase( 1947): stream type [14], return media strategy
W/AudioPolicyManagerBase( 1947): stream type [13], return media strategy
W/AudioPolicyManagerBase( 1947): stream type [14], return media strategy
V/AudioPolicyManagerBase( 1947): setOutputDevice() setting same device 0000 or null device for output 2
D/MediaScanner( 3968): Skipping:
D/MediaScanner( 3968): 7klwibgf7fvntblfd7(7Budiwrd7dblb7
D/MediaScanner( 3968): Skipping:
D/MediaScanner( 3968): 7klwibgf7fvntblfd7(75ebcf7
I/InputReader( 2358): Touch event's action is 0x0 (deviceType=0) [pCnt=1, s=0.514 ] when=941894586000
I/InputDispatcher( 2358): Delivering touch to: action: 0x0
D/dalvikvm( 3968): GC_CONCURRENT freed 339K, 35% free 9960K/15184K, paused 2ms+3ms, total 23ms
I/InputReader( 2358): Touch event's action is 0x1 (deviceType=0) [pCnt=1, s=] when=941967970000
I/InputDispatcher( 2358): Delivering touch to: action: 0x1
E/DatabaseUtils( 2358): Writing exception to parcel
E/DatabaseUtils( 2358): java.lang.SecurityException: Permission Denial: get/set setting for user asks to run as user -2 but is calling from user 0; this requires android.permission.INTERACT_ACROSS_USERS_FULL
E/DatabaseUtils( 2358): 	at com.android.server.am.ActivityManagerService.handleIncomingUser(ActivityManagerService.java:13140)
E/DatabaseUtils( 2358): 	at android.app.ActivityManager.handleIncomingUser(ActivityManager.java:2038)
E/DatabaseUtils( 2358): 	at com.android.providers.settings.SettingsProvider.callFromPackage(SettingsProvider.java:607)
E/DatabaseUtils( 2358): 	at android.content.ContentProvider$Transport.call(ContentProvider.java:279)
E/DatabaseUtils( 2358): 	at android.content.ContentProviderNative.onTransact(ContentProviderNative.java:273)
E/DatabaseUtils( 2358): 	at android.os.Binder.execTransact(Binder.java:388)
E/DatabaseUtils( 2358): 	at dalvik.system.NativeStart.run(Native Method)
I/AudioPolicyManagerBase( 1947): getSituationVolume: isBTConnected:0 isHeadConnected:0
V/AudioPolicyManagerBase( 1947): getParamFromPolicy  deviceInt = 0, situationInt = 1, situationVolume = 0.500000
V/AudioPolicyManagerBase( 1947): getOutput() stream 1, samplingRate 0, format 0, channelMask 3, flags 0
V/AudioPolicyManagerBase( 1947): getOutputsForDevice device 0002 -> 0002
V/AudioPolicyManagerBase( 1947): getOutput() returns output 2
V/AudioPolicyManagerBase( 1947): getOutput() stream 1, samplingRate 0, format 0, channelMask 3, flags 0
V/AudioPolicyManagerBase( 1947): getOutputsForDevice device 0002 -> 0002
V/AudioPolicyManagerBase( 1947): getOutput() returns output 2
V/AudioPolicyManagerBase( 1947): getOutput() stream 1, samplingRate 44100, format 1, channelMask 3, flags 4
V/AudioPolicyManagerBase( 1947): getOutputsForDevice device 0002 -> 0002
V/AudioPolicyManagerBase( 1947): getOutput() returns output 2
V/LvOutput( 1947): initCheck: 0
V/LvOutput( 1947): attachEffects: attach processing to output 2, stream 1, session 419, mode 0
V/LvOutput( 1947): attachEffects: no output processing needs to be attached to this stream
V/LvOutput( 1947): LvOutput::setAllProcessorEnabled(false) mOutputs.size(0)
V/AudioPolicyManagerBase( 1947): startOutput() output 2, stream 1, session 419
V/AudioPolicyManagerBase( 1947): changeRefCount() stream 1, count 1
W/AudioPolicyManagerBase( 1947): stream type [13], return media strategy
W/AudioPolicyManagerBase( 1947): stream type [14], return media strategy
W/AudioPolicyManagerBase( 1947): stream type [13], return media strategy
W/AudioPolicyManagerBase( 1947): stream type [14], return media strategy
W/AudioPolicyManagerBase( 1947): stream type [13], return media strategy
W/AudioPolicyManagerBase( 1947): stream type [14], return media strategy
W/AudioPolicyManagerBase( 1947): stream type [13], return media strategy
W/AudioPolicyManagerBase( 1947): stream type [14], return media strategy
V/AudioPolicyManagerBase( 1947): getNewDevice() selected device 2
V/AudioPolicyManagerBase( 1947): setOutputDevice() output 2 device 0002 force 0 delayMs 0 
V/AudioPolicyManagerBase( 1947): setOutputDevice() prevDevice 0002
V/AudioPolicyManagerBase( 1947): setOutputDevice() setting same device 0002 or null device for output 2
V/AudioPolicyManagerBase( 1947): releaseOutput() 2
I/InputReader( 2358): Touch event's action is 0x0 (deviceType=0) [pCnt=1, s=0.515 ] when=942149533000
I/InputDispatcher( 2358): Delivering touch to: action: 0x0
D/dalvikvm( 3968): GC_CONCURRENT freed 307K, 34% free 10068K/15184K, paused 2ms+7ms, total 31ms
D/MediaScanner( 3968): Skipping:
D/MediaScanner( 3968): 7klwibgf7fvntblfd7(7DCRV75lpnvaubrtk7
I/InputReader( 2358): Touch event's action is 0x1 (deviceType=0) [pCnt=1, s=] when=942255475000
I/InputDispatcher( 2358): Delivering touch to: action: 0x1
D/MediaScanner( 3968): Skipping:
D/MediaScanner( 3968): 7klwibgf7fvntblfd7(75lpnvaubrtk7
E/DatabaseUtils( 2358): Writing exception to parcel
E/DatabaseUtils( 2358): java.lang.SecurityException: Permission Denial: get/set setting for user asks to run as user -2 but is calling from user 0; this requires android.permission.INTERACT_ACROSS_USERS_FULL
E/DatabaseUtils( 2358): 	at com.android.server.am.ActivityManagerService.handleIncomingUser(ActivityManagerService.java:13140)
E/DatabaseUtils( 2358): 	at android.app.ActivityManager.handleIncomingUser(ActivityManager.java:2038)
E/DatabaseUtils( 2358): 	at com.android.providers.settings.SettingsProvider.callFromPackage(SettingsProvider.java:607)
E/DatabaseUtils( 2358): 	at android.content.ContentProvider$Transport.call(ContentProvider.java:279)
E/DatabaseUtils( 2358): 	at android.content.ContentProviderNative.onTransact(ContentProviderNative.java:273)
E/DatabaseUtils( 2358): 	at android.os.Binder.execTransact(Binder.java:388)
E/DatabaseUtils( 2358): 	at dalvik.system.NativeStart.run(Native Method)
I/AudioPolicyManagerBase( 1947): getSituationVolume: isBTConnected:0 isHeadConnected:0
V/AudioPolicyManagerBase( 1947): getParamFromPolicy  deviceInt = 0, situationInt = 1, situationVolume = 0.500000
V/AudioPolicyManagerBase( 1947): getOutput() stream 1, samplingRate 0, format 0, channelMask 3, flags 0
V/AudioPolicyManagerBase( 1947): getOutputsForDevice device 0002 -> 0002
V/AudioPolicyManagerBase( 1947): getOutput() returns output 2
V/AudioPolicyManagerBase( 1947): getOutput() stream 1, samplingRate 0, format 0, channelMask 3, flags 0
V/AudioPolicyManagerBase( 1947): getOutputsForDevice device 0002 -> 0002
V/AudioPolicyManagerBase( 1947): getOutput() returns output 2
V/AudioPolicyManagerBase( 1947): getOutput() stream 1, samplingRate 44100, format 1, channelMask 3, flags 4
V/AudioPolicyManagerBase( 1947): getOutputsForDevice device 0002 -> 0002
V/AudioPolicyManagerBase( 1947): getOutput() returns output 2
V/LvOutput( 1947): initCheck: 0
V/LvOutput( 1947): attachEffects: attach processing to output 2, stream 1, session 420, mode 0
V/LvOutput( 1947): attachEffects: no output processing needs to be attached to this stream
V/LvOutput( 1947): LvOutput::setAllProcessorEnabled(false) mOutputs.size(0)
V/AudioPolicyManagerBase( 1947): startOutput() output 2, stream 1, session 420
V/AudioPolicyManagerBase( 1947): changeRefCount() stream 1, count 2
V/AudioPolicyManagerBase( 1947): releaseOutput() 2
V/LvOutput( 1947): initCheck: 0
V/LvOutput( 1947): detachEffects: detach processing for output 2, stream 1, session 419
V/LvOutput( 1947): detachEffects: no output processing was attached to this stream
V/AudioPolicyManagerBase( 1947): stopOutput() output 2, stream 1, session 419
V/AudioPolicyManagerBase( 1947): changeRefCount() stream 1, count 1
V/LvOutput( 1947): initCheck: 0
V/LvOutput( 1947): detachEffects: detach processing for output 2, stream 1, session 420
V/LvOutput( 1947): detachEffects: no output processing was attached to this stream
V/AudioPolicyManagerBase( 1947): stopOutput() output 2, stream 1, session 420
V/AudioPolicyManagerBase( 1947): changeRefCount() stream 1, count 0
W/AudioPolicyManagerBase( 1947): stream type [13], return media strategy
W/AudioPolicyManagerBase( 1947): stream type [14], return media strategy
W/AudioPolicyManagerBase( 1947): stream type [13], return media strategy
W/AudioPolicyManagerBase( 1947): stream type [14], return media strategy
W/AudioPolicyManagerBase( 1947): stream type [13], return media strategy
W/AudioPolicyManagerBase( 1947): stream type [14], return media strategy
W/AudioPolicyManagerBase( 1947): stream type [13], return media strategy
W/AudioPolicyManagerBase( 1947): stream type [14], return media strategy
W/AudioPolicyManagerBase( 1947): stream type [13], return media strategy
W/AudioPolicyManagerBase( 1947): stream type [14], return media strategy
W/AudioPolicyManagerBase( 1947): stream type [13], return media strategy
W/AudioPolicyManagerBase( 1947): stream type [14], return media strategy
V/AudioPolicyManagerBase( 1947): getNewDevice() selected device 0
V/AudioPolicyManagerBase( 1947): setOutputDevice() output 2 device 0000 force 0 delayMs 184 
V/AudioPolicyManagerBase( 1947): setOutputDevice() prevDevice 0002
W/AudioPolicyManagerBase( 1947): stream type [13], return media strategy
W/AudioPolicyManagerBase( 1947): stream type [14], return media strategy
W/AudioPolicyManagerBase( 1947): stream type [13], return media strategy
W/AudioPolicyManagerBase( 1947): stream type [14], return media strategy
V/AudioPolicyManagerBase( 1947): setOutputDevice() setting same device 0000 or null device for output 2
I/InputReader( 2358): Touch event's action is 0x0 (deviceType=0) [pCnt=1, s=0.516 ] when=942532528000
I/InputDispatcher( 2358): Delivering touch to: action: 0x0
I/InputReader( 2358): Touch event's action is 0x1 (deviceType=0) [pCnt=1, s=] when=942638724000
I/InputDispatcher( 2358): Delivering touch to: action: 0x1
E/DatabaseUtils( 2358): Writing exception to parcel
E/DatabaseUtils( 2358): java.lang.SecurityException: Permission Denial: get/set setting for user asks to run as user -2 but is calling from user 0; this requires android.permission.INTERACT_ACROSS_USERS_FULL
E/DatabaseUtils( 2358): 	at com.android.server.am.ActivityManagerService.handleIncomingUser(ActivityManagerService.java:13140)
E/DatabaseUtils( 2358): 	at android.app.ActivityManager.handleIncomingUser(ActivityManager.java:2038)
E/DatabaseUtils( 2358): 	at com.android.providers.settings.SettingsProvider.callFromPackage(SettingsProvider.java:607)
E/DatabaseUtils( 2358): 	at android.content.ContentProvider$Transport.call(ContentProvider.java:279)
E/DatabaseUtils( 2358): 	at android.content.ContentProviderNative.onTransact(ContentProviderNative.java:273)
E/DatabaseUtils( 2358): 	at android.os.Binder.execTransact(Binder.java:388)
E/DatabaseUtils( 2358): 	at dalvik.system.NativeStart.run(Native Method)
I/AudioPolicyManagerBase( 1947): getSituationVolume: isBTConnected:0 isHeadConnected:0
V/AudioPolicyManagerBase( 1947): getParamFromPolicy  deviceInt = 0, situationInt = 1, situationVolume = 0.500000
V/AudioPolicyManagerBase( 1947): getOutput() stream 1, samplingRate 0, format 0, channelMask 3, flags 0
V/AudioPolicyManagerBase( 1947): getOutputsForDevice device 0002 -> 0002
V/AudioPolicyManagerBase( 1947): getOutput() returns output 2
V/AudioPolicyManagerBase( 1947): getOutput() stream 1, samplingRate 0, format 0, channelMask 3, flags 0
V/AudioPolicyManagerBase( 1947): getOutputsForDevice device 0002 -> 0002
V/AudioPolicyManagerBase( 1947): getOutput() returns output 2
V/AudioPolicyManagerBase( 1947): getOutput() stream 1, samplingRate 44100, format 1, channelMask 3, flags 4
V/AudioPolicyManagerBase( 1947): getOutputsForDevice device 0002 -> 0002
V/AudioPolicyManagerBase( 1947): getOutput() returns output 2
V/LvOutput( 1947): initCheck: 0
V/LvOutput( 1947): attachEffects: attach processing to output 2, stream 1, session 421, mode 0
V/LvOutput( 1947): attachEffects: no output processing needs to be attached to this stream
V/LvOutput( 1947): LvOutput::setAllProcessorEnabled(false) mOutputs.size(0)
V/AudioPolicyManagerBase( 1947): startOutput() output 2, stream 1, session 421
V/AudioPolicyManagerBase( 1947): changeRefCount() stream 1, count 1
W/AudioPolicyManagerBase( 1947): stream type [13], return media strategy
W/AudioPolicyManagerBase( 1947): stream type [14], return media strategy
W/AudioPolicyManagerBase( 1947): stream type [13], return media strategy
W/AudioPolicyManagerBase( 1947): stream type [14], return media strategy
W/AudioPolicyManagerBase( 1947): stream type [13], return media strategy
W/AudioPolicyManagerBase( 1947): stream type [14], return media strategy
W/AudioPolicyManagerBase( 1947): stream type [13], return media strategy
W/AudioPolicyManagerBase( 1947): stream type [14], return media strategy
V/AudioPolicyManagerBase( 1947): getNewDevice() selected device 2
V/AudioPolicyManagerBase( 1947): setOutputDevice() output 2 device 0002 force 0 delayMs 0 
V/AudioPolicyManagerBase( 1947): setOutputDevice() prevDevice 0002
V/AudioPolicyManagerBase( 1947): setOutputDevice() setting same device 0002 or null device for output 2
V/AudioPolicyManagerBase( 1947): releaseOutput() 2
D/dalvikvm( 3968): GC_CONCURRENT freed 658K, 32% free 10332K/15184K, paused 3ms+7ms, total 32ms
I/InputReader( 2358): Touch event's action is 0x0 (deviceType=0) [pCnt=1, s=0.517 ] when=942787375000
I/InputDispatcher( 2358): Delivering touch to: action: 0x0
I/InputReader( 2358): Touch event's action is 0x1 (deviceType=0) [pCnt=1, s=] when=942871992000
I/InputDispatcher( 2358): Delivering touch to: action: 0x1
E/DatabaseUtils( 2358): Writing exception to parcel
E/DatabaseUtils( 2358): java.lang.SecurityException: Permission Denial: get/set setting for user asks to run as user -2 but is calling from user 0; this requires android.permission.INTERACT_ACROSS_USERS_FULL
E/DatabaseUtils( 2358): 	at com.android.server.am.ActivityManagerService.handleIncomingUser(ActivityManagerService.java:13140)
E/DatabaseUtils( 2358): 	at android.app.ActivityManager.handleIncomingUser(ActivityManager.java:2038)
E/DatabaseUtils( 2358): 	at com.android.providers.settings.SettingsProvider.callFromPackage(SettingsProvider.java:607)
