E/DatabaseUtils( 2358): 	at android.content.ContentProvider$Transport.call(ContentProvider.java:279)
E/DatabaseUtils( 2358): 	at android.content.ContentProviderNative.onTransact(ContentProviderNative.java:273)
E/DatabaseUtils( 2358): 	at android.os.Binder.execTransact(Binder.java:388)
E/DatabaseUtils( 2358): 	at dalvik.system.NativeStart.run(Native Method)
I/AudioPolicyManagerBase( 1947): getSituationVolume: isBTConnected:0 isHeadConnected:0
V/AudioPolicyManagerBase( 1947): getParamFromPolicy  deviceInt = 0, situationInt = 1, situationVolume = 0.500000
V/AudioPolicyManagerBase( 1947): getOutput() stream 1, samplingRate 0, format 0, channelMask 3, flags 0
V/AudioPolicyManagerBase( 1947): getOutputsForDevice device 0002 -> 0002
V/AudioPolicyManagerBase( 1947): getOutput() returns output 2
V/AudioPolicyManagerBase( 1947): getOutput() stream 1, samplingRate 0, format 0, channelMask 3, flags 0
V/AudioPolicyManagerBase( 1947): getOutputsForDevice device 0002 -> 0002
V/AudioPolicyManagerBase( 1947): getOutput() returns output 2
V/AudioPolicyManagerBase( 1947): getOutput() stream 1, samplingRate 44100, format 1, channelMask 3, flags 4
V/AudioPolicyManagerBase( 1947): getOutputsForDevice device 0002 -> 0002
V/AudioPolicyManagerBase( 1947): getOutput() returns output 2
V/LvOutput( 1947): initCheck: 0
V/LvOutput( 1947): attachEffects: attach processing to output 2, stream 1, session 422, mode 0
V/LvOutput( 1947): attachEffects: no output processing needs to be attached to this stream
V/LvOutput( 1947): LvOutput::setAllProcessorEnabled(false) mOutputs.size(0)
V/AudioPolicyManagerBase( 1947): startOutput() output 2, stream 1, session 422
V/AudioPolicyManagerBase( 1947): changeRefCount() stream 1, count 2
V/AudioPolicyManagerBase( 1947): releaseOutput() 2
V/LvOutput( 1947): initCheck: 0
V/LvOutput( 1947): detachEffects: detach processing for output 2, stream 1, session 421
V/LvOutput( 1947): detachEffects: no output processing was attached to this stream
V/AudioPolicyManagerBase( 1947): stopOutput() output 2, stream 1, session 421
V/AudioPolicyManagerBase( 1947): changeRefCount() stream 1, count 1
D/dalvikvm( 3968): GC_CONCURRENT freed 656K, 34% free 10082K/15184K, paused 3ms+5ms, total 33ms
I/InputReader( 2358): Touch event's action is 0x0 (deviceType=0) [pCnt=1, s=0.518 ] when=943058504000
I/InputDispatcher( 2358): Delivering touch to: action: 0x0
V/LvOutput( 1947): initCheck: 0
V/LvOutput( 1947): detachEffects: detach processing for output 2, stream 1, session 422
V/LvOutput( 1947): detachEffects: no output processing was attached to this stream
V/AudioPolicyManagerBase( 1947): stopOutput() output 2, stream 1, session 422
V/AudioPolicyManagerBase( 1947): changeRefCount() stream 1, count 0
W/AudioPolicyManagerBase( 1947): stream type [13], return media strategy
W/AudioPolicyManagerBase( 1947): stream type [14], return media strategy
W/AudioPolicyManagerBase( 1947): stream type [13], return media strategy
W/AudioPolicyManagerBase( 1947): stream type [14], return media strategy
W/AudioPolicyManagerBase( 1947): stream type [13], return media strategy
W/AudioPolicyManagerBase( 1947): stream type [14], return media strategy
W/AudioPolicyManagerBase( 1947): stream type [13], return media strategy
W/AudioPolicyManagerBase( 1947): stream type [14], return media strategy
W/AudioPolicyManagerBase( 1947): stream type [13], return media strategy
W/AudioPolicyManagerBase( 1947): stream type [14], return media strategy
W/AudioPolicyManagerBase( 1947): stream type [13], return media strategy
W/AudioPolicyManagerBase( 1947): stream type [14], return media strategy
V/AudioPolicyManagerBase( 1947): getNewDevice() selected device 0
V/AudioPolicyManagerBase( 1947): setOutputDevice() output 2 device 0000 force 0 delayMs 184 
V/AudioPolicyManagerBase( 1947): setOutputDevice() prevDevice 0002
W/AudioPolicyManagerBase( 1947): stream type [13], return media strategy
W/AudioPolicyManagerBase( 1947): stream type [14], return media strategy
W/AudioPolicyManagerBase( 1947): stream type [13], return media strategy
W/AudioPolicyManagerBase( 1947): stream type [14], return media strategy
V/AudioPolicyManagerBase( 1947): setOutputDevice() setting same device 0000 or null device for output 2
I/InputReader( 2358): Touch event's action is 0x1 (deviceType=0) [pCnt=1, s=] when=943217938000
I/InputDispatcher( 2358): Delivering touch to: action: 0x1
D/dalvikvm( 3968): GC_CONCURRENT freed 412K, 34% free 10093K/15184K, paused 3ms+4ms, total 43ms
E/DatabaseUtils( 2358): Writing exception to parcel
E/DatabaseUtils( 2358): java.lang.SecurityException: Permission Denial: get/set setting for user asks to run as user -2 but is calling from user 0; this requires android.permission.INTERACT_ACROSS_USERS_FULL
E/DatabaseUtils( 2358): 	at com.android.server.am.ActivityManagerService.handleIncomingUser(ActivityManagerService.java:13140)
E/DatabaseUtils( 2358): 	at android.app.ActivityManager.handleIncomingUser(ActivityManager.java:2038)
E/DatabaseUtils( 2358): 	at com.android.providers.settings.SettingsProvider.callFromPackage(SettingsProvider.java:607)
E/DatabaseUtils( 2358): 	at android.content.ContentProvider$Transport.call(ContentProvider.java:279)
E/DatabaseUtils( 2358): 	at android.content.ContentProviderNative.onTransact(ContentProviderNative.java:273)
E/DatabaseUtils( 2358): 	at android.os.Binder.execTransact(Binder.java:388)
E/DatabaseUtils( 2358): 	at dalvik.system.NativeStart.run(Native Method)
I/AudioPolicyManagerBase( 1947): getSituationVolume: isBTConnected:0 isHeadConnected:0
V/AudioPolicyManagerBase( 1947): getParamFromPolicy  deviceInt = 0, situationInt = 1, situationVolume = 0.500000
V/AudioPolicyManagerBase( 1947): getOutput() stream 1, samplingRate 0, format 0, channelMask 3, flags 0
V/AudioPolicyManagerBase( 1947): getOutputsForDevice device 0002 -> 0002
V/AudioPolicyManagerBase( 1947): getOutput() returns output 2
V/AudioPolicyManagerBase( 1947): getOutput() stream 1, samplingRate 0, format 0, channelMask 3, flags 0
V/AudioPolicyManagerBase( 1947): getOutputsForDevice device 0002 -> 0002
V/AudioPolicyManagerBase( 1947): getOutput() returns output 2
V/AudioPolicyManagerBase( 1947): getOutput() stream 1, samplingRate 44100, format 1, channelMask 3, flags 4
V/AudioPolicyManagerBase( 1947): getOutputsForDevice device 0002 -> 0002
V/AudioPolicyManagerBase( 1947): getOutput() returns output 2
V/LvOutput( 1947): initCheck: 0
V/LvOutput( 1947): attachEffects: attach processing to output 2, stream 1, session 423, mode 0
V/LvOutput( 1947): attachEffects: no output processing needs to be attached to this stream
V/LvOutput( 1947): LvOutput::setAllProcessorEnabled(false) mOutputs.size(0)
V/AudioPolicyManagerBase( 1947): startOutput() output 2, stream 1, session 423
V/AudioPolicyManagerBase( 1947): changeRefCount() stream 1, count 1
W/AudioPolicyManagerBase( 1947): stream type [13], return media strategy
W/AudioPolicyManagerBase( 1947): stream type [14], return media strategy
W/AudioPolicyManagerBase( 1947): stream type [13], return media strategy
W/AudioPolicyManagerBase( 1947): stream type [14], return media strategy
W/AudioPolicyManagerBase( 1947): stream type [13], return media strategy
W/AudioPolicyManagerBase( 1947): stream type [14], return media strategy
W/AudioPolicyManagerBase( 1947): stream type [13], return media strategy
W/AudioPolicyManagerBase( 1947): stream type [14], return media strategy
V/AudioPolicyManagerBase( 1947): getNewDevice() selected device 2
V/AudioPolicyManagerBase( 1947): setOutputDevice() output 2 device 0002 force 0 delayMs 0 
V/AudioPolicyManagerBase( 1947): setOutputDevice() prevDevice 0002
V/AudioPolicyManagerBase( 1947): setOutputDevice() setting same device 0002 or null device for output 2
V/AudioPolicyManagerBase( 1947): releaseOutput() 2
I/InputReader( 2358): Touch event's action is 0x0 (deviceType=0) [pCnt=1, s=0.519 ] when=943281324000
I/InputDispatcher( 2358): Delivering touch to: action: 0x0
I/InputReader( 2358): Touch event's action is 0x1 (deviceType=0) [pCnt=1, s=] when=943386989000
I/InputDispatcher( 2358): Delivering touch to: action: 0x1
E/DatabaseUtils( 2358): Writing exception to parcel
E/DatabaseUtils( 2358): java.lang.SecurityException: Permission Denial: get/set setting for user asks to run as user -2 but is calling from user 0; this requires android.permission.INTERACT_ACROSS_USERS_FULL
E/DatabaseUtils( 2358): 	at com.android.server.am.ActivityManagerService.handleIncomingUser(ActivityManagerService.java:13140)
E/DatabaseUtils( 2358): 	at android.app.ActivityManager.handleIncomingUser(ActivityManager.java:2038)
E/DatabaseUtils( 2358): 	at com.android.providers.settings.SettingsProvider.callFromPackage(SettingsProvider.java:607)
E/DatabaseUtils( 2358): 	at android.content.ContentProvider$Transport.call(ContentProvider.java:279)
E/DatabaseUtils( 2358): 	at android.content.ContentProviderNative.onTransact(ContentProviderNative.java:273)
E/DatabaseUtils( 2358): 	at android.os.Binder.execTransact(Binder.java:388)
E/DatabaseUtils( 2358): 	at dalvik.system.NativeStart.run(Native Method)
I/AudioPolicyManagerBase( 1947): getSituationVolume: isBTConnected:0 isHeadConnected:0
V/AudioPolicyManagerBase( 1947): getParamFromPolicy  deviceInt = 0, situationInt = 1, situationVolume = 0.500000
V/AudioPolicyManagerBase( 1947): getOutput() stream 1, samplingRate 0, format 0, channelMask 3, flags 0
V/AudioPolicyManagerBase( 1947): getOutputsForDevice device 0002 -> 0002
V/AudioPolicyManagerBase( 1947): getOutput() returns output 2
V/AudioPolicyManagerBase( 1947): getOutput() stream 1, samplingRate 0, format 0, channelMask 3, flags 0
V/AudioPolicyManagerBase( 1947): getOutputsForDevice device 0002 -> 0002
V/AudioPolicyManagerBase( 1947): getOutput() returns output 2
V/AudioPolicyManagerBase( 1947): getOutput() stream 1, samplingRate 44100, format 1, channelMask 3, flags 4
V/AudioPolicyManagerBase( 1947): getOutputsForDevice device 0002 -> 0002
V/AudioPolicyManagerBase( 1947): getOutput() returns output 2
V/LvOutput( 1947): initCheck: 0
V/LvOutput( 1947): attachEffects: attach processing to output 2, stream 1, session 424, mode 0
V/LvOutput( 1947): attachEffects: no output processing needs to be attached to this stream
V/LvOutput( 1947): LvOutput::setAllProcessorEnabled(false) mOutputs.size(0)
V/AudioPolicyManagerBase( 1947): startOutput() output 2, stream 1, session 424
V/AudioPolicyManagerBase( 1947): changeRefCount() stream 1, count 2
V/AudioPolicyManagerBase( 1947): releaseOutput() 2
I/InputReader( 2358): Touch event's action is 0x0 (deviceType=0) [pCnt=1, s=0.520 ] when=943493250000
I/InputDispatcher( 2358): Delivering touch to: action: 0x0
V/LvOutput( 1947): initCheck: 0
V/LvOutput( 1947): detachEffects: detach processing for output 2, stream 1, session 423
V/LvOutput( 1947): detachEffects: no output processing was attached to this stream
V/AudioPolicyManagerBase( 1947): stopOutput() output 2, stream 1, session 423
V/AudioPolicyManagerBase( 1947): changeRefCount() stream 1, count 1
I/InputReader( 2358): Touch event's action is 0x1 (deviceType=0) [pCnt=1, s=] when=943609871000
I/InputDispatcher( 2358): Delivering touch to: action: 0x1
E/DatabaseUtils( 2358): Writing exception to parcel
E/DatabaseUtils( 2358): java.lang.SecurityException: Permission Denial: get/set setting for user asks to run as user -2 but is calling from user 0; this requires android.permission.INTERACT_ACROSS_USERS_FULL
E/DatabaseUtils( 2358): 	at com.android.server.am.ActivityManagerService.handleIncomingUser(ActivityManagerService.java:13140)
E/DatabaseUtils( 2358): 	at android.app.ActivityManager.handleIncomingUser(ActivityManager.java:2038)
E/DatabaseUtils( 2358): 	at com.android.providers.settings.SettingsProvider.callFromPackage(SettingsProvider.java:607)
E/DatabaseUtils( 2358): 	at android.content.ContentProvider$Transport.call(ContentProvider.java:279)
E/DatabaseUtils( 2358): 	at android.content.ContentProviderNative.onTransact(ContentProviderNative.java:273)
E/DatabaseUtils( 2358): 	at android.os.Binder.execTransact(Binder.java:388)
E/DatabaseUtils( 2358): 	at dalvik.system.NativeStart.run(Native Method)
I/AudioPolicyManagerBase( 1947): getSituationVolume: isBTConnected:0 isHeadConnected:0
V/AudioPolicyManagerBase( 1947): getParamFromPolicy  deviceInt = 0, situationInt = 1, situationVolume = 0.500000
V/AudioPolicyManagerBase( 1947): getOutput() stream 1, samplingRate 0, format 0, channelMask 3, flags 0
V/AudioPolicyManagerBase( 1947): getOutputsForDevice device 0002 -> 0002
V/AudioPolicyManagerBase( 1947): getOutput() returns output 2
V/AudioPolicyManagerBase( 1947): getOutput() stream 1, samplingRate 0, format 0, channelMask 3, flags 0
V/AudioPolicyManagerBase( 1947): getOutputsForDevice device 0002 -> 0002
V/AudioPolicyManagerBase( 1947): getOutput() returns output 2
V/AudioPolicyManagerBase( 1947): getOutput() stream 1, samplingRate 44100, format 1, channelMask 3, flags 4
V/AudioPolicyManagerBase( 1947): getOutputsForDevice device 0002 -> 0002
V/AudioPolicyManagerBase( 1947): getOutput() returns output 2
V/LvOutput( 1947): initCheck: 0
V/LvOutput( 1947): attachEffects: attach processing to output 2, stream 1, session 425, mode 0
V/LvOutput( 1947): attachEffects: no output processing needs to be attached to this stream
V/LvOutput( 1947): LvOutput::setAllProcessorEnabled(false) mOutputs.size(0)
V/AudioPolicyManagerBase( 1947): startOutput() output 2, stream 1, session 425
V/AudioPolicyManagerBase( 1947): changeRefCount() stream 1, count 2
V/AudioPolicyManagerBase( 1947): releaseOutput() 2
I/InputReader( 2358): Touch event's action is 0x0 (deviceType=0) [pCnt=1, s=0.521 ] when=943694229000
I/InputDispatcher( 2358): Delivering touch to: action: 0x0
V/LvOutput( 1947): initCheck: 0
V/LvOutput( 1947): detachEffects: detach processing for output 2, stream 1, session 424
V/LvOutput( 1947): detachEffects: no output processing was attached to this stream
V/AudioPolicyManagerBase( 1947): stopOutput() output 2, stream 1, session 424
V/AudioPolicyManagerBase( 1947): changeRefCount() stream 1, count 1
D/dalvikvm( 3968): GC_CONCURRENT freed 679K, 32% free 10330K/15184K, paused 2ms+6ms, total 35ms
I/InputReader( 2358): Touch event's action is 0x1 (deviceType=0) [pCnt=1, s=] when=943842951000
I/InputDispatcher( 2358): Delivering touch to: action: 0x1
E/DatabaseUtils( 2358): Writing exception to parcel
E/DatabaseUtils( 2358): java.lang.SecurityException: Permission Denial: get/set setting for user asks to run as user -2 but is calling from user 0; this requires android.permission.INTERACT_ACROSS_USERS_FULL
E/DatabaseUtils( 2358): 	at com.android.server.am.ActivityManagerService.handleIncomingUser(ActivityManagerService.java:13140)
E/DatabaseUtils( 2358): 	at android.app.ActivityManager.handleIncomingUser(ActivityManager.java:2038)
E/DatabaseUtils( 2358): 	at com.android.providers.settings.SettingsProvider.callFromPackage(SettingsProvider.java:607)
E/DatabaseUtils( 2358): 	at android.content.ContentProvider$Transport.call(ContentProvider.java:279)
E/DatabaseUtils( 2358): 	at android.content.ContentProviderNative.onTransact(ContentProviderNative.java:273)
E/DatabaseUtils( 2358): 	at android.os.Binder.execTransact(Binder.java:388)
E/DatabaseUtils( 2358): 	at dalvik.system.NativeStart.run(Native Method)
I/AudioPolicyManagerBase( 1947): getSituationVolume: isBTConnected:0 isHeadConnected:0
V/AudioPolicyManagerBase( 1947): getParamFromPolicy  deviceInt = 0, situationInt = 1, situationVolume = 0.500000
V/AudioPolicyManagerBase( 1947): getOutput() stream 1, samplingRate 0, format 0, channelMask 3, flags 0
V/AudioPolicyManagerBase( 1947): getOutputsForDevice device 0002 -> 0002
V/AudioPolicyManagerBase( 1947): getOutput() returns output 2
V/AudioPolicyManagerBase( 1947): getOutput() stream 1, samplingRate 0, format 0, channelMask 3, flags 0
V/AudioPolicyManagerBase( 1947): getOutputsForDevice device 0002 -> 0002
V/AudioPolicyManagerBase( 1947): getOutput() returns output 2
V/AudioPolicyManagerBase( 1947): getOutput() stream 1, samplingRate 44100, format 1, channelMask 3, flags 4
V/AudioPolicyManagerBase( 1947): getOutputsForDevice device 0002 -> 0002
V/AudioPolicyManagerBase( 1947): getOutput() returns output 2
V/LvOutput( 1947): initCheck: 0
V/LvOutput( 1947): attachEffects: attach processing to output 2, stream 1, session 426, mode 0
V/LvOutput( 1947): attachEffects: no output processing needs to be attached to this stream
V/LvOutput( 1947): LvOutput::setAllProcessorEnabled(false) mOutputs.size(0)
V/AudioPolicyManagerBase( 1947): startOutput() output 2, stream 1, session 426
V/AudioPolicyManagerBase( 1947): changeRefCount() stream 1, count 2
V/AudioPolicyManagerBase( 1947): releaseOutput() 2
V/LvOutput( 1947): initCheck: 0
V/LvOutput( 1947): detachEffects: detach processing for output 2, stream 1, session 425
V/LvOutput( 1947): detachEffects: no output processing was attached to this stream
V/AudioPolicyManagerBase( 1947): stopOutput() output 2, stream 1, session 425
V/AudioPolicyManagerBase( 1947): changeRefCount() stream 1, count 1
I/InputReader( 2358): Touch event's action is 0x0 (deviceType=0) [pCnt=1, s=0.522 ] when=943959574000
I/InputDispatcher( 2358): Delivering touch to: action: 0x0
I/InputReader( 2358): Touch event's action is 0x1 (deviceType=0) [pCnt=1, s=] when=944086513000
I/InputDispatcher( 2358): Delivering touch to: action: 0x1
E/DatabaseUtils( 2358): Writing exception to parcel
E/DatabaseUtils( 2358): java.lang.SecurityException: Permission Denial: get/set setting for user asks to run as user -2 but is calling from user 0; this requires android.permission.INTERACT_ACROSS_USERS_FULL
E/DatabaseUtils( 2358): 	at com.android.server.am.ActivityManagerService.handleIncomingUser(ActivityManagerService.java:13140)
E/DatabaseUtils( 2358): 	at android.app.ActivityManager.handleIncomingUser(ActivityManager.java:2038)
E/DatabaseUtils( 2358): 	at com.android.providers.settings.SettingsProvider.callFromPackage(SettingsProvider.java:607)
E/DatabaseUtils( 2358): 	at android.content.ContentProvider$Transport.call(ContentProvider.java:279)
E/DatabaseUtils( 2358): 	at android.content.ContentProviderNative.onTransact(ContentProviderNative.java:273)
E/DatabaseUtils( 2358): 	at android.os.Binder.execTransact(Binder.java:388)
E/DatabaseUtils( 2358): 	at dalvik.system.NativeStart.run(Native Method)
I/AudioPolicyManagerBase( 1947): getSituationVolume: isBTConnected:0 isHeadConnected:0
V/AudioPolicyManagerBase( 1947): getParamFromPolicy  deviceInt = 0, situationInt = 1, situationVolume = 0.500000
V/AudioPolicyManagerBase( 1947): getOutput() stream 1, samplingRate 0, format 0, channelMask 3, flags 0
V/AudioPolicyManagerBase( 1947): getOutputsForDevice device 0002 -> 0002
V/AudioPolicyManagerBase( 1947): getOutput() returns output 2
V/AudioPolicyManagerBase( 1947): getOutput() stream 1, samplingRate 0, format 0, channelMask 3, flags 0
V/AudioPolicyManagerBase( 1947): getOutputsForDevice device 0002 -> 0002
V/AudioPolicyManagerBase( 1947): getOutput() returns output 2
V/AudioPolicyManagerBase( 1947): getOutput() stream 1, samplingRate 44100, format 1, channelMask 3, flags 4
V/AudioPolicyManagerBase( 1947): getOutputsForDevice device 0002 -> 0002
V/AudioPolicyManagerBase( 1947): getOutput() returns output 2
V/LvOutput( 1947): initCheck: 0
V/LvOutput( 1947): attachEffects: attach processing to output 2, stream 1, session 427, mode 0
V/LvOutput( 1947): attachEffects: no output processing needs to be attached to this stream
V/LvOutput( 1947): LvOutput::setAllProcessorEnabled(false) mOutputs.size(0)
V/AudioPolicyManagerBase( 1947): startOutput() output 2, stream 1, session 427
V/AudioPolicyManagerBase( 1947): changeRefCount() stream 1, count 2
V/AudioPolicyManagerBase( 1947): releaseOutput() 2
V/LvOutput( 1947): initCheck: 0
V/LvOutput( 1947): detachEffects: detach processing for output 2, stream 1, session 426
V/LvOutput( 1947): detachEffects: no output processing was attached to this stream
V/AudioPolicyManagerBase( 1947): stopOutput() output 2, stream 1, session 426
V/AudioPolicyManagerBase( 1947): changeRefCount() stream 1, count 1
D/DataRouter( 1937): After the usb select
D/DataRouter( 1937): read usb data[len:1]
D/DataRouter( 1937): read usb data message:A
D/DataRouter( 1937): Before the usb select
D/connfw  ( 1942): [DR->CONNFW]Received data notification
E/DTT     ( 1940): [DR->DTT]Received data notification
D/Kies    ( 1938): [DR->KIES]Received data notification
E/DTT     ( 1940): NOT DEFINE
D/connfw  ( 1942): NOT DEFINE
E/DTT     ( 1940): Message:A
D/connfw  ( 1942): Message:A
D/Kies    ( 1938): NOT DEFINE
D/Kies    ( 1938): Message:A
D/DataRouter( 1937): [socket:11]******* Received data notification *******
D/DataRouter( 1937): [socket:10]******* Received data notification *******
D/DataRouter( 1937): [socket:12]******* Received data notification *******
I/InputReader( 2358): Touch event's action is 0x0 (deviceType=0) [pCnt=1, s=0.523 ] when=944225180000
I/InputDispatcher( 2358): Delivering touch to: action: 0x0
D/DataRouter( 1937): After the usb select
D/DataRouter( 1937): read usb data[len:1]
D/DataRouter( 1937): read usb data message:T
D/DataRouter( 1937): Before the usb select
E/DTT     ( 1940): [DR->DTT]Received data notification
D/connfw  ( 1942): [DR->CONNFW]Received data notification
E/DTT     ( 1940): NOT DEFINE
E/DTT     ( 1940): Message:T
D/connfw  ( 1942): NOT DEFINE
D/connfw  ( 1942): Message:T
D/DataRouter( 1937): [socket:11]******* Received data notification *******
D/Kies    ( 1938): [DR->KIES]Received data notification
D/Kies    ( 1938): NOT DEFINE
D/Kies    ( 1938): Message:T
D/DataRouter( 1937): [socket:12]******* Received data notification *******
D/DataRouter( 1937): [socket:10]******* Received data notification *******
D/DataRouter( 1937): After the usb select
D/DataRouter( 1937): read usb data[len:1]
D/DataRouter( 1937): read usb data message:
D/DataRouter( 1937): Before the usb select
E/DTT     ( 1940): [DR->DTT]Received data notification
E/DTT     ( 1940): NOT DEFINE
D/connfw  ( 1942): [DR->CONNFW]Received data notification
E/DTT     ( 1940): Message:
D/connfw  ( 1942): NOT DEFINE
D/connfw  ( 1942): Message:
D/DataRouter( 1937): [socket:11]******* Received data notification *******
D/DataRouter( 1937): [socket:10]******* Received data notification *******
D/Kies    ( 1938): [DR->KIES]Received data notification
D/Kies    ( 1938): NOT DEFINE
D/Kies    ( 1938): Message:
D/DataRouter( 1937): [socket:12]******* Received data notification *******
V/LvOutput( 1947): initCheck: 0
V/LvOutput( 1947): detachEffects: detach processing for output 2, stream 1, session 427
V/LvOutput( 1947): detachEffects: no output processing was attached to this stream
V/AudioPolicyManagerBase( 1947): stopOutput() output 2, stream 1, session 427
V/AudioPolicyManagerBase( 1947): changeRefCount() stream 1, count 0
W/AudioPolicyManagerBase( 1947): stream type [13], return media strategy
W/AudioPolicyManagerBase( 1947): stream type [14], return media strategy
W/AudioPolicyManagerBase( 1947): stream type [13], return media strategy
W/AudioPolicyManagerBase( 1947): stream type [14], return media strategy
W/AudioPolicyManagerBase( 1947): stream type [13], return media strategy
W/AudioPolicyManagerBase( 1947): stream type [14], return media strategy
W/AudioPolicyManagerBase( 1947): stream type [13], return media strategy
W/AudioPolicyManagerBase( 1947): stream type [14], return media strategy
W/AudioPolicyManagerBase( 1947): stream type [13], return media strategy
W/AudioPolicyManagerBase( 1947): stream type [14], return media strategy
W/AudioPolicyManagerBase( 1947): stream type [13], return media strategy
W/AudioPolicyManagerBase( 1947): stream type [14], return media strategy
V/AudioPolicyManagerBase( 1947): getNewDevice() selected device 0
V/AudioPolicyManagerBase( 1947): setOutputDevice() output 2 device 0000 force 0 delayMs 184 
V/AudioPolicyManagerBase( 1947): setOutputDevice() prevDevice 0002
W/AudioPolicyManagerBase( 1947): stream type [13], return media strategy
W/AudioPolicyManagerBase( 1947): stream type [14], return media strategy
W/AudioPolicyManagerBase( 1947): stream type [13], return media strategy
W/AudioPolicyManagerBase( 1947): stream type [14], return media strategy
V/AudioPolicyManagerBase( 1947): setOutputDevice() setting same device 0000 or null device for output 2
I/InputReader( 2358): Touch event's action is 0x1 (deviceType=0) [pCnt=1, s=] when=944363158000
I/InputDispatcher( 2358): Delivering touch to: action: 0x1
E/DatabaseUtils( 2358): Writing exception to parcel
E/DatabaseUtils( 2358): java.lang.SecurityException: Permission Denial: get/set setting for user asks to run as user -2 but is calling from user 0; this requires android.permission.INTERACT_ACROSS_USERS_FULL
E/DatabaseUtils( 2358): 	at com.android.server.am.ActivityManagerService.handleIncomingUser(ActivityManagerService.java:13140)
E/DatabaseUtils( 2358): 	at android.app.ActivityManager.handleIncomingUser(ActivityManager.java:2038)
E/DatabaseUtils( 2358): 	at com.android.providers.settings.SettingsProvider.callFromPackage(SettingsProvider.java:607)
E/DatabaseUtils( 2358): 	at android.content.ContentProvider$Transport.call(ContentProvider.java:279)
E/DatabaseUtils( 2358): 	at android.content.ContentProviderNative.onTransact(ContentProviderNative.java:273)
E/DatabaseUtils( 2358): 	at android.os.Binder.execTransact(Binder.java:388)
E/DatabaseUtils( 2358): 	at dalvik.system.NativeStart.run(Native Method)
I/AudioPolicyManagerBase( 1947): getSituationVolume: isBTConnected:0 isHeadConnected:0
V/AudioPolicyManagerBase( 1947): getParamFromPolicy  deviceInt = 0, situationInt = 1, situationVolume = 0.500000
V/AudioPolicyManagerBase( 1947): getOutput() stream 1, samplingRate 0, format 0, channelMask 3, flags 0
V/AudioPolicyManagerBase( 1947): getOutputsForDevice device 0002 -> 0002
V/AudioPolicyManagerBase( 1947): getOutput() returns output 2
V/AudioPolicyManagerBase( 1947): getOutput() stream 1, samplingRate 0, format 0, channelMask 3, flags 0
V/AudioPolicyManagerBase( 1947): getOutputsForDevice device 0002 -> 0002
V/AudioPolicyManagerBase( 1947): getOutput() returns output 2
V/AudioPolicyManagerBase( 1947): getOutput() stream 1, samplingRate 44100, format 1, channelMask 3, flags 4
V/AudioPolicyManagerBase( 1947): getOutputsForDevice device 0002 -> 0002
V/AudioPolicyManagerBase( 1947): getOutput() returns output 2
V/LvOutput( 1947): initCheck: 0
V/LvOutput( 1947): attachEffects: attach processing to output 2, stream 1, session 428, mode 0
V/LvOutput( 1947): attachEffects: no output processing needs to be attached to this stream
V/LvOutput( 1947): LvOutput::setAllProcessorEnabled(false) mOutputs.size(0)
V/AudioPolicyManagerBase( 1947): startOutput() output 2, stream 1, session 428
V/AudioPolicyManagerBase( 1947): changeRefCount() stream 1, count 1
W/AudioPolicyManagerBase( 1947): stream type [13], return media strategy
W/AudioPolicyManagerBase( 1947): stream type [14], return media strategy
W/AudioPolicyManagerBase( 1947): stream type [13], return media strategy
W/AudioPolicyManagerBase( 1947): stream type [14], return media strategy
W/AudioPolicyManagerBase( 1947): stream type [13], return media strategy
W/AudioPolicyManagerBase( 1947): stream type [14], return media strategy
W/AudioPolicyManagerBase( 1947): stream type [13], return media strategy
W/AudioPolicyManagerBase( 1947): stream type [14], return media strategy
V/AudioPolicyManagerBase( 1947): getNewDevice() selected device 2
V/AudioPolicyManagerBase( 1947): setOutputDevice() output 2 device 0002 force 0 delayMs 0 
V/AudioPolicyManagerBase( 1947): setOutputDevice() prevDevice 0002
V/AudioPolicyManagerBase( 1947): setOutputDevice() setting same device 0002 or null device for output 2
V/AudioPolicyManagerBase( 1947): releaseOutput() 2
I/InputReader( 2358): Touch event's action is 0x0 (deviceType=0) [pCnt=1, s=0.524 ] when=944479709000
I/InputDispatcher( 2358): Delivering touch to: action: 0x0
D/dalvikvm( 7252): GC_CONCURRENT freed 2104K, 21% free 58418K/73260K, paused 5ms+15ms, total 186ms
D/dalvikvm( 7252): WAIT_FOR_CONCURRENT_GC blocked 55ms
I/InputReader( 2358): Touch event's action is 0x1 (deviceType=0) [pCnt=1, s=] when=944596450000
I/InputDispatcher( 2358): Delivering touch to: action: 0x1
D/MediaScanner( 3968): Skipping:
D/MediaScanner( 3968): 7klwibgf7fvntblfd7(7mrafi7vfdrb75abcsgiwnudk7*((((*((75lpnvaubrtk7
E/DatabaseUtils( 2358): Writing exception to parcel
E/DatabaseUtils( 2358): java.lang.SecurityException: Permission Denial: get/set setting for user asks to run as user -2 but is calling from user 0; this requires android.permission.INTERACT_ACROSS_USERS_FULL
E/DatabaseUtils( 2358): 	at com.android.server.am.ActivityManagerService.handleIncomingUser(ActivityManagerService.java:13140)
E/DatabaseUtils( 2358): 	at android.app.ActivityManager.handleIncomingUser(ActivityManager.java:2038)
E/DatabaseUtils( 2358): 	at com.android.providers.settings.SettingsProvider.callFromPackage(SettingsProvider.java:607)
E/DatabaseUtils( 2358): 	at android.content.ContentProvider$Transport.call(ContentProvider.java:279)
E/DatabaseUtils( 2358): 	at android.content.ContentProviderNative.onTransact(ContentProviderNative.java:273)
E/DatabaseUtils( 2358): 	at android.os.Binder.execTransact(Binder.java:388)
E/DatabaseUtils( 2358): 	at dalvik.system.NativeStart.run(Native Method)
I/AudioPolicyManagerBase( 1947): getSituationVolume: isBTConnected:0 isHeadConnected:0
V/AudioPolicyManagerBase( 1947): getParamFromPolicy  deviceInt = 0, situationInt = 1, situationVolume = 0.500000
V/LvOutput( 1947): initCheck: 0
V/LvOutput( 1947): detachEffects: detach processing for output 2, stream 1, session 428
V/LvOutput( 1947): detachEffects: no output processing was attached to this stream
V/AudioPolicyManagerBase( 1947): stopOutput() output 2, stream 1, session 428
V/AudioPolicyManagerBase( 1947): changeRefCount() stream 1, count 0
W/AudioPolicyManagerBase( 1947): stream type [13], return media strategy
W/AudioPolicyManagerBase( 1947): stream type [14], return media strategy
W/AudioPolicyManagerBase( 1947): stream type [13], return media strategy
W/AudioPolicyManagerBase( 1947): stream type [14], return media strategy
W/AudioPolicyManagerBase( 1947): stream type [13], return media strategy
W/AudioPolicyManagerBase( 1947): stream type [14], return media strategy
W/AudioPolicyManagerBase( 1947): stream type [13], return media strategy
W/AudioPolicyManagerBase( 1947): stream type [14], return media strategy
W/AudioPolicyManagerBase( 1947): stream type [13], return media strategy
W/AudioPolicyManagerBase( 1947): stream type [14], return media strategy
W/AudioPolicyManagerBase( 1947): stream type [13], return media strategy
W/AudioPolicyManagerBase( 1947): stream type [14], return media strategy
V/AudioPolicyManagerBase( 1947): getNewDevice() selected device 0
V/AudioPolicyManagerBase( 1947): setOutputDevice() output 2 device 0000 force 0 delayMs 184 
V/AudioPolicyManagerBase( 1947): setOutputDevice() prevDevice 0002
W/AudioPolicyManagerBase( 1947): stream type [13], return media strategy
W/AudioPolicyManagerBase( 1947): stream type [14], return media strategy
W/AudioPolicyManagerBase( 1947): stream type [13], return media strategy
W/AudioPolicyManagerBase( 1947): stream type [14], return media strategy
V/AudioPolicyManagerBase( 1947): setOutputDevice() setting same device 0000 or null device for output 2
V/AudioPolicyManagerBase( 1947): getOutput() stream 1, samplingRate 0, format 0, channelMask 3, flags 0
V/AudioPolicyManagerBase( 1947): getOutputsForDevice device 0002 -> 0002
V/AudioPolicyManagerBase( 1947): getOutput() returns output 2
V/AudioPolicyManagerBase( 1947): getOutput() stream 1, samplingRate 0, format 0, channelMask 3, flags 0
V/AudioPolicyManagerBase( 1947): getOutputsForDevice device 0002 -> 0002
V/AudioPolicyManagerBase( 1947): getOutput() returns output 2
V/AudioPolicyManagerBase( 1947): getOutput() stream 1, samplingRate 44100, format 1, channelMask 3, flags 4
V/AudioPolicyManagerBase( 1947): getOutputsForDevice device 0002 -> 0002
V/AudioPolicyManagerBase( 1947): getOutput() returns output 2
V/LvOutput( 1947): initCheck: 0
V/LvOutput( 1947): attachEffects: attach processing to output 2, stream 1, session 429, mode 0
V/LvOutput( 1947): attachEffects: no output processing needs to be attached to this stream
V/LvOutput( 1947): LvOutput::setAllProcessorEnabled(false) mOutputs.size(0)
V/AudioPolicyManagerBase( 1947): startOutput() output 2, stream 1, session 429
V/AudioPolicyManagerBase( 1947): changeRefCount() stream 1, count 1
W/AudioPolicyManagerBase( 1947): stream type [13], return media strategy
W/AudioPolicyManagerBase( 1947): stream type [14], return media strategy
W/AudioPolicyManagerBase( 1947): stream type [13], return media strategy
W/AudioPolicyManagerBase( 1947): stream type [14], return media strategy
W/AudioPolicyManagerBase( 1947): stream type [13], return media strategy
W/AudioPolicyManagerBase( 1947): stream type [14], return media strategy
W/AudioPolicyManagerBase( 1947): stream type [13], return media strategy
W/AudioPolicyManagerBase( 1947): stream type [14], return media strategy
V/AudioPolicyManagerBase( 1947): getNewDevice() selected device 2
V/AudioPolicyManagerBase( 1947): setOutputDevice() output 2 device 0002 force 0 delayMs 0 
V/AudioPolicyManagerBase( 1947): setOutputDevice() prevDevice 0002
V/AudioPolicyManagerBase( 1947): setOutputDevice() setting same device 0002 or null device for output 2
V/AudioPolicyManagerBase( 1947): releaseOutput() 2
I/InputReader( 2358): Touch event's action is 0x0 (deviceType=0) [pCnt=1, s=0.525 ] when=944702576000
I/InputDispatcher( 2358): Delivering touch to: action: 0x0
I/wpa_supplicant( 2616): nl80211: Received scan results (3 BSSes)
D/Tethering( 2358): interfaceLinkStateChanged wlan0, true
D/Tethering( 2358): interfaceStatusChanged wlan0, true
I/InputReader( 2358): Touch event's action is 0x1 (deviceType=0) [pCnt=1, s=] when=944829100000
I/InputDispatcher( 2358): Delivering touch to: action: 0x1
E/DatabaseUtils( 2358): Writing exception to parcel
E/DatabaseUtils( 2358): java.lang.SecurityException: Permission Denial: get/set setting for user asks to run as user -2 but is calling from user 0; this requires android.permission.INTERACT_ACROSS_USERS_FULL
E/DatabaseUtils( 2358): 	at com.android.server.am.ActivityManagerService.handleIncomingUser(ActivityManagerService.java:13140)
E/DatabaseUtils( 2358): 	at android.app.ActivityManager.handleIncomingUser(ActivityManager.java:2038)
E/DatabaseUtils( 2358): 	at com.android.providers.settings.SettingsProvider.callFromPackage(SettingsProvider.java:607)
E/DatabaseUtils( 2358): 	at android.content.ContentProvider$Transport.call(ContentProvider.java:279)
E/DatabaseUtils( 2358): 	at android.content.ContentProviderNative.onTransact(ContentProviderNative.java:273)
E/DatabaseUtils( 2358): 	at android.os.Binder.execTransact(Binder.java:388)
E/DatabaseUtils( 2358): 	at dalvik.system.NativeStart.run(Native Method)
I/AudioPolicyManagerBase( 1947): getSituationVolume: isBTConnected:0 isHeadConnected:0
V/AudioPolicyManagerBase( 1947): getParamFromPolicy  deviceInt = 0, situationInt = 1, situationVolume = 0.500000
V/AudioPolicyManagerBase( 1947): getOutput() stream 1, samplingRate 0, format 0, channelMask 3, flags 0
V/AudioPolicyManagerBase( 1947): getOutputsForDevice device 0002 -> 0002
V/AudioPolicyManagerBase( 1947): getOutput() returns output 2
V/AudioPolicyManagerBase( 1947): getOutput() stream 1, samplingRate 0, format 0, channelMask 3, flags 0
V/AudioPolicyManagerBase( 1947): getOutputsForDevice device 0002 -> 0002
V/AudioPolicyManagerBase( 1947): getOutput() returns output 2
V/AudioPolicyManagerBase( 1947): getOutput() stream 1, samplingRate 44100, format 1, channelMask 3, flags 4
V/AudioPolicyManagerBase( 1947): getOutputsForDevice device 0002 -> 0002
V/AudioPolicyManagerBase( 1947): getOutput() returns output 2
V/LvOutput( 1947): initCheck: 0
V/LvOutput( 1947): attachEffects: attach processing to output 2, stream 1, session 430, mode 0
V/LvOutput( 1947): attachEffects: no output processing needs to be attached to this stream
V/LvOutput( 1947): LvOutput::setAllProcessorEnabled(false) mOutputs.size(0)
V/AudioPolicyManagerBase( 1947): startOutput() output 2, stream 1, session 430
V/AudioPolicyManagerBase( 1947): changeRefCount() stream 1, count 2
V/AudioPolicyManagerBase( 1947): releaseOutput() 2
V/LvOutput( 1947): initCheck: 0
V/LvOutput( 1947): detachEffects: detach processing for output 2, stream 1, session 429
V/LvOutput( 1947): detachEffects: no output processing was attached to this stream
V/AudioPolicyManagerBase( 1947): stopOutput() output 2, stream 1, session 429
V/AudioPolicyManagerBase( 1947): changeRefCount() stream 1, count 1
I/InputReader( 2358): Touch event's action is 0x0 (deviceType=0) [pCnt=1, s=0.526 ] when=944935773000
I/InputDispatcher( 2358): Delivering touch to: action: 0x0
D/MediaScanner( 3968): Skipping:
D/MediaScanner( 3968): 7klwibgf7fvntblfd7(7mrafi7vfdrb75lpnvaubrtk7
I/InputReader( 2358): Touch event's action is 0x1 (deviceType=0) [pCnt=1, s=] when=945030494000
I/InputDispatcher( 2358): Delivering touch to: action: 0x1
D/dalvikvm( 3968): GC_CONCURRENT freed 1868K, 28% free 11075K/15264K, paused 1ms+11ms, total 35ms
V/LvOutput( 1947): initCheck: 0
V/LvOutput( 1947): detachEffects: detach processing for output 2, stream 1, session 430
V/LvOutput( 1947): detachEffects: no output processing was attached to this stream
V/AudioPolicyManagerBase( 1947): stopOutput() output 2, stream 1, session 430
V/AudioPolicyManagerBase( 1947): changeRefCount() stream 1, count 0
W/AudioPolicyManagerBase( 1947): stream type [13], return media strategy
W/AudioPolicyManagerBase( 1947): stream type [14], return media strategy
W/AudioPolicyManagerBase( 1947): stream type [13], return media strategy
W/AudioPolicyManagerBase( 1947): stream type [14], return media strategy
W/AudioPolicyManagerBase( 1947): stream type [13], return media strategy
W/AudioPolicyManagerBase( 1947): stream type [14], return media strategy
W/AudioPolicyManagerBase( 1947): stream type [13], return media strategy
W/AudioPolicyManagerBase( 1947): stream type [14], return media strategy
W/AudioPolicyManagerBase( 1947): stream type [13], return media strategy
W/AudioPolicyManagerBase( 1947): stream type [14], return media strategy
W/AudioPolicyManagerBase( 1947): stream type [13], return media strategy
W/AudioPolicyManagerBase( 1947): stream type [14], return media strategy
V/AudioPolicyManagerBase( 1947): getNewDevice() selected device 0
V/AudioPolicyManagerBase( 1947): setOutputDevice() output 2 device 0000 force 0 delayMs 184 
V/AudioPolicyManagerBase( 1947): setOutputDevice() prevDevice 0002
W/AudioPolicyManagerBase( 1947): stream type [13], return media strategy
W/AudioPolicyManagerBase( 1947): stream type [14], return media strategy
W/AudioPolicyManagerBase( 1947): stream type [13], return media strategy
W/AudioPolicyManagerBase( 1947): stream type [14], return media strategy
V/AudioPolicyManagerBase( 1947): setOutputDevice() setting same device 0000 or null device for output 2
I/InputReader( 2358): Touch event's action is 0x0 (deviceType=0) [pCnt=1, s=0.527 ] when=945136929000
I/InputDispatcher( 2358): Delivering touch to: action: 0x0
I/InputReader( 2358): Touch event's action is 0x1 (deviceType=0) [pCnt=1, s=] when=945253837000
I/InputDispatcher( 2358): Delivering touch to: action: 0x1
E/DatabaseUtils( 2358): Writing exception to parcel
E/DatabaseUtils( 2358): java.lang.SecurityException: Permission Denial: get/set setting for user asks to run as user -2 but is calling from user 0; this requires android.permission.INTERACT_ACROSS_USERS_FULL
E/DatabaseUtils( 2358): 	at com.android.server.am.ActivityManagerService.handleIncomingUser(ActivityManagerService.java:13140)
E/DatabaseUtils( 2358): 	at android.app.ActivityManager.handleIncomingUser(ActivityManager.java:2038)
E/DatabaseUtils( 2358): 	at com.android.providers.settings.SettingsProvider.callFromPackage(SettingsProvider.java:607)
E/DatabaseUtils( 2358): 	at android.content.ContentProvider$Transport.call(ContentProvider.java:279)
E/DatabaseUtils( 2358): 	at android.content.ContentProviderNative.onTransact(ContentProviderNative.java:273)
E/DatabaseUtils( 2358): 	at android.os.Binder.execTransact(Binder.java:388)
E/DatabaseUtils( 2358): 	at dalvik.system.NativeStart.run(Native Method)
I/AudioPolicyManagerBase( 1947): getSituationVolume: isBTConnected:0 isHeadConnected:0
V/AudioPolicyManagerBase( 1947): getParamFromPolicy  deviceInt = 0, situationInt = 1, situationVolume = 0.500000
V/AudioPolicyManagerBase( 1947): getOutput() stream 1, samplingRate 0, format 0, channelMask 3, flags 0
V/AudioPolicyManagerBase( 1947): getOutputsForDevice device 0002 -> 0002
V/AudioPolicyManagerBase( 1947): getOutput() returns output 2
V/AudioPolicyManagerBase( 1947): getOutput() stream 1, samplingRate 0, format 0, channelMask 3, flags 0
V/AudioPolicyManagerBase( 1947): getOutputsForDevice device 0002 -> 0002
V/AudioPolicyManagerBase( 1947): getOutput() returns output 2
V/AudioPolicyManagerBase( 1947): getOutput() stream 1, samplingRate 44100, format 1, channelMask 3, flags 4
V/AudioPolicyManagerBase( 1947): getOutputsForDevice device 0002 -> 0002
V/AudioPolicyManagerBase( 1947): getOutput() returns output 2
V/LvOutput( 1947): initCheck: 0
V/LvOutput( 1947): attachEffects: attach processing to output 2, stream 1, session 431, mode 0
V/LvOutput( 1947): attachEffects: no output processing needs to be attached to this stream
V/LvOutput( 1947): LvOutput::setAllProcessorEnabled(false) mOutputs.size(0)
V/AudioPolicyManagerBase( 1947): startOutput() output 2, stream 1, session 431
V/AudioPolicyManagerBase( 1947): changeRefCount() stream 1, count 1
W/AudioPolicyManagerBase( 1947): stream type [13], return media strategy
W/AudioPolicyManagerBase( 1947): stream type [14], return media strategy
W/AudioPolicyManagerBase( 1947): stream type [13], return media strategy
W/AudioPolicyManagerBase( 1947): stream type [14], return media strategy
W/AudioPolicyManagerBase( 1947): stream type [13], return media strategy
W/AudioPolicyManagerBase( 1947): stream type [14], return media strategy
W/AudioPolicyManagerBase( 1947): stream type [13], return media strategy
W/AudioPolicyManagerBase( 1947): stream type [14], return media strategy
V/AudioPolicyManagerBase( 1947): getNewDevice() selected device 2
V/AudioPolicyManagerBase( 1947): setOutputDevice() output 2 device 0002 force 0 delayMs 0 
V/AudioPolicyManagerBase( 1947): setOutputDevice() prevDevice 0002
V/AudioPolicyManagerBase( 1947): setOutputDevice() setting same device 0002 or null device for output 2
V/AudioPolicyManagerBase( 1947): releaseOutput() 2
D/dalvikvm( 2743): GC_CONCURRENT freed 856K, 27% free 12677K/17176K, paused 15ms+5ms, total 81ms
D/dalvikvm( 2743): WAIT_FOR_CONCURRENT_GC blocked 26ms
E/DatabaseUtils( 2358): Writing exception to parcel
E/DatabaseUtils( 2358): java.lang.SecurityException: Permission Denial: get/set setting for user asks to run as user -2 but is calling from user 0; this requires android.permission.INTERACT_ACROSS_USERS_FULL
E/DatabaseUtils( 2358): 	at com.android.server.am.ActivityManagerService.handleIncomingUser(ActivityManagerService.java:13140)
E/DatabaseUtils( 2358): 	at android.app.ActivityManager.handleIncomingUser(ActivityManager.java:2038)
E/DatabaseUtils( 2358): 	at com.android.providers.settings.SettingsProvider.callFromPackage(SettingsProvider.java:607)
E/DatabaseUtils( 2358): 	at android.content.ContentProvider$Transport.call(ContentProvider.java:279)
E/DatabaseUtils( 2358): 	at android.content.ContentProviderNative.onTransact(ContentProviderNative.java:273)
E/DatabaseUtils( 2358): 	at android.os.Binder.execTransact(Binder.java:388)
E/DatabaseUtils( 2358): 	at dalvik.system.NativeStart.run(Native Method)
I/AudioPolicyManagerBase( 1947): getSituationVolume: isBTConnected:0 isHeadConnected:0
V/AudioPolicyManagerBase( 1947): getParamFromPolicy  deviceInt = 0, situationInt = 1, situationVolume = 0.500000
V/AudioPolicyManagerBase( 1947): getOutput() stream 1, samplingRate 0, format 0, channelMask 3, flags 0
V/AudioPolicyManagerBase( 1947): getOutputsForDevice device 0002 -> 0002
V/AudioPolicyManagerBase( 1947): getOutput() returns output 2
V/AudioPolicyManagerBase( 1947): getOutput() stream 1, samplingRate 0, format 0, channelMask 3, flags 0
V/AudioPolicyManagerBase( 1947): getOutputsForDevice device 0002 -> 0002
V/AudioPolicyManagerBase( 1947): getOutput() returns output 2
V/AudioPolicyManagerBase( 1947): getOutput() stream 1, samplingRate 44100, format 1, channelMask 3, flags 4
V/AudioPolicyManagerBase( 1947): getOutputsForDevice device 0002 -> 0002
V/AudioPolicyManagerBase( 1947): getOutput() returns output 2
V/LvOutput( 1947): initCheck: 0
V/LvOutput( 1947): attachEffects: attach processing to output 2, stream 1, session 432, mode 0
V/LvOutput( 1947): attachEffects: no output processing needs to be attached to this stream
V/LvOutput( 1947): LvOutput::setAllProcessorEnabled(false) mOutputs.size(0)
V/AudioPolicyManagerBase( 1947): startOutput() output 2, stream 1, session 432
V/AudioPolicyManagerBase( 1947): changeRefCount() stream 1, count 2
V/AudioPolicyManagerBase( 1947): releaseOutput() 2
I/InputReader( 2358): Touch event's action is 0x0 (deviceType=0) [pCnt=1, s=0.528 ] when=945412936000
I/InputDispatcher( 2358): Delivering touch to: action: 0x0
I/InputReader( 2358): Touch event's action is 0x1 (deviceType=0) [pCnt=1, s=] when=945443638000
I/InputDispatcher( 2358): Delivering touch to: action: 0x1
D/dalvikvm( 3968): GC_CONCURRENT freed 1421K, 34% free 10101K/15264K, paused 2ms+3ms, total 38ms
E/        ( 9955): read error [0] [Success]
W/MTPRx   ( 9955): notification from stack 21
E/MTPRx   ( 9955): Read Error Came false
D/DataRouter( 1937): After the usb select
D/DataRouter( 1937): read length is zero
D/DataRouter( 1937): dr_usb_deinit
D/DataRouter( 1937): dr_usb_init
E/DataRouter( 1937): USB Interface is open with 0x7
D/DataRouter( 1937): USB interface is now configured for usb_fd = 0x7
D/DataRouter( 1937): pcsyncreset
E/DTT     ( 1940): [DR->DTT]Received data notification
E/MTPRx   ( 9955): state from USB_STATE eventDISCONNECTED
D/Kies    ( 1938): [DR->KIES]Received data notification
D/connfw  ( 1942): [DR->CONNFW]Received data notification
D/Kies    ( 1938): dr_process_kies_app(0)
D/Kies    ( 1938): intent start
D/Kies    ( 1938): pid init
D/Kies    ( 1938): execretrun init
E/MTPRx   ( 9955): /data/data/com.samsung.android.MtpApplication/gadgetDisconnectAndConnect.txt: open failed: ENOENT (No such file or directory)
E/MTPRx   ( 9955): stop observing and calling usbRemoved 
D/Kies    ( 1938): fork success
D/Kies    ( 1938): child pid = 10053.
D/Kies    ( 1938): child get
D/Kies    ( 1938): process kill start
D/Kies    (10053): fork success
D/Kies    (10053): child pid = 0.
D/Kies    (10053): child get
W/MTPRx   ( 9955): MTP_RUNNING_STATUS = 1
D/Kies    (10053): execute sh.
E/MTPRx   ( 9955):  sendbooster is false!
E/MTPRx   ( 9955): In usbRemoved Status bar enabled
E/MTPRx   ( 9955): Sending Broadcast
V/LvOutput( 1947): initCheck: 0
V/LvOutput( 1947): detachEffects: detach processing for output 2, stream 1, session 431
V/LvOutput( 1947): detachEffects: no output processing was attached to this stream
V/AudioPolicyManagerBase( 1947): stopOutput() output 2, stream 1, session 431
V/AudioPolicyManagerBase( 1947): changeRefCount() stream 1, count 1
E/MtpService( 9955): onDestroy.
E/MtpService( 9955): Unregister Mtp disable Receiver
E/MtpService( 9955): Receiver not registered: com.samsung.android.MtpApplication.MtpService$1@428f5f18
E/MtpService( 9955): unregistering mtpMediaReceiver in UnregisterAllIntent
E/MtpService( 9955): Receiver not registered: com.samsung.android.MtpApplication.MtpService$2@428f61e0
E/MTPJNIInterface( 9955): noti = 3
D/        ( 9955): USB_MTP_ENABLED AND usb_ptp_enabled!
D/        ( 9955): __mtp_handler_eh_notify: USB plugged out.
D/        ( 9955): [__mtp_handler_eh_notify:604] is_connected = 1 and is_enumeration_finished = 1
D/        ( 9955):  [__mtp_handler_eh_notify:645] Enumeration is Complete and hence exiting the Mtp App 
D/        ( 9955): gbin_sem_mtp semphore destroy successful
D/        ( 9955): [__mtp_handler_eh_notify:680] sending event to event handler thread to close...
D/        ( 9955): [__mtp_handler_eh_notify:689] starting mtp_deinitialize() ...
D/        ( 9955):  cleaning MP3 properties
D/        ( 9955):  cleaning WMA properties
D/        ( 9955):  cleaning WMV properties
D/        ( 9955):  cleaning ALBUM properties
D/        ( 9955):  cleaning default properties
D/        ( 9955): [__mtp_handler_eh_notify:714] Checking for MMC_INSERTED and kill data threads ...
D/        ( 9955): [__mtp_handler_eh_notify:725] calling mtp_g_fs_mtp_init() ...
D/        ( 9955):  ************** In mtp_g_fs_mtp_init to kill the threads
D/        ( 9955): [mtp_g_fs_mtp_init] ********* gfs_mode = 0 mtp_clean_usb_driver  
D/        ( 9955): [mtp_g_fs_mtp_init] ************ Calling mtp_usb_mtp_finalize fn
E/        ( 9955): ****** [mtp_usb_mtp_finalize] mtp_close_fd Calling 
E/        ( 9955): [mtp_close_fd]  fd = 53...
E/        ( 9955): [mtp_close_fd] USB endpoint [53] closed...
E/        ( 9955): ****** [mtp_usb_mtp_finalize] Updating the gInitializeFlag Flag to FALSE 
E/        ( 9955): ****** [mtp_usb_mtp_finalize] Calling mtp_stop_io 
D/        ( 9955): mtp_stop_io going to kill source thread, th_source value = 1
V/LvOutput( 1947): initCheck: 0
V/LvOutput( 1947): detachEffects: detach processing for output 2, stream 1, session 432
V/LvOutput( 1947): detachEffects: no output processing was attached to this stream
V/AudioPolicyManagerBase( 1947): stopOutput() output 2, stream 1, session 432
V/AudioPolicyManagerBase( 1947): changeRefCount() stream 1, count 0
W/AudioPolicyManagerBase( 1947): stream type [13], return media strategy
W/AudioPolicyManagerBase( 1947): stream type [14], return media strategy
W/AudioPolicyManagerBase( 1947): stream type [13], return media strategy
