I/InputDispatcher( 2358): Delivering touch to: action: 0x1
E/DatabaseUtils( 2358): Writing exception to parcel
E/DatabaseUtils( 2358): java.lang.SecurityException: Permission Denial: get/set setting for user asks to run as user -2 but is calling from user 0; this requires android.permission.INTERACT_ACROSS_USERS_FULL
E/DatabaseUtils( 2358): 	at com.android.server.am.ActivityManagerService.handleIncomingUser(ActivityManagerService.java:13140)
E/DatabaseUtils( 2358): 	at android.app.ActivityManager.handleIncomingUser(ActivityManager.java:2038)
E/DatabaseUtils( 2358): 	at com.android.providers.settings.SettingsProvider.callFromPackage(SettingsProvider.java:607)
E/DatabaseUtils( 2358): 	at android.content.ContentProvider$Transport.call(ContentProvider.java:279)
E/DatabaseUtils( 2358): 	at android.content.ContentProviderNative.onTransact(ContentProviderNative.java:273)
E/DatabaseUtils( 2358): 	at android.os.Binder.execTransact(Binder.java:388)
E/DatabaseUtils( 2358): 	at dalvik.system.NativeStart.run(Native Method)
I/AudioPolicyManagerBase( 1947): getSituationVolume: isBTConnected:0 isHeadConnected:0
V/AudioPolicyManagerBase( 1947): getParamFromPolicy  deviceInt = 0, situationInt = 1, situationVolume = 0.500000
V/AudioPolicyManagerBase( 1947): getOutput() stream 1, samplingRate 0, format 0, channelMask 3, flags 0
V/AudioPolicyManagerBase( 1947): getOutputsForDevice device 0002 -> 0002
V/AudioPolicyManagerBase( 1947): getOutput() returns output 2
V/AudioPolicyManagerBase( 1947): getOutput() stream 1, samplingRate 0, format 0, channelMask 3, flags 0
V/AudioPolicyManagerBase( 1947): getOutputsForDevice device 0002 -> 0002
V/AudioPolicyManagerBase( 1947): getOutput() returns output 2
V/AudioPolicyManagerBase( 1947): getOutput() stream 1, samplingRate 44100, format 1, channelMask 3, flags 4
V/AudioPolicyManagerBase( 1947): getOutputsForDevice device 0002 -> 0002
V/AudioPolicyManagerBase( 1947): getOutput() returns output 2
V/LvOutput( 1947): initCheck: 0
V/LvOutput( 1947): attachEffects: attach processing to output 2, stream 1, session 393, mode 0
V/LvOutput( 1947): attachEffects: no output processing needs to be attached to this stream
V/LvOutput( 1947): LvOutput::setAllProcessorEnabled(false) mOutputs.size(0)
V/AudioPolicyManagerBase( 1947): startOutput() output 2, stream 1, session 393
V/AudioPolicyManagerBase( 1947): changeRefCount() stream 1, count 1
W/AudioPolicyManagerBase( 1947): stream type [13], return media strategy
W/AudioPolicyManagerBase( 1947): stream type [14], return media strategy
W/AudioPolicyManagerBase( 1947): stream type [13], return media strategy
W/AudioPolicyManagerBase( 1947): stream type [14], return media strategy
W/AudioPolicyManagerBase( 1947): stream type [13], return media strategy
W/AudioPolicyManagerBase( 1947): stream type [14], return media strategy
W/AudioPolicyManagerBase( 1947): stream type [13], return media strategy
W/AudioPolicyManagerBase( 1947): stream type [14], return media strategy
V/AudioPolicyManagerBase( 1947): getNewDevice() selected device 2
V/AudioPolicyManagerBase( 1947): setOutputDevice() output 2 device 0002 force 0 delayMs 0 
V/AudioPolicyManagerBase( 1947): setOutputDevice() prevDevice 0002
V/AudioPolicyManagerBase( 1947): setOutputDevice() setting same device 0002 or null device for output 2
V/AudioPolicyManagerBase( 1947): releaseOutput() 2
V/LvOutput( 1947): initCheck: 0
V/LvOutput( 1947): detachEffects: detach processing for output 2, stream 1, session 393
V/LvOutput( 1947): detachEffects: no output processing was attached to this stream
V/AudioPolicyManagerBase( 1947): stopOutput() output 2, stream 1, session 393
V/AudioPolicyManagerBase( 1947): changeRefCount() stream 1, count 0
W/AudioPolicyManagerBase( 1947): stream type [13], return media strategy
W/AudioPolicyManagerBase( 1947): stream type [14], return media strategy
W/AudioPolicyManagerBase( 1947): stream type [13], return media strategy
W/AudioPolicyManagerBase( 1947): stream type [14], return media strategy
W/AudioPolicyManagerBase( 1947): stream type [13], return media strategy
W/AudioPolicyManagerBase( 1947): stream type [14], return media strategy
W/AudioPolicyManagerBase( 1947): stream type [13], return media strategy
W/AudioPolicyManagerBase( 1947): stream type [14], return media strategy
W/AudioPolicyManagerBase( 1947): stream type [13], return media strategy
W/AudioPolicyManagerBase( 1947): stream type [14], return media strategy
W/AudioPolicyManagerBase( 1947): stream type [13], return media strategy
W/AudioPolicyManagerBase( 1947): stream type [14], return media strategy
V/AudioPolicyManagerBase( 1947): getNewDevice() selected device 0
V/AudioPolicyManagerBase( 1947): setOutputDevice() output 2 device 0000 force 0 delayMs 184 
V/AudioPolicyManagerBase( 1947): setOutputDevice() prevDevice 0002
W/AudioPolicyManagerBase( 1947): stream type [13], return media strategy
W/AudioPolicyManagerBase( 1947): stream type [14], return media strategy
W/AudioPolicyManagerBase( 1947): stream type [13], return media strategy
W/AudioPolicyManagerBase( 1947): stream type [14], return media strategy
V/AudioPolicyManagerBase( 1947): setOutputDevice() setting same device 0000 or null device for output 2
I/InputReader( 2358): Touch event's action is 0x0 (deviceType=0) [pCnt=1, s=0.484 ] when=925673703000
I/InputDispatcher( 2358): Delivering touch to: action: 0x0
I/InputReader( 2358): Touch event's action is 0x1 (deviceType=0) [pCnt=1, s=] when=925768342000
I/InputDispatcher( 2358): Delivering touch to: action: 0x1
E/DatabaseUtils( 2358): Writing exception to parcel
E/DatabaseUtils( 2358): java.lang.SecurityException: Permission Denial: get/set setting for user asks to run as user -2 but is calling from user 0; this requires android.permission.INTERACT_ACROSS_USERS_FULL
E/DatabaseUtils( 2358): 	at com.android.server.am.ActivityManagerService.handleIncomingUser(ActivityManagerService.java:13140)
E/DatabaseUtils( 2358): 	at android.app.ActivityManager.handleIncomingUser(ActivityManager.java:2038)
E/DatabaseUtils( 2358): 	at com.android.providers.settings.SettingsProvider.callFromPackage(SettingsProvider.java:607)
E/DatabaseUtils( 2358): 	at android.content.ContentProvider$Transport.call(ContentProvider.java:279)
E/DatabaseUtils( 2358): 	at android.content.ContentProviderNative.onTransact(ContentProviderNative.java:273)
E/DatabaseUtils( 2358): 	at android.os.Binder.execTransact(Binder.java:388)
E/DatabaseUtils( 2358): 	at com.android.server.SystemServer.init1(Native Method)
E/DatabaseUtils( 2358): 	at com.android.server.SystemServer.main(SystemServer.java:2012)
E/DatabaseUtils( 2358): 	at java.lang.reflect.Method.invokeNative(Native Method)
E/DatabaseUtils( 2358): 	at java.lang.reflect.Method.invoke(Method.java:525)
E/DatabaseUtils( 2358): 	at com.android.internal.os.ZygoteInit$MethodAndArgsCaller.run(ZygoteInit.java:1046)
E/DatabaseUtils( 2358): 	at com.android.internal.os.ZygoteInit.main(ZygoteInit.java:862)
E/DatabaseUtils( 2358): 	at dalvik.system.NativeStart.main(Native Method)
I/AudioPolicyManagerBase( 1947): getSituationVolume: isBTConnected:0 isHeadConnected:0
V/AudioPolicyManagerBase( 1947): getParamFromPolicy  deviceInt = 0, situationInt = 1, situationVolume = 0.500000
V/AudioPolicyManagerBase( 1947): getOutput() stream 1, samplingRate 0, format 0, channelMask 3, flags 0
V/AudioPolicyManagerBase( 1947): getOutputsForDevice device 0002 -> 0002
V/AudioPolicyManagerBase( 1947): getOutput() returns output 2
V/AudioPolicyManagerBase( 1947): getOutput() stream 1, samplingRate 0, format 0, channelMask 3, flags 0
V/AudioPolicyManagerBase( 1947): getOutputsForDevice device 0002 -> 0002
V/AudioPolicyManagerBase( 1947): getOutput() returns output 2
V/AudioPolicyManagerBase( 1947): getOutput() stream 1, samplingRate 44100, format 1, channelMask 3, flags 4
V/AudioPolicyManagerBase( 1947): getOutputsForDevice device 0002 -> 0002
V/AudioPolicyManagerBase( 1947): getOutput() returns output 2
V/LvOutput( 1947): initCheck: 0
V/LvOutput( 1947): attachEffects: attach processing to output 2, stream 1, session 394, mode 0
V/LvOutput( 1947): attachEffects: no output processing needs to be attached to this stream
V/LvOutput( 1947): LvOutput::setAllProcessorEnabled(false) mOutputs.size(0)
V/AudioPolicyManagerBase( 1947): startOutput() output 2, stream 1, session 394
V/AudioPolicyManagerBase( 1947): changeRefCount() stream 1, count 1
W/AudioPolicyManagerBase( 1947): stream type [13], return media strategy
W/AudioPolicyManagerBase( 1947): stream type [14], return media strategy
W/AudioPolicyManagerBase( 1947): stream type [13], return media strategy
W/AudioPolicyManagerBase( 1947): stream type [14], return media strategy
W/AudioPolicyManagerBase( 1947): stream type [13], return media strategy
W/AudioPolicyManagerBase( 1947): stream type [14], return media strategy
W/AudioPolicyManagerBase( 1947): stream type [13], return media strategy
W/AudioPolicyManagerBase( 1947): stream type [14], return media strategy
V/AudioPolicyManagerBase( 1947): getNewDevice() selected device 2
V/AudioPolicyManagerBase( 1947): setOutputDevice() output 2 device 0002 force 0 delayMs 0 
V/AudioPolicyManagerBase( 1947): setOutputDevice() prevDevice 0002
V/AudioPolicyManagerBase( 1947): setOutputDevice() setting same device 0002 or null device for output 2
V/AudioPolicyManagerBase( 1947): releaseOutput() 2
V/LvOutput( 1947): initCheck: 0
V/LvOutput( 1947): detachEffects: detach processing for output 2, stream 1, session 394
V/LvOutput( 1947): detachEffects: no output processing was attached to this stream
V/AudioPolicyManagerBase( 1947): stopOutput() output 2, stream 1, session 394
V/AudioPolicyManagerBase( 1947): changeRefCount() stream 1, count 0
W/AudioPolicyManagerBase( 1947): stream type [13], return media strategy
W/AudioPolicyManagerBase( 1947): stream type [14], return media strategy
W/AudioPolicyManagerBase( 1947): stream type [13], return media strategy
W/AudioPolicyManagerBase( 1947): stream type [14], return media strategy
W/AudioPolicyManagerBase( 1947): stream type [13], return media strategy
W/AudioPolicyManagerBase( 1947): stream type [14], return media strategy
W/AudioPolicyManagerBase( 1947): stream type [13], return media strategy
W/AudioPolicyManagerBase( 1947): stream type [14], return media strategy
W/AudioPolicyManagerBase( 1947): stream type [13], return media strategy
W/AudioPolicyManagerBase( 1947): stream type [14], return media strategy
W/AudioPolicyManagerBase( 1947): stream type [13], return media strategy
W/AudioPolicyManagerBase( 1947): stream type [14], return media strategy
V/AudioPolicyManagerBase( 1947): getNewDevice() selected device 0
V/AudioPolicyManagerBase( 1947): setOutputDevice() output 2 device 0000 force 0 delayMs 184 
V/AudioPolicyManagerBase( 1947): setOutputDevice() prevDevice 0002
W/AudioPolicyManagerBase( 1947): stream type [13], return media strategy
W/AudioPolicyManagerBase( 1947): stream type [14], return media strategy
W/AudioPolicyManagerBase( 1947): stream type [13], return media strategy
W/AudioPolicyManagerBase( 1947): stream type [14], return media strategy
V/AudioPolicyManagerBase( 1947): setOutputDevice() setting same device 0000 or null device for output 2
I/InputReader( 2358): Touch event's action is 0x0 (deviceType=0) [pCnt=1, s=0.485 ] when=927244336000
I/InputDispatcher( 2358): Delivering touch to: action: 0x0
I/InputReader( 2358): Touch event's action is 0x1 (deviceType=0) [pCnt=1, s=] when=927328312000
I/InputDispatcher( 2358): Delivering touch to: action: 0x1
E/DatabaseUtils( 2358): Writing exception to parcel
E/DatabaseUtils( 2358): java.lang.SecurityException: Permission Denial: get/set setting for user asks to run as user -2 but is calling from user 0; this requires android.permission.INTERACT_ACROSS_USERS_FULL
E/DatabaseUtils( 2358): 	at com.android.server.am.ActivityManagerService.handleIncomingUser(ActivityManagerService.java:13140)
E/DatabaseUtils( 2358): 	at android.app.ActivityManager.handleIncomingUser(ActivityManager.java:2038)
E/DatabaseUtils( 2358): 	at com.android.providers.settings.SettingsProvider.callFromPackage(SettingsProvider.java:607)
E/DatabaseUtils( 2358): 	at android.content.ContentProvider$Transport.call(ContentProvider.java:279)
E/DatabaseUtils( 2358): 	at android.content.ContentProviderNative.onTransact(ContentProviderNative.java:273)
E/DatabaseUtils( 2358): 	at android.os.Binder.execTransact(Binder.java:388)
E/DatabaseUtils( 2358): 	at dalvik.system.NativeStart.run(Native Method)
I/AudioPolicyManagerBase( 1947): getSituationVolume: isBTConnected:0 isHeadConnected:0
V/AudioPolicyManagerBase( 1947): getParamFromPolicy  deviceInt = 0, situationInt = 1, situationVolume = 0.500000
V/AudioPolicyManagerBase( 1947): getOutput() stream 1, samplingRate 0, format 0, channelMask 3, flags 0
V/AudioPolicyManagerBase( 1947): getOutputsForDevice device 0002 -> 0002
V/AudioPolicyManagerBase( 1947): getOutput() returns output 2
V/AudioPolicyManagerBase( 1947): getOutput() stream 1, samplingRate 0, format 0, channelMask 3, flags 0
V/AudioPolicyManagerBase( 1947): getOutputsForDevice device 0002 -> 0002
V/AudioPolicyManagerBase( 1947): getOutput() returns output 2
V/AudioPolicyManagerBase( 1947): getOutput() stream 1, samplingRate 44100, format 1, channelMask 3, flags 4
V/AudioPolicyManagerBase( 1947): getOutputsForDevice device 0002 -> 0002
V/AudioPolicyManagerBase( 1947): getOutput() returns output 2
V/LvOutput( 1947): initCheck: 0
V/LvOutput( 1947): attachEffects: attach processing to output 2, stream 1, session 395, mode 0
V/LvOutput( 1947): attachEffects: no output processing needs to be attached to this stream
V/LvOutput( 1947): LvOutput::setAllProcessorEnabled(false) mOutputs.size(0)
V/AudioPolicyManagerBase( 1947): startOutput() output 2, stream 1, session 395
V/AudioPolicyManagerBase( 1947): changeRefCount() stream 1, count 1
W/AudioPolicyManagerBase( 1947): stream type [13], return media strategy
W/AudioPolicyManagerBase( 1947): stream type [14], return media strategy
W/AudioPolicyManagerBase( 1947): stream type [13], return media strategy
W/AudioPolicyManagerBase( 1947): stream type [14], return media strategy
W/AudioPolicyManagerBase( 1947): stream type [13], return media strategy
W/AudioPolicyManagerBase( 1947): stream type [14], return media strategy
W/AudioPolicyManagerBase( 1947): stream type [13], return media strategy
W/AudioPolicyManagerBase( 1947): stream type [14], return media strategy
V/AudioPolicyManagerBase( 1947): getNewDevice() selected device 2
V/AudioPolicyManagerBase( 1947): setOutputDevice() output 2 device 0002 force 0 delayMs 0 
V/AudioPolicyManagerBase( 1947): setOutputDevice() prevDevice 0002
V/AudioPolicyManagerBase( 1947): setOutputDevice() setting same device 0002 or null device for output 2
V/AudioPolicyManagerBase( 1947): releaseOutput() 2
D/Appboy v1.10.0 .com.appboy.services.AppboyDataSyncService( 7252): AppboyDataSyncService requesting Appboy DataSync.
I/Appboy v1.10.0 .bo.app.x( 7252): Adding request to dispatcher with parameters: {"only_respond_with":[]}
I/Appboy v1.10.0 .bo.app.do( 7252): Short circuiting execution of network request and immediately marking it as succeeded.
V/LvOutput( 1947): initCheck: 0
V/LvOutput( 1947): detachEffects: detach processing for output 2, stream 1, session 395
V/LvOutput( 1947): detachEffects: no output processing was attached to this stream
V/AudioPolicyManagerBase( 1947): stopOutput() output 2, stream 1, session 395
V/AudioPolicyManagerBase( 1947): changeRefCount() stream 1, count 0
W/AudioPolicyManagerBase( 1947): stream type [13], return media strategy
W/AudioPolicyManagerBase( 1947): stream type [14], return media strategy
W/AudioPolicyManagerBase( 1947): stream type [13], return media strategy
W/AudioPolicyManagerBase( 1947): stream type [14], return media strategy
W/AudioPolicyManagerBase( 1947): stream type [13], return media strategy
W/AudioPolicyManagerBase( 1947): stream type [14], return media strategy
W/AudioPolicyManagerBase( 1947): stream type [13], return media strategy
W/AudioPolicyManagerBase( 1947): stream type [14], return media strategy
W/AudioPolicyManagerBase( 1947): stream type [13], return media strategy
W/AudioPolicyManagerBase( 1947): stream type [14], return media strategy
W/AudioPolicyManagerBase( 1947): stream type [13], return media strategy
W/AudioPolicyManagerBase( 1947): stream type [14], return media strategy
V/AudioPolicyManagerBase( 1947): getNewDevice() selected device 0
V/AudioPolicyManagerBase( 1947): setOutputDevice() output 2 device 0000 force 0 delayMs 184 
V/AudioPolicyManagerBase( 1947): setOutputDevice() prevDevice 0002
W/AudioPolicyManagerBase( 1947): stream type [13], return media strategy
W/AudioPolicyManagerBase( 1947): stream type [14], return media strategy
W/AudioPolicyManagerBase( 1947): stream type [13], return media strategy
W/AudioPolicyManagerBase( 1947): stream type [14], return media strategy
V/AudioPolicyManagerBase( 1947): setOutputDevice() setting same device 0000 or null device for output 2
D/dalvikvm( 7252): GC_CONCURRENT freed 2075K, 16% free 59263K/70220K, paused 13ms+11ms, total 187ms
D/dalvikvm( 7252): WAIT_FOR_CONCURRENT_GC blocked 65ms
D/dalvikvm( 7252): WAIT_FOR_CONCURRENT_GC blocked 50ms
I/InputReader( 2358): Touch event's action is 0x0 (deviceType=0) [pCnt=1, s=0.486 ] when=928943274000
I/InputDispatcher( 2358): Delivering touch to: action: 0x0
I/InputReader( 2358): Touch event's action is 0x1 (deviceType=0) [pCnt=1, s=] when=929038092000
I/InputDispatcher( 2358): Delivering touch to: action: 0x1
E/DatabaseUtils( 2358): Writing exception to parcel
E/DatabaseUtils( 2358): java.lang.SecurityException: Permission Denial: get/set setting for user asks to run as user -2 but is calling from user 0; this requires android.permission.INTERACT_ACROSS_USERS_FULL
E/DatabaseUtils( 2358): 	at com.android.server.am.ActivityManagerService.handleIncomingUser(ActivityManagerService.java:13140)
E/DatabaseUtils( 2358): 	at android.app.ActivityManager.handleIncomingUser(ActivityManager.java:2038)
E/DatabaseUtils( 2358): 	at com.android.providers.settings.SettingsProvider.callFromPackage(SettingsProvider.java:607)
E/DatabaseUtils( 2358): 	at android.content.ContentProvider$Transport.call(ContentProvider.java:279)
E/DatabaseUtils( 2358): 	at android.content.ContentProviderNative.onTransact(ContentProviderNative.java:273)
E/DatabaseUtils( 2358): 	at android.os.Binder.execTransact(Binder.java:388)
E/DatabaseUtils( 2358): 	at dalvik.system.NativeStart.run(Native Method)
I/AudioPolicyManagerBase( 1947): getSituationVolume: isBTConnected:0 isHeadConnected:0
V/AudioPolicyManagerBase( 1947): getParamFromPolicy  deviceInt = 0, situationInt = 1, situationVolume = 0.500000
V/AudioPolicyManagerBase( 1947): getOutput() stream 1, samplingRate 0, format 0, channelMask 3, flags 0
V/AudioPolicyManagerBase( 1947): getOutputsForDevice device 0002 -> 0002
V/AudioPolicyManagerBase( 1947): getOutput() returns output 2
V/AudioPolicyManagerBase( 1947): getOutput() stream 1, samplingRate 0, format 0, channelMask 3, flags 0
V/AudioPolicyManagerBase( 1947): getOutputsForDevice device 0002 -> 0002
V/AudioPolicyManagerBase( 1947): getOutput() returns output 2
V/AudioPolicyManagerBase( 1947): getOutput() stream 1, samplingRate 44100, format 1, channelMask 3, flags 4
V/AudioPolicyManagerBase( 1947): getOutputsForDevice device 0002 -> 0002
V/AudioPolicyManagerBase( 1947): getOutput() returns output 2
V/LvOutput( 1947): initCheck: 0
V/LvOutput( 1947): attachEffects: attach processing to output 2, stream 1, session 396, mode 0
V/LvOutput( 1947): attachEffects: no output processing needs to be attached to this stream
V/LvOutput( 1947): LvOutput::setAllProcessorEnabled(false) mOutputs.size(0)
V/AudioPolicyManagerBase( 1947): startOutput() output 2, stream 1, session 396
V/AudioPolicyManagerBase( 1947): changeRefCount() stream 1, count 1
W/AudioPolicyManagerBase( 1947): stream type [13], return media strategy
W/AudioPolicyManagerBase( 1947): stream type [14], return media strategy
W/AudioPolicyManagerBase( 1947): stream type [13], return media strategy
W/AudioPolicyManagerBase( 1947): stream type [14], return media strategy
W/AudioPolicyManagerBase( 1947): stream type [13], return media strategy
W/AudioPolicyManagerBase( 1947): stream type [14], return media strategy
W/AudioPolicyManagerBase( 1947): stream type [13], return media strategy
W/AudioPolicyManagerBase( 1947): stream type [14], return media strategy
V/AudioPolicyManagerBase( 1947): getNewDevice() selected device 2
V/AudioPolicyManagerBase( 1947): setOutputDevice() output 2 device 0002 force 0 delayMs 0 
V/AudioPolicyManagerBase( 1947): setOutputDevice() prevDevice 0002
V/AudioPolicyManagerBase( 1947): setOutputDevice() setting same device 0002 or null device for output 2
V/AudioPolicyManagerBase( 1947): releaseOutput() 2
V/LvOutput( 1947): initCheck: 0
V/LvOutput( 1947): detachEffects: detach processing for output 2, stream 1, session 396
V/LvOutput( 1947): detachEffects: no output processing was attached to this stream
V/AudioPolicyManagerBase( 1947): stopOutput() output 2, stream 1, session 396
V/AudioPolicyManagerBase( 1947): changeRefCount() stream 1, count 0
W/AudioPolicyManagerBase( 1947): stream type [13], return media strategy
W/AudioPolicyManagerBase( 1947): stream type [14], return media strategy
W/AudioPolicyManagerBase( 1947): stream type [13], return media strategy
W/AudioPolicyManagerBase( 1947): stream type [14], return media strategy
W/AudioPolicyManagerBase( 1947): stream type [13], return media strategy
W/AudioPolicyManagerBase( 1947): stream type [14], return media strategy
W/AudioPolicyManagerBase( 1947): stream type [13], return media strategy
W/AudioPolicyManagerBase( 1947): stream type [14], return media strategy
W/AudioPolicyManagerBase( 1947): stream type [13], return media strategy
W/AudioPolicyManagerBase( 1947): stream type [14], return media strategy
W/AudioPolicyManagerBase( 1947): stream type [13], return media strategy
W/AudioPolicyManagerBase( 1947): stream type [14], return media strategy
V/AudioPolicyManagerBase( 1947): getNewDevice() selected device 0
V/AudioPolicyManagerBase( 1947): setOutputDevice() output 2 device 0000 force 0 delayMs 184 
V/AudioPolicyManagerBase( 1947): setOutputDevice() prevDevice 0002
W/AudioPolicyManagerBase( 1947): stream type [13], return media strategy
W/AudioPolicyManagerBase( 1947): stream type [14], return media strategy
W/AudioPolicyManagerBase( 1947): stream type [13], return media strategy
W/AudioPolicyManagerBase( 1947): stream type [14], return media strategy
V/AudioPolicyManagerBase( 1947): setOutputDevice() setting same device 0000 or null device for output 2
I/InputReader( 2358): Touch event's action is 0x0 (deviceType=0) [pCnt=1, s=0.487 ] when=930780904000
I/InputDispatcher( 2358): Delivering touch to: action: 0x0
I/InputReader( 2358): Touch event's action is 0x1 (deviceType=0) [pCnt=1, s=] when=930865872000
I/InputDispatcher( 2358): Delivering touch to: action: 0x1
D/dalvikvm( 7252): GC_CONCURRENT freed 1840K, 16% free 59470K/70220K, paused 4ms+12ms, total 133ms
D/dalvikvm( 7252): WAIT_FOR_CONCURRENT_GC blocked 104ms
D/dalvikvm( 7252): WAIT_FOR_CONCURRENT_GC blocked 97ms
D/dalvikvm( 7252): WAIT_FOR_CONCURRENT_GC blocked 95ms
D/ProgressBar( 7252): setProgress = 0
D/ProgressBar( 7252): setProgress = 0, fromUser = false
D/ProgressBar( 7252): mProgress = 0mIndeterminate = false, mMin = 0, mMax = 100
D/ProgressBar( 7252): setProgress = 0
D/ProgressBar( 7252): setProgress = 0, fromUser = false
D/ProgressBar( 7252): mProgress = 0mIndeterminate = false, mMin = 0, mMax = 100
D/ProgressBar( 7252): setProgress = 0
D/ProgressBar( 7252): setProgress = 0, fromUser = false
D/ProgressBar( 7252): mProgress = 0mIndeterminate = false, mMin = 0, mMax = 100
D/ProgressBar( 7252): setProgress = 0
D/ProgressBar( 7252): setProgress = 0, fromUser = false
D/ProgressBar( 7252): mProgress = 0mIndeterminate = false, mMin = 0, mMax = 100
D/ProgressBar( 7252): setProgress = 0
D/ProgressBar( 7252): setProgress = 0, fromUser = false
D/ProgressBar( 7252): mProgress = 0mIndeterminate = false, mMin = 0, mMax = 100
D/ProgressBar( 7252): setProgress = 0
D/ProgressBar( 7252): setProgress = 0, fromUser = false
D/ProgressBar( 7252): mProgress = 0mIndeterminate = false, mMin = 0, mMax = 100
I/SurfaceFlinger( 1944): id=80 createSurf (1x1),1 flag=4, 
D/ProgressBar( 7252): updateDrawableBounds: left = 0
D/ProgressBar( 7252): updateDrawableBounds: top = 0
D/ProgressBar( 7252): updateDrawableBounds: right = 96
D/ProgressBar( 7252): updateDrawableBounds: bottom = 96
D/ProgressBar( 7252): updateDrawableBounds: left = 0
D/ProgressBar( 7252): updateDrawableBounds: top = 0
D/ProgressBar( 7252): updateDrawableBounds: right = 96
D/ProgressBar( 7252): updateDrawableBounds: bottom = 96
D/ProgressBar( 7252): updateDrawableBounds: left = 0
D/ProgressBar( 7252): updateDrawableBounds: top = 0
D/ProgressBar( 7252): updateDrawableBounds: right = 96
D/ProgressBar( 7252): updateDrawableBounds: bottom = 96
D/ProgressBar( 7252): updateDrawableBounds: left = 0
D/ProgressBar( 7252): updateDrawableBounds: top = 0
D/ProgressBar( 7252): updateDrawableBounds: right = 96
D/ProgressBar( 7252): updateDrawableBounds: bottom = 96
E/EnterpriseContainerManager( 2358): ContainerPolicy Service is not yet ready!!!
D/EnterpriseDeviceManager( 2358): ContainerId: 0
W/LicenseLogService( 2358): log() is called by non admin
D/dalvikvm( 7252): GC_FOR_ALLOC freed 981K, 15% free 59896K/70220K, paused 114ms, total 114ms
D/AudioHardwareTinyALSA( 1947): Entering AudioStreamOutALSA standby mode
I/AudioHardwareTinyALSA( 1947): Close mHandle:40009a68
I/InputReader( 2358): Touch event's action is 0x0 (deviceType=0) [pCnt=1, s=0.488 ] when=932330226000
I/InputDispatcher( 2358): Delivering touch to: action: 0x0
I/InputReader( 2358): Touch event's action is 0x1 (deviceType=0) [pCnt=1, s=] when=932394066000
I/InputDispatcher( 2358): Delivering touch to: action: 0x1
D/dalvikvm( 7252): GC_CONCURRENT freed 1038K, 14% free 60906K/70220K, paused 12ms+10ms, total 163ms
D/dalvikvm( 7252): WAIT_FOR_CONCURRENT_GC blocked 89ms
D/dalvikvm( 7252): WAIT_FOR_CONCURRENT_GC blocked 123ms
D/dalvikvm( 7252): WAIT_FOR_CONCURRENT_GC blocked 103ms
D/dalvikvm( 7252): WAIT_FOR_CONCURRENT_GC blocked 89ms
D/dalvikvm( 7252): WAIT_FOR_CONCURRENT_GC blocked 76ms
D/dalvikvm( 7252): WAIT_FOR_CONCURRENT_GC blocked 126ms
D/dalvikvm( 7252): WAIT_FOR_CONCURRENT_GC blocked 97ms
D/dalvikvm( 7252): WAIT_FOR_CONCURRENT_GC blocked 91ms
D/dalvikvm( 7252): GC_FOR_ALLOC freed 191K, 14% free 60862K/70220K, paused 109ms, total 109ms
I/dalvikvm-heap( 7252): Grow heap (frag case) to 62.687MB for 1036816-byte allocation
D/dalvikvm( 7252): GC_FOR_ALLOC freed 1K, 14% free 61873K/71236K, paused 106ms, total 106ms
I/InputReader( 2358): Touch event's action is 0x0 (deviceType=0) [pCnt=1, s=0.489 ] when=933173543000
I/InputDispatcher( 2358): Delivering touch to: action: 0x0
I/InputReader( 2358): Touch event's action is 0x1 (deviceType=0) [pCnt=1, s=] when=933236410000
I/InputDispatcher( 2358): Delivering touch to: action: 0x1
I/InputReader( 2358): Touch event's action is 0x0 (deviceType=0) [pCnt=1, s=0.490 ] when=933941978000
I/InputDispatcher( 2358): Delivering touch to: action: 0x0
I/InputReader( 2358): Touch event's action is 0x1 (deviceType=0) [pCnt=1, s=] when=933993908000
I/InputDispatcher( 2358): Delivering touch to: action: 0x1
D/dalvikvm( 7252): GC_FOR_ALLOC freed 179K, 14% free 62853K/72252K, paused 110ms, total 110ms
I/dalvikvm-heap( 7252): Grow heap (frag case) to 64.632MB for 1036816-byte allocation
D/dalvikvm( 7252): GC_FOR_ALLOC freed <1K, 13% free 63865K/73268K, paused 107ms, total 107ms
I/InputReader( 2358): Touch event's action is 0x0 (deviceType=0) [pCnt=1, s=0.491 ] when=935351419000
I/InputDispatcher( 2358): Delivering touch to: action: 0x0
I/InputReader( 2358): Touch event's action is 0x1 (deviceType=0) [pCnt=1, s=] when=935425605000
I/InputDispatcher( 2358): Delivering touch to: action: 0x1
I/InputReader( 2358): Touch event's action is 0x0 (deviceType=0) [pCnt=1, s=0.492 ] when=935938007000
I/InputDispatcher( 2358): Delivering touch to: action: 0x0
I/InputReader( 2358): Touch event's action is 0x1 (deviceType=0) [pCnt=1, s=] when=935979637000
I/InputDispatcher( 2358): Delivering touch to: action: 0x1
E/DatabaseUtils( 2358): Writing exception to parcel
E/DatabaseUtils( 2358): java.lang.SecurityException: Permission Denial: get/set setting for user asks to run as user -2 but is calling from user 0; this requires android.permission.INTERACT_ACROSS_USERS_FULL
E/DatabaseUtils( 2358): 	at com.android.server.am.ActivityManagerService.handleIncomingUser(ActivityManagerService.java:13140)
E/DatabaseUtils( 2358): 	at android.app.ActivityManager.handleIncomingUser(ActivityManager.java:2038)
E/DatabaseUtils( 2358): 	at com.android.providers.settings.SettingsProvider.callFromPackage(SettingsProvider.java:607)
E/DatabaseUtils( 2358): 	at android.content.ContentProvider$Transport.call(ContentProvider.java:279)
E/DatabaseUtils( 2358): 	at android.content.ContentProviderNative.onTransact(ContentProviderNative.java:273)
E/DatabaseUtils( 2358): 	at android.os.Binder.execTransact(Binder.java:388)
E/DatabaseUtils( 2358): 	at dalvik.system.NativeStart.run(Native Method)
I/AudioPolicyManagerBase( 1947): getSituationVolume: isBTConnected:0 isHeadConnected:0
V/AudioPolicyManagerBase( 1947): getParamFromPolicy  deviceInt = 0, situationInt = 1, situationVolume = 0.500000
V/AudioPolicyManagerBase( 1947): getOutput() stream 1, samplingRate 0, format 0, channelMask 3, flags 0
V/AudioPolicyManagerBase( 1947): getOutputsForDevice device 0002 -> 0002
V/AudioPolicyManagerBase( 1947): getOutput() returns output 2
V/AudioPolicyManagerBase( 1947): getOutput() stream 1, samplingRate 0, format 0, channelMask 3, flags 0
V/AudioPolicyManagerBase( 1947): getOutputsForDevice device 0002 -> 0002
V/AudioPolicyManagerBase( 1947): getOutput() returns output 2
V/AudioPolicyManagerBase( 1947): getOutput() stream 1, samplingRate 44100, format 1, channelMask 3, flags 4
V/AudioPolicyManagerBase( 1947): getOutputsForDevice device 0002 -> 0002
V/AudioPolicyManagerBase( 1947): getOutput() returns output 2
V/LvOutput( 1947): initCheck: 0
V/LvOutput( 1947): attachEffects: attach processing to output 2, stream 1, session 397, mode 0
V/LvOutput( 1947): attachEffects: no output processing needs to be attached to this stream
V/LvOutput( 1947): LvOutput::setAllProcessorEnabled(false) mOutputs.size(0)
V/AudioPolicyManagerBase( 1947): startOutput() output 2, stream 1, session 397
V/AudioPolicyManagerBase( 1947): changeRefCount() stream 1, count 1
W/AudioPolicyManagerBase( 1947): stream type [13], return media strategy
W/AudioPolicyManagerBase( 1947): stream type [14], return media strategy
W/AudioPolicyManagerBase( 1947): stream type [13], return media strategy
W/AudioPolicyManagerBase( 1947): stream type [14], return media strategy
W/AudioPolicyManagerBase( 1947): stream type [13], return media strategy
W/AudioPolicyManagerBase( 1947): stream type [14], return media strategy
W/AudioPolicyManagerBase( 1947): stream type [13], return media strategy
W/AudioPolicyManagerBase( 1947): stream type [14], return media strategy
V/AudioPolicyManagerBase( 1947): getNewDevice() selected device 2
V/AudioPolicyManagerBase( 1947): setOutputDevice() output 2 device 0002 force 0 delayMs 0 
V/AudioPolicyManagerBase( 1947): setOutputDevice() prevDevice 0002
V/AudioPolicyManagerBase( 1947): setOutputDevice() setting same device 0002 or null device for output 2
V/AudioPolicyManagerBase( 1947): releaseOutput() 2
I/AudioHardwareTinyALSA( 1947): AudioStreamOutALSA::write setDevice
D/AudioHardwareTinyALSA( 1947): OutALSA::setDevice: mode = 0, newDevice=0x2, currentDevice=0x2 ,force= 0
D/AudioHardwareTinyALSA( 1947): OutALSA::setDevice: mDevice 0x2, newDevice = 0x2
D/AudioHardwareTinyALSA( 1947): setOutputVolume
D/TinyUCM ( 1947): setModifier Normal, en=1
I/AudioHardwareTinyALSA( 1947): OutALSA::setDevice: mHandle NULL mode[0], Device[00000002] 
I/AudioHardwareTinyALSA( 1947): Open: mDefaults->direction=0 device=0
D/AudioHardwareTinyALSA( 1947): Channel: 2, Samplerate: 44100, Format: 0, Peroid Size: 1024, Period Count: 4
I/AudioHardwareTinyALSA( 1947): before pcm_prepare
D/AudioHardwareTinyALSA( 1947): setPcmInterface: Stream=0x1, iSamplerate=8000++
D/AudioHardwareTinyALSA( 1947): setPcmInterface--
V/LvOutput( 1947): initCheck: 0
V/LvOutput( 1947): detachEffects: detach processing for output 2, stream 1, session 397
V/LvOutput( 1947): detachEffects: no output processing was attached to this stream
V/AudioPolicyManagerBase( 1947): stopOutput() output 2, stream 1, session 397
V/AudioPolicyManagerBase( 1947): changeRefCount() stream 1, count 0
W/AudioPolicyManagerBase( 1947): stream type [13], return media strategy
W/AudioPolicyManagerBase( 1947): stream type [14], return media strategy
W/AudioPolicyManagerBase( 1947): stream type [13], return media strategy
W/AudioPolicyManagerBase( 1947): stream type [14], return media strategy
W/AudioPolicyManagerBase( 1947): stream type [13], return media strategy
W/AudioPolicyManagerBase( 1947): stream type [14], return media strategy
W/AudioPolicyManagerBase( 1947): stream type [13], return media strategy
W/AudioPolicyManagerBase( 1947): stream type [14], return media strategy
W/AudioPolicyManagerBase( 1947): stream type [13], return media strategy
W/AudioPolicyManagerBase( 1947): stream type [14], return media strategy
W/AudioPolicyManagerBase( 1947): stream type [13], return media strategy
W/AudioPolicyManagerBase( 1947): stream type [14], return media strategy
V/AudioPolicyManagerBase( 1947): getNewDevice() selected device 0
V/AudioPolicyManagerBase( 1947): setOutputDevice() output 2 device 0000 force 0 delayMs 184 
V/AudioPolicyManagerBase( 1947): setOutputDevice() prevDevice 0002
W/AudioPolicyManagerBase( 1947): stream type [13], return media strategy
W/AudioPolicyManagerBase( 1947): stream type [14], return media strategy
W/AudioPolicyManagerBase( 1947): stream type [13], return media strategy
W/AudioPolicyManagerBase( 1947): stream type [14], return media strategy
V/AudioPolicyManagerBase( 1947): setOutputDevice() setting same device 0000 or null device for output 2
I/SurfaceFlinger( 1944): id=80 Removed  (4/5)
I/SurfaceFlinger( 1944): id=80 Removed  (-2/5)
E/EnterpriseContainerManager( 2358): ContainerPolicy Service is not yet ready!!!
D/EnterpriseDeviceManager( 2358): ContainerId: 0
W/LicenseLogService( 2358): log() is called by non admin
E/ViewRootImpl( 7252): sendUserActionEvent() mView == null
D/DataRouter( 1937): After the usb select
D/DataRouter( 1937): read length is zero
D/DataRouter( 1937): dr_usb_deinit
D/DataRouter( 1937): dr_usb_init
E/DataRouter( 1937): USB Interface is open with 0x7
D/DataRouter( 1937): USB interface is now configured for usb_fd = 0x7
D/DataRouter( 1937): pcsyncreset
E/DTT     ( 1940): [DR->DTT]Received data notification
D/connfw  ( 1942): [DR->CONNFW]Received data notification
E/MTPRx   ( 8774): state from USB_STATE eventDISCONNECTED
D/Kies    ( 1938): [DR->KIES]Received data notification
D/Kies    ( 1938): dr_process_kies_app(0)
D/Kies    ( 1938): intent start
D/Kies    ( 1938): pid init
D/Kies    ( 1938): execretrun init
D/Kies    ( 1938): fork success
D/Kies    ( 1938): child pid = 9951.
D/Kies    ( 1938): child get
D/Kies    ( 1938): process kill start
D/Kies    ( 9951): fork success
D/Kies    ( 9951): child pid = 0.
D/Kies    ( 9951): child get
D/Kies    ( 9951): execute sh.
E/        ( 8774): read error [0] [Success]
W/MTPRx   ( 8774): notification from stack 21
E/MTPRx   ( 8774): Read Error Came false
E/MTPRx   ( 8774): /data/data/com.samsung.android.MtpApplication/gadgetDisconnectAndConnect.txt: open failed: ENOENT (No such file or directory)
E/MTPRx   ( 8774): stop observing and calling usbRemoved 
W/MTPRx   ( 8774): MTP_RUNNING_STATUS = 1
E/MTPRx   ( 8774):  sendbooster is false!
E/MTPRx   ( 8774): In usbRemoved Status bar enabled
E/MTPRx   ( 8774): Sending Broadcast
E/MtpService( 8774): onDestroy.
E/MtpService( 8774): Unregister Mtp disable Receiver
E/MtpService( 8774): Receiver not registered: com.samsung.android.MtpApplication.MtpService$1@428f4030
E/MtpService( 8774): unregistering mtpMediaReceiver in UnregisterAllIntent
E/MtpService( 8774): Receiver not registered: com.samsung.android.MtpApplication.MtpService$2@428f42f8
E/MTPJNIInterface( 8774): noti = 3
D/        ( 8774): USB_MTP_ENABLED AND usb_ptp_enabled!
D/        ( 8774): __mtp_handler_eh_notify: USB plugged out.
D/        ( 8774): [__mtp_handler_eh_notify:604] is_connected = 1 and is_enumeration_finished = 1
D/        ( 8774):  [__mtp_handler_eh_notify:645] Enumeration is Complete and hence exiting the Mtp App 
D/        ( 8774): gbin_sem_mtp semphore destroy successful
D/        ( 8774): [__mtp_handler_eh_notify:680] sending event to event handler thread to close...
D/        ( 8774): [__mtp_handler_eh_notify:689] starting mtp_deinitialize() ...
D/        ( 8774):  cleaning MP3 properties
D/        ( 8774):  cleaning WMA properties
D/        ( 8774):  cleaning WMV properties
D/        ( 8774):  cleaning ALBUM properties
D/        ( 8774):  cleaning default properties
D/        ( 8774): [__mtp_handler_eh_notify:714] Checking for MMC_INSERTED and kill data threads ...
D/        ( 8774): [__mtp_handler_eh_notify:725] calling mtp_g_fs_mtp_init() ...
D/        ( 8774):  ************** In mtp_g_fs_mtp_init to kill the threads
D/        ( 8774): [mtp_g_fs_mtp_init] ********* gfs_mode = 0 mtp_clean_usb_driver  
D/        ( 8774): [mtp_g_fs_mtp_init] ************ Calling mtp_usb_mtp_finalize fn
E/        ( 8774): ****** [mtp_usb_mtp_finalize] mtp_close_fd Calling 
E/        ( 8774): [mtp_close_fd]  fd = 53...
E/        ( 8774): [mtp_close_fd] USB endpoint [53] closed...
E/        ( 8774): ****** [mtp_usb_mtp_finalize] Updating the gInitializeFlag Flag to FALSE 
E/        ( 8774): ****** [mtp_usb_mtp_finalize] Calling mtp_stop_io 
D/        ( 8774): mtp_stop_io going to kill source thread, th_source value = 1
D/MediaScanner( 3968): MediaScanner - mSkipList ()
D/MediaScanner( 3968): Constructor set externalStorageSdPath : /storage/extSdCard
W/LicenseLogService( 2358): log() is called by non admin
W/LicenseLogService( 2358): log() is called by non admin
D/PackageManager( 2358): queryIntentReceivers - Execution time: 183 ms
D/Appboy v1.10.0 .com.appboy.services.AppboyDataSyncService( 7252): AppboyDataSyncService requesting Appboy DataSync.
I/Appboy v1.10.0 .bo.app.x( 7252): Adding request to dispatcher with parameters: {"only_respond_with":[]}
I/InputReader( 2358): Touch event's action is 0x0 (deviceType=0) [pCnt=1, s=0.493 ] when=937519479000
I/InputDispatcher( 2358): Delivering touch to: action: 0x0
I/InputReader( 2358): Touch event's action is 0x1 (deviceType=0) [pCnt=1, s=] when=937668245000
I/InputDispatcher( 2358): Delivering touch to: action: 0x1
E/DatabaseUtils( 2358): Writing exception to parcel
E/DatabaseUtils( 2358): java.lang.SecurityException: Permission Denial: get/set setting for user asks to run as user -2 but is calling from user 0; this requires android.permission.INTERACT_ACROSS_USERS_FULL
E/DatabaseUtils( 2358): 	at com.android.server.am.ActivityManagerService.handleIncomingUser(ActivityManagerService.java:13140)
E/DatabaseUtils( 2358): 	at android.app.ActivityManager.handleIncomingUser(ActivityManager.java:2038)
E/DatabaseUtils( 2358): 	at com.android.providers.settings.SettingsProvider.callFromPackage(SettingsProvider.java:607)
E/DatabaseUtils( 2358): 	at android.content.ContentProvider$Transport.call(ContentProvider.java:279)
E/DatabaseUtils( 2358): 	at android.content.ContentProviderNative.onTransact(ContentProviderNative.java:273)
E/DatabaseUtils( 2358): 	at android.os.Binder.execTransact(Binder.java:388)
E/DatabaseUtils( 2358): 	at dalvik.system.NativeStart.run(Native Method)
I/AudioPolicyManagerBase( 1947): getSituationVolume: isBTConnected:0 isHeadConnected:0
V/AudioPolicyManagerBase( 1947): getParamFromPolicy  deviceInt = 0, situationInt = 1, situationVolume = 0.500000
V/AudioPolicyManagerBase( 1947): getOutput() stream 1, samplingRate 0, format 0, channelMask 3, flags 0
V/AudioPolicyManagerBase( 1947): getOutputsForDevice device 0002 -> 0002
V/AudioPolicyManagerBase( 1947): getOutput() returns output 2
V/AudioPolicyManagerBase( 1947): getOutput() stream 1, samplingRate 0, format 0, channelMask 3, flags 0
V/AudioPolicyManagerBase( 1947): getOutputsForDevice device 0002 -> 0002
V/AudioPolicyManagerBase( 1947): getOutput() returns output 2
V/AudioPolicyManagerBase( 1947): getOutput() stream 1, samplingRate 44100, format 1, channelMask 3, flags 4
V/AudioPolicyManagerBase( 1947): getOutputsForDevice device 0002 -> 0002
V/AudioPolicyManagerBase( 1947): getOutput() returns output 2
V/LvOutput( 1947): initCheck: 0
V/LvOutput( 1947): attachEffects: attach processing to output 2, stream 1, session 398, mode 0
V/LvOutput( 1947): attachEffects: no output processing needs to be attached to this stream
V/LvOutput( 1947): LvOutput::setAllProcessorEnabled(false) mOutputs.size(0)
V/AudioPolicyManagerBase( 1947): startOutput() output 2, stream 1, session 398
V/AudioPolicyManagerBase( 1947): changeRefCount() stream 1, count 1
W/AudioPolicyManagerBase( 1947): stream type [13], return media strategy
W/AudioPolicyManagerBase( 1947): stream type [14], return media strategy
W/AudioPolicyManagerBase( 1947): stream type [13], return media strategy
W/AudioPolicyManagerBase( 1947): stream type [14], return media strategy
W/AudioPolicyManagerBase( 1947): stream type [13], return media strategy
W/AudioPolicyManagerBase( 1947): stream type [14], return media strategy
W/AudioPolicyManagerBase( 1947): stream type [13], return media strategy
W/AudioPolicyManagerBase( 1947): stream type [14], return media strategy
V/AudioPolicyManagerBase( 1947): getNewDevice() selected device 2
V/AudioPolicyManagerBase( 1947): setOutputDevice() output 2 device 0002 force 0 delayMs 0 
V/AudioPolicyManagerBase( 1947): setOutputDevice() prevDevice 0002
V/AudioPolicyManagerBase( 1947): setOutputDevice() setting same device 0002 or null device for output 2
V/AudioPolicyManagerBase( 1947): releaseOutput() 2
I/iu.UploadsManager( 3153): End new media; added: 0, uploading: 0, time: 585 ms
I/InputReader( 2358): Touch event's action is 0x0 (deviceType=0) [pCnt=1, s=0.494 ] when=937753542000
I/InputDispatcher( 2358): Delivering touch to: action: 0x0
I/InputReader( 2358): Touch event's action is 0x1 (deviceType=0) [pCnt=1, s=] when=937858775000
I/InputDispatcher( 2358): Delivering touch to: action: 0x1
E/DatabaseUtils( 2358): Writing exception to parcel
E/DatabaseUtils( 2358): java.lang.SecurityException: Permission Denial: get/set setting for user asks to run as user -2 but is calling from user 0; this requires android.permission.INTERACT_ACROSS_USERS_FULL
E/DatabaseUtils( 2358): 	at com.android.server.am.ActivityManagerService.handleIncomingUser(ActivityManagerService.java:13140)
E/DatabaseUtils( 2358): 	at android.app.ActivityManager.handleIncomingUser(ActivityManager.java:2038)
E/DatabaseUtils( 2358): 	at com.android.providers.settings.SettingsProvider.callFromPackage(SettingsProvider.java:607)
E/DatabaseUtils( 2358): 	at android.content.ContentProvider$Transport.call(ContentProvider.java:279)
E/DatabaseUtils( 2358): 	at android.content.ContentProviderNative.onTransact(ContentProviderNative.java:273)
E/DatabaseUtils( 2358): 	at android.os.Binder.execTransact(Binder.java:388)
E/DatabaseUtils( 2358): 	at dalvik.system.NativeStart.run(Native Method)
I/AudioPolicyManagerBase( 1947): getSituationVolume: isBTConnected:0 isHeadConnected:0
V/AudioPolicyManagerBase( 1947): getParamFromPolicy  deviceInt = 0, situationInt = 1, situationVolume = 0.500000
V/AudioPolicyManagerBase( 1947): getOutput() stream 1, samplingRate 0, format 0, channelMask 3, flags 0
V/AudioPolicyManagerBase( 1947): getOutputsForDevice device 0002 -> 0002
V/AudioPolicyManagerBase( 1947): getOutput() returns output 2
V/AudioPolicyManagerBase( 1947): getOutput() stream 1, samplingRate 0, format 0, channelMask 3, flags 0
V/AudioPolicyManagerBase( 1947): getOutputsForDevice device 0002 -> 0002
V/AudioPolicyManagerBase( 1947): getOutput() returns output 2
V/AudioPolicyManagerBase( 1947): getOutput() stream 1, samplingRate 44100, format 1, channelMask 3, flags 4
V/AudioPolicyManagerBase( 1947): getOutputsForDevice device 0002 -> 0002
V/AudioPolicyManagerBase( 1947): getOutput() returns output 2
V/LvOutput( 1947): initCheck: 0
V/LvOutput( 1947): attachEffects: attach processing to output 2, stream 1, session 399, mode 0
V/LvOutput( 1947): attachEffects: no output processing needs to be attached to this stream
V/LvOutput( 1947): LvOutput::setAllProcessorEnabled(false) mOutputs.size(0)
V/AudioPolicyManagerBase( 1947): startOutput() output 2, stream 1, session 399
V/AudioPolicyManagerBase( 1947): changeRefCount() stream 1, count 2
V/AudioPolicyManagerBase( 1947): releaseOutput() 2
I/InputReader( 2358): Touch event's action is 0x0 (deviceType=0) [pCnt=1, s=0.495 ] when=937922456000
I/InputDispatcher( 2358): Delivering touch to: action: 0x0
E/MTPRx   ( 9955): In MtpReceiverandroid.hardware.usb.action.USB_STATE
E/MTPRx   ( 9955): check value of boot_completed is1
E/MTPRx   ( 9955): check booting is completed_sys.boot_completed
E/MTPRx   ( 9955): Sd-Card path/storage/extSdCard
E/MTPRx   ( 9955): Status for mount/Unmount :mounted
E/MTPRx   ( 9955): SDcard is  available
E/MTPRx   ( 9955): The value of first_boot is  1
E/MTPRx   ( 9955): [ 662] The value of first_boot is  1NORMAL SEQUENCE 
W/MTPRx   ( 9955): value of connected istrue
W/MTPRx   ( 9955): value of configured isfalse
W/MTPRx   ( 9955): value of mtpEnabled istrue
W/MTPRx   ( 9955): value of ptpEnabled isfalse
E/MTPRx   ( 9955): Received USB_STATE with sdCardLaunch = 0
W/MTPRx   ( 9955): value of usb30DelayTime is 10
E/MTPRx   ( 9955): configured is false
V/LvOutput( 1947): initCheck: 0
V/LvOutput( 1947): detachEffects: detach processing for output 2, stream 1, session 398
V/LvOutput( 1947): detachEffects: no output processing was attached to this stream
V/AudioPolicyManagerBase( 1947): stopOutput() output 2, stream 1, session 398
V/AudioPolicyManagerBase( 1947): changeRefCount() stream 1, count 1
I/InputReader( 2358): Touch event's action is 0x1 (deviceType=0) [pCnt=1, s=] when=938027505000
I/InputDispatcher( 2358): Delivering touch to: action: 0x1
I/InputReader( 2358): Touch event's action is 0x0 (deviceType=0) [pCnt=1, s=0.496 ] when=938090641000
I/InputDispatcher( 2358): Delivering touch to: action: 0x0
E/DatabaseUtils( 2358): Writing exception to parcel
E/DatabaseUtils( 2358): java.lang.SecurityException: Permission Denial: get/set setting for user asks to run as user -2 but is calling from user 0; this requires android.permission.INTERACT_ACROSS_USERS_FULL
E/DatabaseUtils( 2358): 	at com.android.server.am.ActivityManagerService.handleIncomingUser(ActivityManagerService.java:13140)
E/DatabaseUtils( 2358): 	at android.app.ActivityManager.handleIncomingUser(ActivityManager.java:2038)
E/DatabaseUtils( 2358): 	at com.android.providers.settings.SettingsProvider.callFromPackage(SettingsProvider.java:607)
E/DatabaseUtils( 2358): 	at android.content.ContentProvider$Transport.call(ContentProvider.java:279)
E/DatabaseUtils( 2358): 	at android.content.ContentProviderNative.onTransact(ContentProviderNative.java:273)
E/DatabaseUtils( 2358): 	at android.os.Binder.execTransact(Binder.java:388)
E/DatabaseUtils( 2358): 	at dalvik.system.NativeStart.run(Native Method)
I/AudioPolicyManagerBase( 1947): getSituationVolume: isBTConnected:0 isHeadConnected:0
V/AudioPolicyManagerBase( 1947): getParamFromPolicy  deviceInt = 0, situationInt = 1, situationVolume = 0.500000
V/AudioPolicyManagerBase( 1947): getOutput() stream 1, samplingRate 0, format 0, channelMask 3, flags 0
V/AudioPolicyManagerBase( 1947): getOutputsForDevice device 0002 -> 0002
V/AudioPolicyManagerBase( 1947): getOutput() returns output 2
V/AudioPolicyManagerBase( 1947): getOutput() stream 1, samplingRate 0, format 0, channelMask 3, flags 0
V/AudioPolicyManagerBase( 1947): getOutputsForDevice device 0002 -> 0002
V/AudioPolicyManagerBase( 1947): getOutput() returns output 2
V/AudioPolicyManagerBase( 1947): getOutput() stream 1, samplingRate 44100, format 1, channelMask 3, flags 4
V/AudioPolicyManagerBase( 1947): getOutputsForDevice device 0002 -> 0002
V/AudioPolicyManagerBase( 1947): getOutput() returns output 2
V/LvOutput( 1947): initCheck: 0
V/LvOutput( 1947): attachEffects: attach processing to output 2, stream 1, session 400, mode 0
V/LvOutput( 1947): attachEffects: no output processing needs to be attached to this stream
V/LvOutput( 1947): LvOutput::setAllProcessorEnabled(false) mOutputs.size(0)
V/AudioPolicyManagerBase( 1947): startOutput() output 2, stream 1, session 400
V/AudioPolicyManagerBase( 1947): changeRefCount() stream 1, count 2
V/AudioPolicyManagerBase( 1947): releaseOutput() 2
V/LvOutput( 1947): initCheck: 0
V/LvOutput( 1947): detachEffects: detach processing for output 2, stream 1, session 399
V/LvOutput( 1947): detachEffects: no output processing was attached to this stream
V/AudioPolicyManagerBase( 1947): stopOutput() output 2, stream 1, session 399
V/AudioPolicyManagerBase( 1947): changeRefCount() stream 1, count 1
I/InputReader( 2358): Touch event's action is 0x1 (deviceType=0) [pCnt=1, s=] when=938185893000
I/InputDispatcher( 2358): Delivering touch to: action: 0x1
D/TMSERVER/TMNetworkReceiver( 9973): TMNetworkReceiver.TMNetworkReceiver() Enter 1 main
D/TMSERVER/TMNetworkReceiver( 9973): TMNetworkReceiver.StartTMHandler - enter
D/TMSERVER/TMNetworkReceiver( 9973): TMNetworkReceiver.StartTMHandler - exit
D/TMSERVER/TMNetworkReceiver( 9973): TMNetworkReceiver.onReceive() Enter
D/TMSERVER/TMNetworkReceiver( 9973): TMNetworkReceiver.onReceive() Action android.hardware.usb.action.USB_STATE
